6:28:13 PM info -  [SocketServerLauncher] The GLSP server is ready to accept new client requests on port: 57670 
6:28:13 PM info -  [SocketServerLauncher] Starting GLSP server connection 
6:28:13 PM info -  [DefaultGLSPServer] Initializing server with: applicationId: 762281f5-3298-4503-bc6b-4e612d9eae82, protocolVersion: 1.0.0 
6:28:13 PM info -  [DefaultGLSPServer] Initializing client session with: clientSessionId: 'tasklist-diagram_0', diagramType: 'tasklist-diagram' 
6:28:13 PM info -  [DefaultGLSPServer] process [action=requestContextActions, clientId=tasklist-diagram_0] 
6:28:13 PM info -  [DefaultGLSPServer] process [action=requestModel, clientId=tasklist-diagram_0] 
6:28:13 PM info -  [DefaultGLSPServer] process [action=computedBounds, clientId=tasklist-diagram_0] 
6:28:13 PM info -  [DefaultGLSPServer] process [action=requestTypeHints, clientId=tasklist-diagram_0] 
6:28:15 PM info -  [DefaultGLSPServer] process [action=compound, clientId=tasklist-diagram_0] 
6:28:15 PM info -  [DefaultGLSPServer] process [action=computedBounds, clientId=tasklist-diagram_0] 
6:28:15 PM info -  [DefaultGLSPServer] process [action=requestPopupModel, clientId=tasklist-diagram_0] 
6:28:15 PM warn -  [RequestPopupModelActionHandler] Could not process `RequestPopupModelAction`. No `PopupModelFactory` is bound 
6:28:15 PM info -  [DefaultGLSPServer] process [action=compound, clientId=tasklist-diagram_0] 
6:28:15 PM info -  [DefaultGLSPServer] process [action=computedBounds, clientId=tasklist-diagram_0] 
6:28:17 PM info -  [DefaultGLSPServer] process [action=saveModel, clientId=tasklist-diagram_0] 
6:28:17 PM info -  [DefaultGLSPServer] process [action=requestPopupModel, clientId=tasklist-diagram_0] 
6:28:17 PM warn -  [RequestPopupModelActionHandler] Could not process `RequestPopupModelAction`. No `PopupModelFactory` is bound 
6:28:20 PM info -  [DefaultGLSPServer] process [action=compound, clientId=tasklist-diagram_0] 
6:28:20 PM info -  [DefaultGLSPServer] process [action=computedBounds, clientId=tasklist-diagram_0] 
6:28:21 PM info -  [DefaultGLSPServer] process [action=saveModel, clientId=tasklist-diagram_0] 
6:28:25 PM info -  [DefaultGLSPServer] process [action=compound, clientId=tasklist-diagram_0] 
6:28:25 PM info -  [DefaultGLSPServer] process [action=computedBounds, clientId=tasklist-diagram_0] 
6:28:25 PM info -  [DefaultGLSPServer] process [action=compound, clientId=tasklist-diagram_0] 
6:28:26 PM info -  [DefaultGLSPServer] process [action=computedBounds, clientId=tasklist-diagram_0] 
6:28:27 PM info -  [DefaultGLSPServer] process [action=saveModel, clientId=tasklist-diagram_0] 
6:28:27 PM info -  [DefaultGLSPServer] process [action=changeBounds, clientId=tasklist-diagram_0] 
6:28:27 PM info -  [DefaultGLSPServer] process [action=computedBounds, clientId=tasklist-diagram_0] 
6:28:28 PM info -  [DefaultGLSPServer] process [action=compound, clientId=tasklist-diagram_0] 
6:28:28 PM info -  [DefaultGLSPServer] process [action=computedBounds, clientId=tasklist-diagram_0] 
6:28:29 PM info -  [DefaultGLSPServer] process [action=saveModel, clientId=tasklist-diagram_0] 
6:28:30 PM info -  [DefaultGLSPServer] process [action=compound, clientId=tasklist-diagram_0] 
6:28:30 PM info -  [DefaultGLSPServer] process [action=computedBounds, clientId=tasklist-diagram_0] 
6:28:31 PM info -  [DefaultGLSPServer] process [action=changeBounds, clientId=tasklist-diagram_0] 
6:28:31 PM info -  [DefaultGLSPServer] process [action=computedBounds, clientId=tasklist-diagram_0] 
6:28:32 PM info -  [DefaultGLSPServer] process [action=saveModel, clientId=tasklist-diagram_0] 
6:28:32 PM info -  [DefaultGLSPServer] process [action=changeBounds, clientId=tasklist-diagram_0] 
6:28:32 PM info -  [DefaultGLSPServer] process [action=computedBounds, clientId=tasklist-diagram_0] 
6:28:33 PM info -  [DefaultGLSPServer] process [action=compound, clientId=tasklist-diagram_0] 
6:28:33 PM info -  [DefaultGLSPServer] process [action=computedBounds, clientId=tasklist-diagram_0] 
6:28:34 PM info -  [DefaultGLSPServer] process [action=compound, clientId=tasklist-diagram_0] 
6:28:34 PM info -  [DefaultGLSPServer] process [action=computedBounds, clientId=tasklist-diagram_0] 
6:28:34 PM info -  [DefaultGLSPServer] process [action=compound, clientId=tasklist-diagram_0] 
6:28:35 PM info -  [DefaultGLSPServer] process [action=computedBounds, clientId=tasklist-diagram_0] 
6:28:36 PM info -  [DefaultGLSPServer] process [action=saveModel, clientId=tasklist-diagram_0] 
6:28:36 PM info -  [DefaultGLSPServer] process [action=requestEditValidation, clientId=tasklist-diagram_0] 
6:28:36 PM info -  [DefaultGLSPServer] process [action=applyLabelEdit, clientId=tasklist-diagram_0] 
6:28:36 PM info -  [DefaultGLSPServer] process [action=computedBounds, clientId=tasklist-diagram_0] 
6:28:36 PM info -  [DefaultGLSPServer] process [action=requestEditValidation, clientId=tasklist-diagram_0] 
6:28:37 PM info -  [DefaultGLSPServer] process [action=saveModel, clientId=tasklist-diagram_0] 
6:28:37 PM info -  [DefaultGLSPServer] process [action=compound, clientId=tasklist-diagram_0] 
6:28:37 PM info -  [DefaultGLSPServer] process [action=computedBounds, clientId=tasklist-diagram_0] 
6:28:38 PM info -  [DefaultGLSPServer] process [action=compound, clientId=tasklist-diagram_0] 
6:28:38 PM info -  [DefaultGLSPServer] process [action=computedBounds, clientId=tasklist-diagram_0] 
6:28:39 PM info -  [DefaultGLSPServer] process [action=saveModel, clientId=tasklist-diagram_0] 
6:28:39 PM info -  [DefaultGLSPServer] process [action=requestPopupModel, clientId=tasklist-diagram_0] 
6:28:39 PM warn -  [RequestPopupModelActionHandler] Could not process `RequestPopupModelAction`. No `PopupModelFactory` is bound 
6:28:40 PM info -  [DefaultGLSPServer] process [action=compound, clientId=tasklist-diagram_0] 
6:28:40 PM info -  [DefaultGLSPServer] process [action=computedBounds, clientId=tasklist-diagram_0] 
6:28:41 PM info -  [DefaultGLSPServer] process [action=saveModel, clientId=tasklist-diagram_0] 
