4:00:57 PM info -  [SocketServerLauncher] The GLSP server is ready to accept new client requests on port: 56600 
4:00:57 PM info -  [SocketServerLauncher] Starting GLSP server connection 
4:00:57 PM info -  [DefaultGLSPServer] Initializing server with: applicationId: fd8ffe50-eb3f-42ad-99bc-7e7d4a6266aa, protocolVersion: 1.0.0 
4:00:58 PM info -  [DefaultGLSPServer] Initializing client session with: clientSessionId: 'tasklist-diagram_0', diagramType: 'tasklist-diagram' 
4:00:58 PM info -  [DefaultGLSPServer] process [action=requestContextActions, clientId=tasklist-diagram_0] 
4:00:58 PM info -  [DefaultGLSPServer] process [action=requestModel, clientId=tasklist-diagram_0] 
4:00:58 PM info -  [DefaultGLSPServer] process [action=computedBounds, clientId=tasklist-diagram_0] 
4:00:58 PM info -  [DefaultGLSPServer] process [action=requestTypeHints, clientId=tasklist-diagram_0] 
4:00:59 PM info -  [DefaultGLSPServer] process [action=compound, clientId=tasklist-diagram_0] 
4:00:59 PM info -  [DefaultGLSPServer] process [action=computedBounds, clientId=tasklist-diagram_0] 
4:01:01 PM info -  [DefaultGLSPServer] process [action=saveModel, clientId=tasklist-diagram_0] 
4:01:05 PM info -  [DefaultGLSPServer] process [action=compound, clientId=tasklist-diagram_0] 
4:01:05 PM info -  [DefaultGLSPServer] process [action=computedBounds, clientId=tasklist-diagram_0] 
4:01:06 PM info -  [DefaultGLSPServer] process [action=requestPopupModel, clientId=tasklist-diagram_0] 
4:01:06 PM warn -  [RequestPopupModelActionHandler] Could not process `RequestPopupModelAction`. No `PopupModelFactory` is bound 
4:01:06 PM info -  [DefaultGLSPServer] process [action=saveModel, clientId=tasklist-diagram_0] 
4:01:06 PM info -  [DefaultGLSPServer] process [action=compound, clientId=tasklist-diagram_0] 
4:01:06 PM info -  [DefaultGLSPServer] process [action=computedBounds, clientId=tasklist-diagram_0] 
4:01:07 PM info -  [DefaultGLSPServer] process [action=saveModel, clientId=tasklist-diagram_0] 
4:01:07 PM info -  [DefaultGLSPServer] process [action=compound, clientId=tasklist-diagram_0] 
4:01:07 PM info -  [DefaultGLSPServer] process [action=computedBounds, clientId=tasklist-diagram_0] 
4:01:08 PM info -  [DefaultGLSPServer] process [action=saveModel, clientId=tasklist-diagram_0] 
4:01:08 PM info -  [DefaultGLSPServer] process [action=compound, clientId=tasklist-diagram_0] 
4:01:08 PM info -  [DefaultGLSPServer] process [action=computedBounds, clientId=tasklist-diagram_0] 
4:01:09 PM info -  [DefaultGLSPServer] process [action=saveModel, clientId=tasklist-diagram_0] 
4:01:10 PM info -  [DefaultGLSPServer] process [action=compound, clientId=tasklist-diagram_0] 
4:01:10 PM info -  [DefaultGLSPServer] process [action=computedBounds, clientId=tasklist-diagram_0] 
4:01:11 PM info -  [DefaultGLSPServer] process [action=saveModel, clientId=tasklist-diagram_0] 
4:01:12 PM info -  [DefaultGLSPServer] process [action=compound, clientId=tasklist-diagram_0] 
4:01:12 PM info -  [DefaultGLSPServer] process [action=computedBounds, clientId=tasklist-diagram_0] 
4:01:13 PM info -  [DefaultGLSPServer] process [action=saveModel, clientId=tasklist-diagram_0] 
4:01:14 PM info -  [DefaultGLSPServer] process [action=requestPopupModel, clientId=tasklist-diagram_0] 
4:01:14 PM warn -  [RequestPopupModelActionHandler] Could not process `RequestPopupModelAction`. No `PopupModelFactory` is bound 
4:02:20 PM info -  [DefaultGLSPServer] process [action=compound, clientId=tasklist-diagram_0] 
4:02:20 PM info -  [DefaultGLSPServer] process [action=computedBounds, clientId=tasklist-diagram_0] 
4:02:21 PM info -  [DefaultGLSPServer] process [action=saveModel, clientId=tasklist-diagram_0] 
4:02:27 PM info -  [DefaultGLSPServer] process [action=compound, clientId=tasklist-diagram_0] 
4:02:27 PM info -  [DefaultGLSPServer] process [action=computedBounds, clientId=tasklist-diagram_0] 
4:02:28 PM info -  [DefaultGLSPServer] process [action=saveModel, clientId=tasklist-diagram_0] 
4:05:39 PM info -  [DefaultGLSPServer] process [action=compound, clientId=tasklist-diagram_0] 
4:05:39 PM info -  [DefaultGLSPServer] process [action=computedBounds, clientId=tasklist-diagram_0] 
4:05:40 PM info -  [DefaultGLSPServer] process [action=saveModel, clientId=tasklist-diagram_0] 
4:05:41 PM info -  [DefaultGLSPServer] process [action=compound, clientId=tasklist-diagram_0] 
4:05:41 PM info -  [DefaultGLSPServer] process [action=computedBounds, clientId=tasklist-diagram_0] 
4:05:42 PM info -  [DefaultGLSPServer] process [action=requestPopupModel, clientId=tasklist-diagram_0] 
4:05:42 PM warn -  [RequestPopupModelActionHandler] Could not process `RequestPopupModelAction`. No `PopupModelFactory` is bound 
4:05:42 PM info -  [DefaultGLSPServer] process [action=saveModel, clientId=tasklist-diagram_0] 
4:05:45 PM info -  [DefaultGLSPServer] process [action=compound, clientId=tasklist-diagram_0] 
4:05:45 PM info -  [DefaultGLSPServer] process [action=computedBounds, clientId=tasklist-diagram_0] 
4:05:46 PM info -  [DefaultGLSPServer] process [action=saveModel, clientId=tasklist-diagram_0] 
