4:44:09 PM info -  [SocketServerLauncher] The GLSP server is ready to accept new client requests on port: 57121 
4:44:09 PM warn -  [OperationHandlerRegistry] Could not register key-value pair. Key is already registered {
    "key": "changeBounds",
    "value": {
        "operationType": "changeBounds",
        "modelState": {
            "properties": {},
            "editMode": "editable",
            "index": {
                "idToElement": {},
                "typeToElements": {},
                "idToTaskListElements": {}
            },
            "serializer": {
                "reservedKeys": [
                    "children",
                    "parent",
                    "index",
                    "source",
                    "target"
                ],
                "diagramConfiguration": {
                    "layoutKind": 1,
                    "needsClientLayout": true,
                    "animatedUpdate": true
                }
            },
            "clientId": "tempId"
        }
    }
}
4:44:09 PM info -  [SocketServerLauncher] Starting GLSP server connection 
4:44:09 PM info -  [DefaultGLSPServer] Initializing server with: applicationId: aa72eb01-b4a9-4a2c-b437-80f83b483a8e, protocolVersion: 1.0.0 
4:44:10 PM info -  [DefaultGLSPServer] Initializing client session with: clientSessionId: 'tasklist-diagram_0', diagramType: 'tasklist-diagram' 
4:44:10 PM warn -  [OperationHandlerRegistry] Could not register key-value pair. Key is already registered {
    "key": "changeBounds",
    "value": {
        "operationType": "changeBounds",
        "modelState": {
            "properties": {},
            "editMode": "editable",
            "index": {
                "idToElement": {},
                "typeToElements": {},
                "idToTaskListElements": {}
            },
            "serializer": {
                "reservedKeys": [
                    "children",
                    "parent",
                    "index",
                    "source",
                    "target"
                ],
                "diagramConfiguration": {
                    "layoutKind": 1,
                    "needsClientLayout": true,
                    "animatedUpdate": true
                }
            },
            "clientId": "tasklist-diagram_0"
        }
    }
}
4:44:10 PM info -  [DefaultGLSPServer] process [action=requestContextActions, clientId=tasklist-diagram_0] 
4:44:10 PM info -  [DefaultGLSPServer] process [action=requestModel, clientId=tasklist-diagram_0] 
4:44:10 PM info -  [DefaultGLSPServer] process [action=computedBounds, clientId=tasklist-diagram_0] 
4:44:10 PM info -  [DefaultGLSPServer] process [action=requestTypeHints, clientId=tasklist-diagram_0] 
4:44:14 PM info -  [DefaultGLSPServer] process [action=requestPopupModel, clientId=tasklist-diagram_0] 
4:44:14 PM warn -  [RequestPopupModelActionHandler] Could not process `RequestPopupModelAction`. No `PopupModelFactory` is bound 
4:44:21 PM info -  [DefaultGLSPServer] process [action=requestPopupModel, clientId=tasklist-diagram_0] 
4:44:21 PM warn -  [RequestPopupModelActionHandler] Could not process `RequestPopupModelAction`. No `PopupModelFactory` is bound 
4:44:23 PM info -  [DefaultGLSPServer] process [action=requestPopupModel, clientId=tasklist-diagram_0] 
4:44:23 PM warn -  [RequestPopupModelActionHandler] Could not process `RequestPopupModelAction`. No `PopupModelFactory` is bound 
4:44:26 PM info -  [DefaultGLSPServer] process [action=compound, clientId=tasklist-diagram_0] 
4:44:26 PM info -  [DefaultGLSPServer] process [action=computedBounds, clientId=tasklist-diagram_0] 
4:44:27 PM info -  [DefaultGLSPServer] process [action=saveModel, clientId=tasklist-diagram_0] 
4:44:48 PM info -  [DefaultGLSPServer] process [action=compound, clientId=tasklist-diagram_0] 
4:44:48 PM info -  [DefaultGLSPServer] process [action=computedBounds, clientId=tasklist-diagram_0] 
4:44:49 PM info -  [DefaultGLSPServer] process [action=saveModel, clientId=tasklist-diagram_0] 
4:44:51 PM info -  [DefaultGLSPServer] process [action=compound, clientId=tasklist-diagram_0] 
4:44:51 PM info -  [DefaultGLSPServer] process [action=computedBounds, clientId=tasklist-diagram_0] 
4:44:52 PM info -  [DefaultGLSPServer] process [action=saveModel, clientId=tasklist-diagram_0] 
4:44:56 PM info -  [DefaultGLSPServer] process [action=requestPopupModel, clientId=tasklist-diagram_0] 
4:44:56 PM warn -  [RequestPopupModelActionHandler] Could not process `RequestPopupModelAction`. No `PopupModelFactory` is bound 
4:44:57 PM info -  [DefaultGLSPServer] process [action=compound, clientId=tasklist-diagram_0] 
4:44:57 PM info -  [DefaultGLSPServer] process [action=computedBounds, clientId=tasklist-diagram_0] 
4:44:58 PM info -  [DefaultGLSPServer] process [action=saveModel, clientId=tasklist-diagram_0] 
4:44:58 PM info -  [DefaultGLSPServer] process [action=requestPopupModel, clientId=tasklist-diagram_0] 
4:44:58 PM warn -  [RequestPopupModelActionHandler] Could not process `RequestPopupModelAction`. No `PopupModelFactory` is bound 
4:45:06 PM info -  [DefaultGLSPServer] process [action=compound, clientId=tasklist-diagram_0] 
4:45:06 PM info -  [DefaultGLSPServer] process [action=computedBounds, clientId=tasklist-diagram_0] 
4:45:07 PM info -  [DefaultGLSPServer] process [action=saveModel, clientId=tasklist-diagram_0] 
4:45:08 PM info -  [DefaultGLSPServer] process [action=compound, clientId=tasklist-diagram_0] 
4:45:08 PM info -  [DefaultGLSPServer] process [action=computedBounds, clientId=tasklist-diagram_0] 
4:45:09 PM info -  [DefaultGLSPServer] process [action=requestPopupModel, clientId=tasklist-diagram_0] 
4:45:09 PM warn -  [RequestPopupModelActionHandler] Could not process `RequestPopupModelAction`. No `PopupModelFactory` is bound 
4:45:09 PM info -  [DefaultGLSPServer] process [action=saveModel, clientId=tasklist-diagram_0] 
4:45:10 PM info -  [DefaultGLSPServer] process [action=compound, clientId=tasklist-diagram_0] 
4:45:10 PM info -  [DefaultGLSPServer] process [action=computedBounds, clientId=tasklist-diagram_0] 
4:45:11 PM info -  [DefaultGLSPServer] process [action=saveModel, clientId=tasklist-diagram_0] 
4:45:13 PM info -  [DefaultGLSPServer] process [action=compound, clientId=tasklist-diagram_0] 
4:45:13 PM info -  [DefaultGLSPServer] process [action=computedBounds, clientId=tasklist-diagram_0] 
4:45:14 PM info -  [DefaultGLSPServer] process [action=saveModel, clientId=tasklist-diagram_0] 
4:45:15 PM info -  [DefaultGLSPServer] process [action=requestPopupModel, clientId=tasklist-diagram_0] 
4:45:15 PM warn -  [RequestPopupModelActionHandler] Could not process `RequestPopupModelAction`. No `PopupModelFactory` is bound 
4:45:16 PM info -  [DefaultGLSPServer] process [action=compound, clientId=tasklist-diagram_0] 
4:45:16 PM info -  [DefaultGLSPServer] process [action=computedBounds, clientId=tasklist-diagram_0] 
4:45:17 PM info -  [DefaultGLSPServer] process [action=compound, clientId=tasklist-diagram_0] 
4:45:17 PM info -  [DefaultGLSPServer] process [action=computedBounds, clientId=tasklist-diagram_0] 
4:45:18 PM info -  [DefaultGLSPServer] process [action=compound, clientId=tasklist-diagram_0] 
4:45:18 PM info -  [DefaultGLSPServer] process [action=computedBounds, clientId=tasklist-diagram_0] 
4:45:19 PM info -  [DefaultGLSPServer] process [action=requestPopupModel, clientId=tasklist-diagram_0] 
4:45:19 PM warn -  [RequestPopupModelActionHandler] Could not process `RequestPopupModelAction`. No `PopupModelFactory` is bound 
4:45:19 PM info -  [DefaultGLSPServer] process [action=saveModel, clientId=tasklist-diagram_0] 
4:45:19 PM info -  [DefaultGLSPServer] process [action=compound, clientId=tasklist-diagram_0] 
4:45:19 PM info -  [DefaultGLSPServer] process [action=computedBounds, clientId=tasklist-diagram_0] 
4:45:20 PM info -  [DefaultGLSPServer] process [action=saveModel, clientId=tasklist-diagram_0] 
4:45:21 PM info -  [DefaultGLSPServer] process [action=requestPopupModel, clientId=tasklist-diagram_0] 
4:45:21 PM warn -  [RequestPopupModelActionHandler] Could not process `RequestPopupModelAction`. No `PopupModelFactory` is bound 
4:45:22 PM info -  [DefaultGLSPServer] process [action=compound, clientId=tasklist-diagram_0] 
4:45:22 PM info -  [DefaultGLSPServer] process [action=computedBounds, clientId=tasklist-diagram_0] 
4:45:23 PM info -  [DefaultGLSPServer] process [action=saveModel, clientId=tasklist-diagram_0] 
4:45:23 PM info -  [DefaultGLSPServer] process [action=requestPopupModel, clientId=tasklist-diagram_0] 
4:45:23 PM warn -  [RequestPopupModelActionHandler] Could not process `RequestPopupModelAction`. No `PopupModelFactory` is bound 
4:45:24 PM info -  [DefaultGLSPServer] process [action=compound, clientId=tasklist-diagram_0] 
4:45:24 PM info -  [DefaultGLSPServer] process [action=computedBounds, clientId=tasklist-diagram_0] 
4:45:25 PM info -  [DefaultGLSPServer] process [action=saveModel, clientId=tasklist-diagram_0] 
4:45:26 PM info -  [DefaultGLSPServer] process [action=compound, clientId=tasklist-diagram_0] 
4:45:26 PM info -  [DefaultGLSPServer] process [action=computedBounds, clientId=tasklist-diagram_0] 
4:45:27 PM info -  [DefaultGLSPServer] process [action=saveModel, clientId=tasklist-diagram_0] 
4:45:28 PM info -  [DefaultGLSPServer] process [action=compound, clientId=tasklist-diagram_0] 
4:45:28 PM info -  [DefaultGLSPServer] process [action=computedBounds, clientId=tasklist-diagram_0] 
4:45:29 PM info -  [DefaultGLSPServer] process [action=saveModel, clientId=tasklist-diagram_0] 
4:45:29 PM info -  [DefaultGLSPServer] process [action=compound, clientId=tasklist-diagram_0] 
4:45:29 PM info -  [DefaultGLSPServer] process [action=computedBounds, clientId=tasklist-diagram_0] 
4:45:29 PM info -  [DefaultGLSPServer] process [action=requestPopupModel, clientId=tasklist-diagram_0] 
4:45:29 PM warn -  [RequestPopupModelActionHandler] Could not process `RequestPopupModelAction`. No `PopupModelFactory` is bound 
4:45:30 PM info -  [DefaultGLSPServer] process [action=saveModel, clientId=tasklist-diagram_0] 
4:45:31 PM info -  [DefaultGLSPServer] process [action=compound, clientId=tasklist-diagram_0] 
4:45:31 PM info -  [DefaultGLSPServer] process [action=computedBounds, clientId=tasklist-diagram_0] 
4:45:32 PM info -  [DefaultGLSPServer] process [action=saveModel, clientId=tasklist-diagram_0] 
4:45:35 PM info -  [DefaultGLSPServer] process [action=compound, clientId=tasklist-diagram_0] 
4:45:35 PM info -  [DefaultGLSPServer] process [action=computedBounds, clientId=tasklist-diagram_0] 
4:45:36 PM info -  [DefaultGLSPServer] process [action=saveModel, clientId=tasklist-diagram_0] 
4:45:40 PM info -  [DefaultGLSPServer] process [action=compound, clientId=tasklist-diagram_0] 
4:45:40 PM info -  [DefaultGLSPServer] process [action=computedBounds, clientId=tasklist-diagram_0] 
4:45:41 PM info -  [DefaultGLSPServer] process [action=saveModel, clientId=tasklist-diagram_0] 
4:45:42 PM info -  [DefaultGLSPServer] process [action=compound, clientId=tasklist-diagram_0] 
4:45:42 PM info -  [DefaultGLSPServer] process [action=computedBounds, clientId=tasklist-diagram_0] 
4:45:43 PM info -  [DefaultGLSPServer] process [action=requestPopupModel, clientId=tasklist-diagram_0] 
4:45:43 PM warn -  [RequestPopupModelActionHandler] Could not process `RequestPopupModelAction`. No `PopupModelFactory` is bound 
4:45:43 PM info -  [DefaultGLSPServer] process [action=saveModel, clientId=tasklist-diagram_0] 
4:45:53 PM info -  [DefaultGLSPServer] process [action=requestPopupModel, clientId=tasklist-diagram_0] 
4:45:53 PM warn -  [RequestPopupModelActionHandler] Could not process `RequestPopupModelAction`. No `PopupModelFactory` is bound 
4:45:56 PM info -  [DefaultGLSPServer] process [action=compound, clientId=tasklist-diagram_0] 
4:45:56 PM info -  [DefaultGLSPServer] process [action=computedBounds, clientId=tasklist-diagram_0] 
4:45:57 PM info -  [DefaultGLSPServer] process [action=saveModel, clientId=tasklist-diagram_0] 
4:46:10 PM info -  [DefaultGLSPServer] process [action=requestPopupModel, clientId=tasklist-diagram_0] 
4:46:10 PM warn -  [RequestPopupModelActionHandler] Could not process `RequestPopupModelAction`. No `PopupModelFactory` is bound 
4:46:11 PM info -  [DefaultGLSPServer] process [action=compound, clientId=tasklist-diagram_0] 
4:46:11 PM info -  [DefaultGLSPServer] process [action=computedBounds, clientId=tasklist-diagram_0] 
4:46:12 PM info -  [DefaultGLSPServer] process [action=saveModel, clientId=tasklist-diagram_0] 
4:46:18 PM info -  [DefaultGLSPServer] process [action=createNode, clientId=tasklist-diagram_0] 
4:46:18 PM info -  [DefaultGLSPServer] process [action=computedBounds, clientId=tasklist-diagram_0] 
4:46:19 PM info -  [DefaultGLSPServer] process [action=saveModel, clientId=tasklist-diagram_0] 
4:46:22 PM info -  [DefaultGLSPServer] process [action=requestPopupModel, clientId=tasklist-diagram_0] 
4:46:22 PM warn -  [RequestPopupModelActionHandler] Could not process `RequestPopupModelAction`. No `PopupModelFactory` is bound 
4:46:22 PM info -  [DefaultGLSPServer] process [action=compound, clientId=tasklist-diagram_0] 
4:46:22 PM info -  [DefaultGLSPServer] process [action=computedBounds, clientId=tasklist-diagram_0] 
4:46:23 PM info -  [DefaultGLSPServer] process [action=saveModel, clientId=tasklist-diagram_0] 
4:46:24 PM info -  [DefaultGLSPServer] process [action=compound, clientId=tasklist-diagram_0] 
4:46:24 PM info -  [DefaultGLSPServer] process [action=computedBounds, clientId=tasklist-diagram_0] 
4:46:25 PM info -  [DefaultGLSPServer] process [action=saveModel, clientId=tasklist-diagram_0] 
4:46:26 PM info -  [DefaultGLSPServer] process [action=compound, clientId=tasklist-diagram_0] 
4:46:26 PM info -  [DefaultGLSPServer] process [action=computedBounds, clientId=tasklist-diagram_0] 
4:46:27 PM info -  [DefaultGLSPServer] process [action=saveModel, clientId=tasklist-diagram_0] 
4:46:30 PM info -  [DefaultGLSPServer] process [action=compound, clientId=tasklist-diagram_0] 
4:46:30 PM info -  [DefaultGLSPServer] process [action=computedBounds, clientId=tasklist-diagram_0] 
4:46:31 PM info -  [DefaultGLSPServer] process [action=saveModel, clientId=tasklist-diagram_0] 
4:46:32 PM info -  [DefaultGLSPServer] process [action=compound, clientId=tasklist-diagram_0] 
4:46:32 PM info -  [DefaultGLSPServer] process [action=computedBounds, clientId=tasklist-diagram_0] 
4:46:33 PM info -  [DefaultGLSPServer] process [action=saveModel, clientId=tasklist-diagram_0] 
4:46:33 PM info -  [DefaultGLSPServer] process [action=requestPopupModel, clientId=tasklist-diagram_0] 
4:46:33 PM warn -  [RequestPopupModelActionHandler] Could not process `RequestPopupModelAction`. No `PopupModelFactory` is bound 
4:46:33 PM info -  [DefaultGLSPServer] process [action=compound, clientId=tasklist-diagram_0] 
4:46:33 PM info -  [DefaultGLSPServer] process [action=computedBounds, clientId=tasklist-diagram_0] 
4:46:34 PM info -  [DefaultGLSPServer] process [action=saveModel, clientId=tasklist-diagram_0] 
4:46:34 PM info -  [DefaultGLSPServer] process [action=requestPopupModel, clientId=tasklist-diagram_0] 
4:46:34 PM warn -  [RequestPopupModelActionHandler] Could not process `RequestPopupModelAction`. No `PopupModelFactory` is bound 
4:46:38 PM info -  [DefaultGLSPServer] process [action=compound, clientId=tasklist-diagram_0] 
4:46:38 PM info -  [DefaultGLSPServer] process [action=computedBounds, clientId=tasklist-diagram_0] 
4:46:39 PM info -  [DefaultGLSPServer] process [action=saveModel, clientId=tasklist-diagram_0] 
4:46:41 PM info -  [DefaultGLSPServer] process [action=compound, clientId=tasklist-diagram_0] 
4:46:41 PM info -  [DefaultGLSPServer] process [action=computedBounds, clientId=tasklist-diagram_0] 
4:46:42 PM info -  [DefaultGLSPServer] process [action=saveModel, clientId=tasklist-diagram_0] 
4:46:42 PM info -  [DefaultGLSPServer] process [action=requestPopupModel, clientId=tasklist-diagram_0] 
4:46:42 PM warn -  [RequestPopupModelActionHandler] Could not process `RequestPopupModelAction`. No `PopupModelFactory` is bound 
4:46:43 PM info -  [DefaultGLSPServer] process [action=compound, clientId=tasklist-diagram_0] 
4:46:43 PM info -  [DefaultGLSPServer] process [action=computedBounds, clientId=tasklist-diagram_0] 
4:46:44 PM info -  [DefaultGLSPServer] process [action=saveModel, clientId=tasklist-diagram_0] 
4:46:45 PM info -  [DefaultGLSPServer] process [action=compound, clientId=tasklist-diagram_0] 
4:46:45 PM info -  [DefaultGLSPServer] process [action=computedBounds, clientId=tasklist-diagram_0] 
4:46:45 PM info -  [DefaultGLSPServer] process [action=requestPopupModel, clientId=tasklist-diagram_0] 
4:46:45 PM warn -  [RequestPopupModelActionHandler] Could not process `RequestPopupModelAction`. No `PopupModelFactory` is bound 
4:46:46 PM info -  [DefaultGLSPServer] process [action=compound, clientId=tasklist-diagram_0] 
4:46:46 PM info -  [DefaultGLSPServer] process [action=computedBounds, clientId=tasklist-diagram_0] 
4:46:47 PM info -  [DefaultGLSPServer] process [action=saveModel, clientId=tasklist-diagram_0] 
