3:28:40 PM info -  [SocketServerLauncher] The GLSP server is ready to accept new client requests on port: 55848 
3:28:40 PM info -  [SocketServerLauncher] Starting GLSP server connection 
3:28:40 PM info -  [DefaultGLSPServer] Initializing server with: applicationId: 3b6ebd38-d25d-4fbc-b1b8-779e88aafe81, protocolVersion: 1.0.0 
3:28:40 PM info -  [DefaultGLSPServer] Initializing client session with: clientSessionId: 'tasklist-diagram_0', diagramType: 'tasklist-diagram' 
3:28:40 PM info -  [DefaultGLSPServer] process [action=requestContextActions, clientId=tasklist-diagram_0] 
3:28:40 PM info -  [DefaultGLSPServer] process [action=requestModel, clientId=tasklist-diagram_0] 
3:28:40 PM info -  [DefaultGLSPServer] process [action=computedBounds, clientId=tasklist-diagram_0] 
3:28:40 PM info -  [DefaultGLSPServer] process [action=requestTypeHints, clientId=tasklist-diagram_0] 
3:28:42 PM info -  [DefaultGLSPServer] process [action=requestPopupModel, clientId=tasklist-diagram_0] 
3:28:42 PM warn -  [RequestPopupModelActionHandler] Could not process `RequestPopupModelAction`. No `PopupModelFactory` is bound 
3:28:44 PM info -  [DefaultGLSPServer] process [action=compound, clientId=tasklist-diagram_0] 
3:28:44 PM info -  [DefaultGLSPServer] process [action=computedBounds, clientId=tasklist-diagram_0] 
3:28:45 PM info -  [DefaultGLSPServer] process [action=compound, clientId=tasklist-diagram_0] 
3:28:45 PM info -  [DefaultGLSPServer] process [action=computedBounds, clientId=tasklist-diagram_0] 
3:28:45 PM info -  [DefaultGLSPServer] process [action=compound, clientId=tasklist-diagram_0] 
3:28:45 PM info -  [DefaultGLSPServer] process [action=computedBounds, clientId=tasklist-diagram_0] 
3:28:46 PM info -  [DefaultGLSPServer] process [action=saveModel, clientId=tasklist-diagram_0] 
3:28:47 PM info -  [DefaultGLSPServer] process [action=requestPopupModel, clientId=tasklist-diagram_0] 
3:28:47 PM warn -  [RequestPopupModelActionHandler] Could not process `RequestPopupModelAction`. No `PopupModelFactory` is bound 
3:28:48 PM info -  [DefaultGLSPServer] process [action=compound, clientId=tasklist-diagram_0] 
3:28:48 PM info -  [DefaultGLSPServer] process [action=computedBounds, clientId=tasklist-diagram_0] 
3:28:49 PM info -  [DefaultGLSPServer] process [action=saveModel, clientId=tasklist-diagram_0] 
3:28:50 PM info -  [DefaultGLSPServer] process [action=changeBounds, clientId=tasklist-diagram_0] 
3:28:50 PM info -  [DefaultGLSPServer] process [action=computedBounds, clientId=tasklist-diagram_0] 
3:28:51 PM info -  [DefaultGLSPServer] process [action=saveModel, clientId=tasklist-diagram_0] 
3:28:52 PM info -  [DefaultGLSPServer] process [action=changeBounds, clientId=tasklist-diagram_0] 
3:28:52 PM info -  [DefaultGLSPServer] process [action=computedBounds, clientId=tasklist-diagram_0] 
3:28:53 PM info -  [DefaultGLSPServer] process [action=saveModel, clientId=tasklist-diagram_0] 
3:28:55 PM info -  [DefaultGLSPServer] process [action=compound, clientId=tasklist-diagram_0] 
3:28:55 PM info -  [DefaultGLSPServer] process [action=computedBounds, clientId=tasklist-diagram_0] 
3:28:56 PM info -  [DefaultGLSPServer] process [action=saveModel, clientId=tasklist-diagram_0] 
3:28:57 PM info -  [DefaultGLSPServer] process [action=compound, clientId=tasklist-diagram_0] 
3:28:57 PM info -  [DefaultGLSPServer] process [action=computedBounds, clientId=tasklist-diagram_0] 
3:28:58 PM info -  [DefaultGLSPServer] process [action=saveModel, clientId=tasklist-diagram_0] 
3:28:59 PM info -  [DefaultGLSPServer] process [action=compound, clientId=tasklist-diagram_0] 
3:28:59 PM info -  [DefaultGLSPServer] process [action=computedBounds, clientId=tasklist-diagram_0] 
3:29:00 PM info -  [DefaultGLSPServer] process [action=saveModel, clientId=tasklist-diagram_0] 
3:29:01 PM info -  [DefaultGLSPServer] process [action=requestPopupModel, clientId=tasklist-diagram_0] 
3:29:01 PM warn -  [RequestPopupModelActionHandler] Could not process `RequestPopupModelAction`. No `PopupModelFactory` is bound 
3:29:03 PM info -  [DefaultGLSPServer] process [action=compound, clientId=tasklist-diagram_0] 
3:29:03 PM info -  [DefaultGLSPServer] process [action=computedBounds, clientId=tasklist-diagram_0] 
3:29:03 PM info -  [DefaultGLSPServer] process [action=compound, clientId=tasklist-diagram_0] 
3:29:03 PM info -  [DefaultGLSPServer] process [action=computedBounds, clientId=tasklist-diagram_0] 
3:29:04 PM info -  [DefaultGLSPServer] process [action=compound, clientId=tasklist-diagram_0] 
3:29:04 PM info -  [DefaultGLSPServer] process [action=computedBounds, clientId=tasklist-diagram_0] 
3:29:05 PM info -  [DefaultGLSPServer] process [action=saveModel, clientId=tasklist-diagram_0] 
3:29:05 PM info -  [DefaultGLSPServer] process [action=compound, clientId=tasklist-diagram_0] 
3:29:05 PM info -  [DefaultGLSPServer] process [action=computedBounds, clientId=tasklist-diagram_0] 
3:29:06 PM info -  [DefaultGLSPServer] process [action=compound, clientId=tasklist-diagram_0] 
3:29:06 PM info -  [DefaultGLSPServer] process [action=computedBounds, clientId=tasklist-diagram_0] 
3:29:07 PM info -  [DefaultGLSPServer] process [action=saveModel, clientId=tasklist-diagram_0] 
3:29:10 PM info -  [DefaultGLSPServer] process [action=requestPopupModel, clientId=tasklist-diagram_0] 
3:29:10 PM warn -  [RequestPopupModelActionHandler] Could not process `RequestPopupModelAction`. No `PopupModelFactory` is bound 
3:29:13 PM info -  [DefaultGLSPServer] process [action=changeBounds, clientId=tasklist-diagram_0] 
3:29:13 PM info -  [DefaultGLSPServer] process [action=computedBounds, clientId=tasklist-diagram_0] 
3:29:14 PM info -  [DefaultGLSPServer] process [action=saveModel, clientId=tasklist-diagram_0] 
3:29:17 PM info -  [DefaultGLSPServer] process [action=requestPopupModel, clientId=tasklist-diagram_0] 
3:29:17 PM warn -  [RequestPopupModelActionHandler] Could not process `RequestPopupModelAction`. No `PopupModelFactory` is bound 
3:29:19 PM info -  [DefaultGLSPServer] process [action=compound, clientId=tasklist-diagram_0] 
3:29:19 PM info -  [DefaultGLSPServer] process [action=computedBounds, clientId=tasklist-diagram_0] 
3:29:20 PM info -  [DefaultGLSPServer] process [action=saveModel, clientId=tasklist-diagram_0] 
3:29:21 PM info -  [DefaultGLSPServer] process [action=compound, clientId=tasklist-diagram_0] 
3:29:21 PM info -  [DefaultGLSPServer] process [action=computedBounds, clientId=tasklist-diagram_0] 
3:29:21 PM info -  [DefaultGLSPServer] process [action=compound, clientId=tasklist-diagram_0] 
3:29:21 PM info -  [DefaultGLSPServer] process [action=computedBounds, clientId=tasklist-diagram_0] 
3:29:22 PM info -  [DefaultGLSPServer] process [action=saveModel, clientId=tasklist-diagram_0] 
3:29:25 PM info -  [DefaultGLSPServer] process [action=compound, clientId=tasklist-diagram_0] 
3:29:25 PM info -  [DefaultGLSPServer] process [action=computedBounds, clientId=tasklist-diagram_0] 
3:29:26 PM info -  [DefaultGLSPServer] process [action=saveModel, clientId=tasklist-diagram_0] 
3:29:26 PM info -  [DefaultGLSPServer] process [action=compound, clientId=tasklist-diagram_0] 
3:29:26 PM info -  [DefaultGLSPServer] process [action=computedBounds, clientId=tasklist-diagram_0] 
3:29:27 PM info -  [DefaultGLSPServer] process [action=compound, clientId=tasklist-diagram_0] 
3:29:27 PM info -  [DefaultGLSPServer] process [action=computedBounds, clientId=tasklist-diagram_0] 
3:29:28 PM info -  [DefaultGLSPServer] process [action=saveModel, clientId=tasklist-diagram_0] 
3:29:28 PM info -  [DefaultGLSPServer] process [action=compound, clientId=tasklist-diagram_0] 
3:29:28 PM info -  [DefaultGLSPServer] process [action=computedBounds, clientId=tasklist-diagram_0] 
3:29:29 PM info -  [DefaultGLSPServer] process [action=saveModel, clientId=tasklist-diagram_0] 
3:29:29 PM info -  [DefaultGLSPServer] process [action=requestPopupModel, clientId=tasklist-diagram_0] 
3:29:29 PM warn -  [RequestPopupModelActionHandler] Could not process `RequestPopupModelAction`. No `PopupModelFactory` is bound 
3:29:33 PM info -  [DefaultGLSPServer] process [action=compound, clientId=tasklist-diagram_0] 
3:29:33 PM info -  [DefaultGLSPServer] process [action=computedBounds, clientId=tasklist-diagram_0] 
3:29:34 PM info -  [DefaultGLSPServer] process [action=saveModel, clientId=tasklist-diagram_0] 
