6:08:29 PM info -  [SocketServerLauncher] The GLSP server is ready to accept new client requests on port: 57070 
6:08:29 PM info -  [SocketServerLauncher] Starting GLSP server connection 
6:08:29 PM info -  [DefaultGLSPServer] Initializing server with: applicationId: 2d8471ca-9353-4d43-a4e1-27f13e27e1d6, protocolVersion: 1.0.0 
6:08:30 PM info -  [DefaultGLSPServer] Initializing client session with: clientSessionId: 'tasklist-diagram_0', diagramType: 'tasklist-diagram' 
6:08:30 PM info -  [DefaultGLSPServer] process [action=requestContextActions, clientId=tasklist-diagram_0] 
6:08:30 PM info -  [DefaultGLSPServer] process [action=requestModel, clientId=tasklist-diagram_0] 
6:08:30 PM info -  [DefaultGLSPServer] process [action=computedBounds, clientId=tasklist-diagram_0] 
6:08:30 PM info -  [DefaultGLSPServer] process [action=requestTypeHints, clientId=tasklist-diagram_0] 
6:08:35 PM info -  [DefaultGLSPServer] process [action=compound, clientId=tasklist-diagram_0] 
6:08:35 PM info -  [DefaultGLSPServer] process [action=computedBounds, clientId=tasklist-diagram_0] 
6:08:36 PM info -  [DefaultGLSPServer] process [action=saveModel, clientId=tasklist-diagram_0] 
6:08:36 PM info -  [DefaultGLSPServer] process [action=compound, clientId=tasklist-diagram_0] 
6:08:36 PM info -  [DefaultGLSPServer] process [action=computedBounds, clientId=tasklist-diagram_0] 
6:08:37 PM info -  [DefaultGLSPServer] process [action=compound, clientId=tasklist-diagram_0] 
6:08:37 PM info -  [DefaultGLSPServer] process [action=computedBounds, clientId=tasklist-diagram_0] 
6:08:38 PM info -  [DefaultGLSPServer] process [action=saveModel, clientId=tasklist-diagram_0] 
6:08:39 PM info -  [DefaultGLSPServer] process [action=compound, clientId=tasklist-diagram_0] 
6:08:39 PM info -  [DefaultGLSPServer] process [action=computedBounds, clientId=tasklist-diagram_0] 
6:08:40 PM info -  [DefaultGLSPServer] process [action=compound, clientId=tasklist-diagram_0] 
6:08:40 PM info -  [DefaultGLSPServer] process [action=computedBounds, clientId=tasklist-diagram_0] 
6:08:41 PM info -  [DefaultGLSPServer] process [action=saveModel, clientId=tasklist-diagram_0] 
6:08:43 PM info -  [DefaultGLSPServer] process [action=createNode, clientId=tasklist-diagram_0] 
6:08:43 PM info -  [DefaultGLSPServer] process [action=computedBounds, clientId=tasklist-diagram_0] 
6:08:44 PM info -  [DefaultGLSPServer] process [action=compound, clientId=tasklist-diagram_0] 
6:08:44 PM info -  [DefaultGLSPServer] process [action=computedBounds, clientId=tasklist-diagram_0] 
6:08:45 PM info -  [DefaultGLSPServer] process [action=saveModel, clientId=tasklist-diagram_0] 
6:08:46 PM info -  [DefaultGLSPServer] process [action=compound, clientId=tasklist-diagram_0] 
6:08:46 PM info -  [DefaultGLSPServer] process [action=computedBounds, clientId=tasklist-diagram_0] 
6:08:47 PM info -  [DefaultGLSPServer] process [action=saveModel, clientId=tasklist-diagram_0] 
6:08:48 PM info -  [DefaultGLSPServer] process [action=requestPopupModel, clientId=tasklist-diagram_0] 
6:08:48 PM warn -  [RequestPopupModelActionHandler] Could not process `RequestPopupModelAction`. No `PopupModelFactory` is bound 
