3:53:46 PM info -  [SocketServerLauncher] The GLSP server is ready to accept new client requests on port: 56401 
3:53:46 PM info -  [SocketServerLauncher] Starting GLSP server connection 
3:53:46 PM info -  [DefaultGLSPServer] Initializing server with: applicationId: 0dcd3943-3926-497a-8524-fc5a06bc1520, protocolVersion: 1.0.0 
3:53:46 PM info -  [DefaultGLSPServer] Initializing client session with: clientSessionId: 'tasklist-diagram_0', diagramType: 'tasklist-diagram' 
3:53:46 PM info -  [DefaultGLSPServer] process [action=requestContextActions, clientId=tasklist-diagram_0] 
3:53:46 PM info -  [DefaultGLSPServer] process [action=requestModel, clientId=tasklist-diagram_0] 
3:53:46 PM info -  [DefaultGLSPServer] process [action=computedBounds, clientId=tasklist-diagram_0] 
3:53:46 PM info -  [DefaultGLSPServer] process [action=requestTypeHints, clientId=tasklist-diagram_0] 
3:54:22 PM info -  [DefaultGLSPServer] process [action=requestMarkers, clientId=tasklist-diagram_0] 
3:54:22 PM error -  [DefaultGLSPServer] Could not process action: 'requestMarkers 
3:54:22 PM error -  [DefaultGLSPServer] Error: Cannot compute markers! No implementation for ModelValidator has been bound 
3:54:28 PM info -  [DefaultGLSPServer] process [action=compound, clientId=tasklist-diagram_0] 
3:54:28 PM info -  [DefaultGLSPServer] process [action=computedBounds, clientId=tasklist-diagram_0] 
3:54:29 PM info -  [DefaultGLSPServer] process [action=saveModel, clientId=tasklist-diagram_0] 
3:54:30 PM info -  [DefaultGLSPServer] process [action=compound, clientId=tasklist-diagram_0] 
3:54:30 PM info -  [DefaultGLSPServer] process [action=computedBounds, clientId=tasklist-diagram_0] 
3:54:31 PM info -  [DefaultGLSPServer] process [action=saveModel, clientId=tasklist-diagram_0] 
3:54:31 PM info -  [DefaultGLSPServer] process [action=requestPopupModel, clientId=tasklist-diagram_0] 
3:54:31 PM warn -  [RequestPopupModelActionHandler] Could not process `RequestPopupModelAction`. No `PopupModelFactory` is bound 
3:54:33 PM info -  [DefaultGLSPServer] process [action=compound, clientId=tasklist-diagram_0] 
3:54:34 PM info -  [DefaultGLSPServer] process [action=computedBounds, clientId=tasklist-diagram_0] 
3:54:35 PM info -  [DefaultGLSPServer] process [action=saveModel, clientId=tasklist-diagram_0] 
3:54:36 PM info -  [DefaultGLSPServer] process [action=requestPopupModel, clientId=tasklist-diagram_0] 
3:54:36 PM warn -  [RequestPopupModelActionHandler] Could not process `RequestPopupModelAction`. No `PopupModelFactory` is bound 
3:54:39 PM info -  [DefaultGLSPServer] process [action=compound, clientId=tasklist-diagram_0] 
3:54:39 PM info -  [DefaultGLSPServer] process [action=computedBounds, clientId=tasklist-diagram_0] 
3:54:40 PM info -  [DefaultGLSPServer] process [action=saveModel, clientId=tasklist-diagram_0] 
3:54:40 PM info -  [DefaultGLSPServer] process [action=requestPopupModel, clientId=tasklist-diagram_0] 
3:54:40 PM warn -  [RequestPopupModelActionHandler] Could not process `RequestPopupModelAction`. No `PopupModelFactory` is bound 
