2:10:00 PM info -  [SocketServerLauncher] The GLSP server is ready to accept new client requests on port: 59015 
2:10:00 PM info -  [SocketServerLauncher] Starting GLSP server connection 
2:10:00 PM info -  [DefaultGLSPServer] Initializing server with: applicationId: 4420e52d-575f-46e3-b467-24876e71688e, protocolVersion: 1.0.0 
2:10:00 PM info -  [DefaultGLSPServer] Initializing client session with: clientSessionId: 'tasklist-diagram_0', diagramType: 'tasklist-diagram' 
2:10:00 PM info -  [DefaultGLSPServer] process [action=requestContextActions, clientId=tasklist-diagram_0] 
2:10:00 PM info -  [DefaultGLSPServer] process [action=requestModel, clientId=tasklist-diagram_0] 
2:10:00 PM info -  [DefaultGLSPServer] process [action=computedBounds, clientId=tasklist-diagram_0] 
2:10:00 PM info -  [DefaultGLSPServer] process [action=requestTypeHints, clientId=tasklist-diagram_0] 
2:10:05 PM info -  [DefaultGLSPServer] process [action=createNode, clientId=tasklist-diagram_0] 
2:10:05 PM info -  [DefaultGLSPServer] process [action=computedBounds, clientId=tasklist-diagram_0] 
2:10:06 PM info -  [DefaultGLSPServer] process [action=saveModel, clientId=tasklist-diagram_0] 
2:10:09 PM info -  [DefaultGLSPServer] process [action=createNode, clientId=tasklist-diagram_0] 
2:10:09 PM info -  [DefaultGLSPServer] process [action=computedBounds, clientId=tasklist-diagram_0] 
2:10:10 PM info -  [DefaultGLSPServer] process [action=saveModel, clientId=tasklist-diagram_0] 
2:10:11 PM info -  [DefaultGLSPServer] process [action=compound, clientId=tasklist-diagram_0] 
2:10:11 PM info -  [DefaultGLSPServer] process [action=computedBounds, clientId=tasklist-diagram_0] 
2:10:12 PM info -  [DefaultGLSPServer] process [action=saveModel, clientId=tasklist-diagram_0] 
2:10:13 PM info -  [DefaultGLSPServer] process [action=compound, clientId=tasklist-diagram_0] 
2:10:13 PM info -  [DefaultGLSPServer] process [action=computedBounds, clientId=tasklist-diagram_0] 
2:10:14 PM info -  [DefaultGLSPServer] process [action=saveModel, clientId=tasklist-diagram_0] 
2:10:15 PM info -  [DefaultGLSPServer] process [action=requestPopupModel, clientId=tasklist-diagram_0] 
2:10:15 PM warn -  [RequestPopupModelActionHandler] Could not process `RequestPopupModelAction`. No `PopupModelFactory` is bound 
2:10:26 PM info -  [DefaultGLSPServer] process [action=createEdge, clientId=tasklist-diagram_0] 
2:10:26 PM info -  [DefaultGLSPServer] process [action=computedBounds, clientId=tasklist-diagram_0] 
2:10:27 PM info -  [DefaultGLSPServer] process [action=saveModel, clientId=tasklist-diagram_0] 
2:10:28 PM info -  [DefaultGLSPServer] process [action=createNode, clientId=tasklist-diagram_0] 
2:10:28 PM info -  [DefaultGLSPServer] process [action=computedBounds, clientId=tasklist-diagram_0] 
2:10:29 PM info -  [DefaultGLSPServer] process [action=saveModel, clientId=tasklist-diagram_0] 
2:10:29 PM info -  [DefaultGLSPServer] process [action=compound, clientId=tasklist-diagram_0] 
2:10:29 PM info -  [DefaultGLSPServer] process [action=computedBounds, clientId=tasklist-diagram_0] 
2:10:30 PM info -  [DefaultGLSPServer] process [action=saveModel, clientId=tasklist-diagram_0] 
2:10:33 PM info -  [DefaultGLSPServer] process [action=createNode, clientId=tasklist-diagram_0] 
2:10:33 PM info -  [DefaultGLSPServer] process [action=computedBounds, clientId=tasklist-diagram_0] 
2:10:34 PM info -  [DefaultGLSPServer] process [action=saveModel, clientId=tasklist-diagram_0] 
2:10:35 PM info -  [DefaultGLSPServer] process [action=compound, clientId=tasklist-diagram_0] 
2:10:35 PM info -  [DefaultGLSPServer] process [action=computedBounds, clientId=tasklist-diagram_0] 
2:10:36 PM info -  [DefaultGLSPServer] process [action=saveModel, clientId=tasklist-diagram_0] 
2:10:36 PM info -  [DefaultGLSPServer] process [action=compound, clientId=tasklist-diagram_0] 
2:10:36 PM info -  [DefaultGLSPServer] process [action=computedBounds, clientId=tasklist-diagram_0] 
2:10:37 PM info -  [DefaultGLSPServer] process [action=saveModel, clientId=tasklist-diagram_0] 
2:10:37 PM info -  [DefaultGLSPServer] process [action=compound, clientId=tasklist-diagram_0] 
2:10:37 PM info -  [DefaultGLSPServer] process [action=computedBounds, clientId=tasklist-diagram_0] 
2:10:38 PM info -  [DefaultGLSPServer] process [action=requestPopupModel, clientId=tasklist-diagram_0] 
2:10:38 PM warn -  [RequestPopupModelActionHandler] Could not process `RequestPopupModelAction`. No `PopupModelFactory` is bound 
2:10:38 PM info -  [DefaultGLSPServer] process [action=saveModel, clientId=tasklist-diagram_0] 
2:10:40 PM info -  [DefaultGLSPServer] process [action=compound, clientId=tasklist-diagram_0] 
2:10:40 PM info -  [DefaultGLSPServer] process [action=computedBounds, clientId=tasklist-diagram_0] 
2:10:41 PM info -  [DefaultGLSPServer] process [action=saveModel, clientId=tasklist-diagram_0] 
