3:32:19 PM info -  [SocketServerLauncher] The GLSP server is ready to accept new client requests on port: 55967 
3:32:19 PM info -  [SocketServerLauncher] Starting GLSP server connection 
3:32:19 PM info -  [DefaultGLSPServer] Initializing server with: applicationId: 43023300-557c-49d9-be74-54b2d19289ec, protocolVersion: 1.0.0 
3:32:19 PM info -  [DefaultGLSPServer] Initializing client session with: clientSessionId: 'tasklist-diagram_0', diagramType: 'tasklist-diagram' 
3:32:20 PM info -  [DefaultGLSPServer] process [action=requestContextActions, clientId=tasklist-diagram_0] 
3:32:20 PM info -  [DefaultGLSPServer] process [action=requestModel, clientId=tasklist-diagram_0] 
3:32:20 PM info -  [DefaultGLSPServer] process [action=computedBounds, clientId=tasklist-diagram_0] 
3:32:20 PM info -  [DefaultGLSPServer] process [action=requestTypeHints, clientId=tasklist-diagram_0] 
3:32:21 PM info -  [DefaultGLSPServer] process [action=compound, clientId=tasklist-diagram_0] 
3:32:21 PM info -  [DefaultGLSPServer] process [action=computedBounds, clientId=tasklist-diagram_0] 
3:32:22 PM info -  [DefaultGLSPServer] process [action=saveModel, clientId=tasklist-diagram_0] 
3:32:27 PM info -  [DefaultGLSPServer] process [action=compound, clientId=tasklist-diagram_0] 
3:32:27 PM info -  [DefaultGLSPServer] process [action=computedBounds, clientId=tasklist-diagram_0] 
3:32:28 PM info -  [DefaultGLSPServer] process [action=saveModel, clientId=tasklist-diagram_0] 
3:32:28 PM info -  [DefaultGLSPServer] process [action=compound, clientId=tasklist-diagram_0] 
3:32:28 PM info -  [DefaultGLSPServer] process [action=computedBounds, clientId=tasklist-diagram_0] 
3:32:29 PM info -  [DefaultGLSPServer] process [action=saveModel, clientId=tasklist-diagram_0] 
3:32:29 PM info -  [DefaultGLSPServer] process [action=compound, clientId=tasklist-diagram_0] 
3:32:29 PM info -  [DefaultGLSPServer] process [action=computedBounds, clientId=tasklist-diagram_0] 
3:32:30 PM info -  [DefaultGLSPServer] process [action=compound, clientId=tasklist-diagram_0] 
3:32:30 PM info -  [DefaultGLSPServer] process [action=computedBounds, clientId=tasklist-diagram_0] 
3:32:31 PM info -  [DefaultGLSPServer] process [action=compound, clientId=tasklist-diagram_0] 
3:32:31 PM info -  [DefaultGLSPServer] process [action=computedBounds, clientId=tasklist-diagram_0] 
3:32:31 PM info -  [DefaultGLSPServer] process [action=compound, clientId=tasklist-diagram_0] 
3:32:31 PM info -  [DefaultGLSPServer] process [action=computedBounds, clientId=tasklist-diagram_0] 
3:32:32 PM info -  [DefaultGLSPServer] process [action=saveModel, clientId=tasklist-diagram_0] 
3:32:33 PM info -  [DefaultGLSPServer] process [action=compound, clientId=tasklist-diagram_0] 
3:32:33 PM info -  [DefaultGLSPServer] process [action=computedBounds, clientId=tasklist-diagram_0] 
3:32:34 PM info -  [DefaultGLSPServer] process [action=saveModel, clientId=tasklist-diagram_0] 
3:32:35 PM info -  [DefaultGLSPServer] process [action=compound, clientId=tasklist-diagram_0] 
3:32:35 PM info -  [DefaultGLSPServer] process [action=computedBounds, clientId=tasklist-diagram_0] 
3:32:36 PM info -  [DefaultGLSPServer] process [action=saveModel, clientId=tasklist-diagram_0] 
3:32:36 PM info -  [DefaultGLSPServer] process [action=compound, clientId=tasklist-diagram_0] 
3:32:36 PM info -  [DefaultGLSPServer] process [action=computedBounds, clientId=tasklist-diagram_0] 
3:32:37 PM info -  [DefaultGLSPServer] process [action=compound, clientId=tasklist-diagram_0] 
3:32:37 PM info -  [DefaultGLSPServer] process [action=computedBounds, clientId=tasklist-diagram_0] 
3:32:38 PM info -  [DefaultGLSPServer] process [action=saveModel, clientId=tasklist-diagram_0] 
