3:56:42 PM info -  [SocketServerLauncher] The GLSP server is ready to accept new client requests on port: 56508 
3:56:42 PM warn -  [OperationHandlerRegistry] Could not register key-value pair. Key is already registered {
    "key": "compound",
    "value": {
        "operationType": "compound",
        "modelState": {
            "properties": {},
            "editMode": "editable",
            "index": {
                "idToElement": {},
                "typeToElements": {},
                "idToTaskListElements": {}
            },
            "serializer": {
                "reservedKeys": [
                    "children",
                    "parent",
                    "index",
                    "source",
                    "target"
                ],
                "diagramConfiguration": {
                    "layoutKind": 1,
                    "needsClientLayout": true,
                    "animatedUpdate": true
                }
            },
            "clientId": "tempId"
        }
    }
}
3:56:42 PM info -  [SocketServerLauncher] Starting GLSP server connection 
3:56:42 PM info -  [DefaultGLSPServer] Initializing server with: applicationId: 3687849b-d5d3-40f0-a74e-ddc9faed9526, protocolVersion: 1.0.0 
3:56:43 PM info -  [DefaultGLSPServer] Initializing client session with: clientSessionId: 'tasklist-diagram_0', diagramType: 'tasklist-diagram' 
3:56:43 PM warn -  [OperationHandlerRegistry] Could not register key-value pair. Key is already registered {
    "key": "compound",
    "value": {
        "operationType": "compound",
        "modelState": {
            "properties": {},
            "editMode": "editable",
            "index": {
                "idToElement": {},
                "typeToElements": {},
                "idToTaskListElements": {}
            },
            "serializer": {
                "reservedKeys": [
                    "children",
                    "parent",
                    "index",
                    "source",
                    "target"
                ],
                "diagramConfiguration": {
                    "layoutKind": 1,
                    "needsClientLayout": true,
                    "animatedUpdate": true
                }
            },
            "clientId": "tasklist-diagram_0"
        }
    }
}
3:56:43 PM info -  [DefaultGLSPServer] process [action=requestContextActions, clientId=tasklist-diagram_0] 
3:56:43 PM info -  [DefaultGLSPServer] process [action=requestModel, clientId=tasklist-diagram_0] 
3:56:43 PM info -  [DefaultGLSPServer] process [action=computedBounds, clientId=tasklist-diagram_0] 
3:56:45 PM info -  [DefaultGLSPServer] process [action=requestTypeHints, clientId=tasklist-diagram_0] 
3:56:50 PM info -  [DefaultGLSPServer] process [action=requestPopupModel, clientId=tasklist-diagram_0] 
3:56:50 PM warn -  [RequestPopupModelActionHandler] Could not process `RequestPopupModelAction`. No `PopupModelFactory` is bound 
3:56:50 PM info -  [DefaultGLSPServer] process [action=compound, clientId=tasklist-diagram_0] 
3:56:50 PM info -  [DefaultGLSPServer] process [action=computedBounds, clientId=tasklist-diagram_0] 
3:56:51 PM info -  [DefaultGLSPServer] process [action=saveModel, clientId=tasklist-diagram_0] 
3:56:53 PM info -  [DefaultGLSPServer] process [action=requestPopupModel, clientId=tasklist-diagram_0] 
3:56:53 PM warn -  [RequestPopupModelActionHandler] Could not process `RequestPopupModelAction`. No `PopupModelFactory` is bound 
3:56:54 PM info -  [DefaultGLSPServer] process [action=compound, clientId=tasklist-diagram_0] 
3:56:54 PM info -  [DefaultGLSPServer] process [action=computedBounds, clientId=tasklist-diagram_0] 
3:56:55 PM info -  [DefaultGLSPServer] process [action=saveModel, clientId=tasklist-diagram_0] 
3:56:55 PM info -  [DefaultGLSPServer] process [action=requestPopupModel, clientId=tasklist-diagram_0] 
3:56:55 PM warn -  [RequestPopupModelActionHandler] Could not process `RequestPopupModelAction`. No `PopupModelFactory` is bound 
3:56:56 PM info -  [DefaultGLSPServer] process [action=compound, clientId=tasklist-diagram_0] 
3:56:56 PM info -  [DefaultGLSPServer] process [action=computedBounds, clientId=tasklist-diagram_0] 
3:56:57 PM info -  [DefaultGLSPServer] process [action=compound, clientId=tasklist-diagram_0] 
3:56:57 PM info -  [DefaultGLSPServer] process [action=computedBounds, clientId=tasklist-diagram_0] 
3:56:58 PM info -  [DefaultGLSPServer] process [action=saveModel, clientId=tasklist-diagram_0] 
3:57:02 PM info -  [DefaultGLSPServer] process [action=compound, clientId=tasklist-diagram_0] 
3:57:02 PM info -  [DefaultGLSPServer] process [action=computedBounds, clientId=tasklist-diagram_0] 
3:57:02 PM info -  [DefaultGLSPServer] process [action=requestPopupModel, clientId=tasklist-diagram_0] 
3:57:02 PM warn -  [RequestPopupModelActionHandler] Could not process `RequestPopupModelAction`. No `PopupModelFactory` is bound 
3:57:03 PM info -  [DefaultGLSPServer] process [action=saveModel, clientId=tasklist-diagram_0] 
3:57:03 PM info -  [DefaultGLSPServer] process [action=requestPopupModel, clientId=tasklist-diagram_0] 
3:57:03 PM warn -  [RequestPopupModelActionHandler] Could not process `RequestPopupModelAction`. No `PopupModelFactory` is bound 
