5:35:10 PM info -  [SocketServerLauncher] The GLSP server is ready to accept new client requests on port: 57833 
5:35:11 PM warn -  [OperationHandlerRegistry] Could not register key-value pair. Key is already registered {
    "key": "changeBounds",
    "value": {
        "operationType": "changeBounds",
        "modelState": {
            "properties": {},
            "editMode": "editable",
            "index": {
                "idToElement": {},
                "typeToElements": {},
                "idToTaskListElements": {}
            },
            "serializer": {
                "reservedKeys": [
                    "children",
                    "parent",
                    "index",
                    "source",
                    "target"
                ],
                "diagramConfiguration": {
                    "layoutKind": 1,
                    "needsClientLayout": true,
                    "animatedUpdate": true
                }
            },
            "clientId": "tempId"
        }
    }
}
5:35:11 PM info -  [SocketServerLauncher] Starting GLSP server connection 
5:35:11 PM info -  [DefaultGLSPServer] Initializing server with: applicationId: 625d43a5-1e9b-4357-9b46-99289ed8bb1b, protocolVersion: 1.0.0 
5:35:11 PM info -  [DefaultGLSPServer] Initializing client session with: clientSessionId: 'tasklist-diagram_0', diagramType: 'tasklist-diagram' 
5:35:11 PM warn -  [OperationHandlerRegistry] Could not register key-value pair. Key is already registered {
    "key": "changeBounds",
    "value": {
        "operationType": "changeBounds",
        "modelState": {
            "properties": {},
            "editMode": "editable",
            "index": {
                "idToElement": {},
                "typeToElements": {},
                "idToTaskListElements": {}
            },
            "serializer": {
                "reservedKeys": [
                    "children",
                    "parent",
                    "index",
                    "source",
                    "target"
                ],
                "diagramConfiguration": {
                    "layoutKind": 1,
                    "needsClientLayout": true,
                    "animatedUpdate": true
                }
            },
            "clientId": "tasklist-diagram_0"
        }
    }
}
5:35:11 PM info -  [DefaultGLSPServer] process [action=requestContextActions, clientId=tasklist-diagram_0] 
5:35:11 PM info -  [DefaultGLSPServer] process [action=requestModel, clientId=tasklist-diagram_0] 
5:35:11 PM info -  [DefaultGLSPServer] process [action=computedBounds, clientId=tasklist-diagram_0] 
5:35:11 PM info -  [DefaultGLSPServer] process [action=requestTypeHints, clientId=tasklist-diagram_0] 
5:35:19 PM info -  [DefaultGLSPServer] process [action=layout, clientId=tasklist-diagram_0] 
5:35:19 PM warn -  [LayoutOperationHandler] Could not execute layout operation. No `LayoutEngine` is bound! 
5:35:19 PM info -  [DefaultGLSPServer] process [action=computedBounds, clientId=tasklist-diagram_0] 
