4:59:24 PM info -  [SocketServerLauncher] The GLSP server is ready to accept new client requests on port: 54912 
4:59:24 PM warn -  [OperationHandlerRegistry] Could not register key-value pair. Key is already registered {
    "key": "createNode_node",
    "value": {
        "operationType": "createNode",
        "elementTypeIds": [
            "node"
        ],
        "modelState": {
            "properties": {},
            "editMode": "editable",
            "index": {
                "idToElement": {},
                "typeToElements": {},
                "idToTaskListElements": {}
            },
            "serializer": {
                "reservedKeys": [
                    "children",
                    "parent",
                    "index",
                    "source",
                    "target"
                ],
                "diagramConfiguration": {
                    "layoutKind": 1,
                    "needsClientLayout": true,
                    "animatedUpdate": true
                }
            },
            "clientId": "tempId"
        }
    }
}
4:59:24 PM info -  [SocketServerLauncher] Starting GLSP server connection 
4:59:24 PM info -  [DefaultGLSPServer] Initializing server with: applicationId: 74e5a828-3bbe-450e-be8d-e0da96ec0978, protocolVersion: 1.0.0 
4:59:24 PM info -  [DefaultGLSPServer] Initializing client session with: clientSessionId: 'tasklist-diagram_0', diagramType: 'tasklist-diagram' 
4:59:24 PM warn -  [OperationHandlerRegistry] Could not register key-value pair. Key is already registered {
    "key": "createNode_node",
    "value": {
        "operationType": "createNode",
        "elementTypeIds": [
            "node"
        ],
        "modelState": {
            "properties": {},
            "editMode": "editable",
            "index": {
                "idToElement": {},
                "typeToElements": {},
                "idToTaskListElements": {}
            },
            "serializer": {
                "reservedKeys": [
                    "children",
                    "parent",
                    "index",
                    "source",
                    "target"
                ],
                "diagramConfiguration": {
                    "layoutKind": 1,
                    "needsClientLayout": true,
                    "animatedUpdate": true
                }
            },
            "clientId": "tasklist-diagram_0"
        }
    }
}
4:59:24 PM info -  [DefaultGLSPServer] process [action=requestContextActions, clientId=tasklist-diagram_0] 
4:59:24 PM info -  [DefaultGLSPServer] process [action=requestModel, clientId=tasklist-diagram_0] 
4:59:24 PM info -  [DefaultGLSPServer] process [action=computedBounds, clientId=tasklist-diagram_0] 
4:59:24 PM info -  [DefaultGLSPServer] process [action=requestTypeHints, clientId=tasklist-diagram_0] 
4:59:36 PM info -  [DefaultGLSPServer] process [action=deleteElement, clientId=tasklist-diagram_0] 
4:59:36 PM info -  [DefaultGLSPServer] process [action=computedBounds, clientId=tasklist-diagram_0] 
4:59:37 PM info -  [DefaultGLSPServer] process [action=saveModel, clientId=tasklist-diagram_0] 
4:59:38 PM info -  [DefaultGLSPServer] process [action=requestMarkers, clientId=tasklist-diagram_0] 
4:59:38 PM error -  [DefaultGLSPServer] Could not process action: 'requestMarkers 
4:59:38 PM error -  [DefaultGLSPServer] Error: Cannot compute markers! No implementation for ModelValidator has been bound 
4:59:44 PM info -  [DefaultGLSPServer] process [action=requestContextActions, clientId=tasklist-diagram_0] 
4:59:52 PM info -  [DefaultGLSPServer] process [action=requestContextActions, clientId=tasklist-diagram_0] 
4:59:54 PM info -  [DefaultGLSPServer] process [action=compound, clientId=tasklist-diagram_0] 
4:59:54 PM info -  [DefaultGLSPServer] process [action=computedBounds, clientId=tasklist-diagram_0] 
4:59:55 PM info -  [DefaultGLSPServer] process [action=saveModel, clientId=tasklist-diagram_0] 
5:00:05 PM info -  [DefaultGLSPServer] process [action=createNode, clientId=tasklist-diagram_0] 
5:00:05 PM info -  [DefaultGLSPServer] process [action=computedBounds, clientId=tasklist-diagram_0] 
5:00:06 PM info -  [DefaultGLSPServer] process [action=saveModel, clientId=tasklist-diagram_0] 
5:00:09 PM info -  [DefaultGLSPServer] process [action=requestPopupModel, clientId=tasklist-diagram_0] 
5:00:09 PM warn -  [RequestPopupModelActionHandler] Could not process `RequestPopupModelAction`. No `PopupModelFactory` is bound 
5:00:10 PM info -  [DefaultGLSPServer] process [action=createEdge, clientId=tasklist-diagram_0] 
5:00:10 PM info -  [DefaultGLSPServer] process [action=computedBounds, clientId=tasklist-diagram_0] 
5:00:11 PM info -  [DefaultGLSPServer] process [action=saveModel, clientId=tasklist-diagram_0] 
5:00:12 PM info -  [DefaultGLSPServer] process [action=compound, clientId=tasklist-diagram_0] 
5:00:12 PM info -  [DefaultGLSPServer] process [action=computedBounds, clientId=tasklist-diagram_0] 
5:00:12 PM info -  [DefaultGLSPServer] process [action=compound, clientId=tasklist-diagram_0] 
5:00:12 PM info -  [DefaultGLSPServer] process [action=computedBounds, clientId=tasklist-diagram_0] 
5:00:13 PM info -  [DefaultGLSPServer] process [action=saveModel, clientId=tasklist-diagram_0] 
5:00:14 PM info -  [DefaultGLSPServer] process [action=requestPopupModel, clientId=tasklist-diagram_0] 
5:00:14 PM warn -  [RequestPopupModelActionHandler] Could not process `RequestPopupModelAction`. No `PopupModelFactory` is bound 
5:00:14 PM info -  [DefaultGLSPServer] process [action=compound, clientId=tasklist-diagram_0] 
5:00:14 PM info -  [DefaultGLSPServer] process [action=computedBounds, clientId=tasklist-diagram_0] 
5:00:15 PM info -  [DefaultGLSPServer] process [action=saveModel, clientId=tasklist-diagram_0] 
