2:36:07 PM info -  [SocketServerLauncher] The GLSP server is ready to accept new client requests on port: 59594 
2:36:07 PM info -  [SocketServerLauncher] Starting GLSP server connection 
2:36:08 PM info -  [DefaultGLSPServer] Initializing server with: applicationId: b05c9d4e-32d5-44f1-9bbb-9a5fcb6575a9, protocolVersion: 1.0.0 
2:36:08 PM info -  [DefaultGLSPServer] Initializing client session with: clientSessionId: 'tasklist-diagram_0', diagramType: 'tasklist-diagram' 
2:36:08 PM info -  [DefaultGLSPServer] process [action=requestContextActions, clientId=tasklist-diagram_0] 
2:36:08 PM info -  [DefaultGLSPServer] process [action=requestModel, clientId=tasklist-diagram_0] 
2:36:08 PM info -  [DefaultGLSPServer] process [action=computedBounds, clientId=tasklist-diagram_0] 
2:36:08 PM info -  [DefaultGLSPServer] process [action=requestTypeHints, clientId=tasklist-diagram_0] 
2:36:14 PM info -  [DefaultGLSPServer] process [action=compound, clientId=tasklist-diagram_0] 
2:36:14 PM info -  [DefaultGLSPServer] process [action=computedBounds, clientId=tasklist-diagram_0] 
2:36:15 PM info -  [DefaultGLSPServer] process [action=compound, clientId=tasklist-diagram_0] 
2:36:15 PM info -  [DefaultGLSPServer] process [action=computedBounds, clientId=tasklist-diagram_0] 
2:36:16 PM info -  [DefaultGLSPServer] process [action=saveModel, clientId=tasklist-diagram_0] 
2:36:17 PM info -  [DefaultGLSPServer] process [action=deleteElement, clientId=tasklist-diagram_0] 
2:36:17 PM info -  [DefaultGLSPServer] process [action=computedBounds, clientId=tasklist-diagram_0] 
2:36:18 PM info -  [DefaultGLSPServer] process [action=saveModel, clientId=tasklist-diagram_0] 
2:36:19 PM info -  [DefaultGLSPServer] process [action=deleteElement, clientId=tasklist-diagram_0] 
2:36:19 PM info -  [DefaultGLSPServer] process [action=computedBounds, clientId=tasklist-diagram_0] 
2:36:20 PM info -  [DefaultGLSPServer] process [action=saveModel, clientId=tasklist-diagram_0] 
2:36:21 PM info -  [DefaultGLSPServer] process [action=deleteElement, clientId=tasklist-diagram_0] 
2:36:21 PM info -  [DefaultGLSPServer] process [action=computedBounds, clientId=tasklist-diagram_0] 
2:36:22 PM info -  [DefaultGLSPServer] process [action=saveModel, clientId=tasklist-diagram_0] 
2:36:23 PM info -  [DefaultGLSPServer] process [action=deleteElement, clientId=tasklist-diagram_0] 
2:36:23 PM info -  [DefaultGLSPServer] process [action=computedBounds, clientId=tasklist-diagram_0] 
2:36:24 PM info -  [DefaultGLSPServer] process [action=saveModel, clientId=tasklist-diagram_0] 
2:36:25 PM info -  [DefaultGLSPServer] process [action=createNode, clientId=tasklist-diagram_0] 
2:36:25 PM error -  [DefaultGLSPServer] Could not process action: 'createNode 
2:36:25 PM error -  [DefaultGLSPServer] Error: Duplicate ID in model: c41f556f-05d9-4e52-a22b-fbb0d615b0c7 
2:36:31 PM info -  [DefaultGLSPServer] process [action=createNode, clientId=tasklist-diagram_0] 
2:36:31 PM error -  [DefaultGLSPServer] Could not process action: 'createNode 
2:36:31 PM error -  [DefaultGLSPServer] Error: Duplicate ID in model: c41f556f-05d9-4e52-a22b-fbb0d615b0c7 
