12:16:13 PM info -  [SocketServerLauncher] The GLSP server is ready to accept new client requests on port: 64516 
12:16:13 PM info -  [SocketServerLauncher] Starting GLSP server connection 
12:16:13 PM info -  [DefaultGLSPServer] Initializing server with: applicationId: a7411770-1388-4952-bb52-7cfce324e13b, protocolVersion: 1.0.0 
12:16:13 PM info -  [DefaultGLSPServer] Initializing client session with: clientSessionId: 'tasklist-diagram_0', diagramType: 'tasklist-diagram' 
12:16:13 PM info -  [DefaultGLSPServer] process [action=requestContextActions, clientId=tasklist-diagram_0] 
12:16:13 PM info -  [DefaultGLSPServer] process [action=requestModel, clientId=tasklist-diagram_0] 
12:16:13 PM info -  [DefaultGLSPServer] process [action=computedBounds, clientId=tasklist-diagram_0] 
12:16:13 PM info -  [DefaultGLSPServer] process [action=requestTypeHints, clientId=tasklist-diagram_0] 
12:16:17 PM info -  [DefaultGLSPServer] process [action=requestPopupModel, clientId=tasklist-diagram_0] 
12:16:17 PM warn -  [RequestPopupModelActionHandler] Could not process `RequestPopupModelAction`. No `PopupModelFactory` is bound 
12:16:18 PM info -  [DefaultGLSPServer] process [action=compound, clientId=tasklist-diagram_0] 
12:16:18 PM info -  [DefaultGLSPServer] process [action=computedBounds, clientId=tasklist-diagram_0] 
12:16:19 PM info -  [DefaultGLSPServer] process [action=saveModel, clientId=tasklist-diagram_0] 
12:16:20 PM info -  [DefaultGLSPServer] process [action=compound, clientId=tasklist-diagram_0] 
12:16:20 PM info -  [DefaultGLSPServer] process [action=computedBounds, clientId=tasklist-diagram_0] 
12:16:20 PM info -  [DefaultGLSPServer] process [action=compound, clientId=tasklist-diagram_0] 
12:16:20 PM info -  [DefaultGLSPServer] process [action=computedBounds, clientId=tasklist-diagram_0] 
12:16:21 PM info -  [DefaultGLSPServer] process [action=requestPopupModel, clientId=tasklist-diagram_0] 
12:16:21 PM warn -  [RequestPopupModelActionHandler] Could not process `RequestPopupModelAction`. No `PopupModelFactory` is bound 
12:16:21 PM info -  [DefaultGLSPServer] process [action=saveModel, clientId=tasklist-diagram_0] 
12:16:23 PM info -  [DefaultGLSPServer] process [action=deleteElement, clientId=tasklist-diagram_0] 
12:16:23 PM info -  [DefaultGLSPServer] process [action=computedBounds, clientId=tasklist-diagram_0] 
12:16:24 PM info -  [DefaultGLSPServer] process [action=saveModel, clientId=tasklist-diagram_0] 
12:16:27 PM info -  [DefaultGLSPServer] process [action=deleteElement, clientId=tasklist-diagram_0] 
12:16:27 PM info -  [DefaultGLSPServer] process [action=computedBounds, clientId=tasklist-diagram_0] 
12:16:28 PM info -  [DefaultGLSPServer] process [action=saveModel, clientId=tasklist-diagram_0] 
12:16:33 PM info -  [DefaultGLSPServer] process [action=deleteElement, clientId=tasklist-diagram_0] 
12:16:33 PM info -  [DefaultGLSPServer] process [action=computedBounds, clientId=tasklist-diagram_0] 
12:16:33 PM info -  [DefaultGLSPServer] process [action=requestPopupModel, clientId=tasklist-diagram_0] 
12:16:33 PM warn -  [RequestPopupModelActionHandler] Could not process `RequestPopupModelAction`. No `PopupModelFactory` is bound 
12:16:34 PM info -  [DefaultGLSPServer] process [action=saveModel, clientId=tasklist-diagram_0] 
12:16:35 PM info -  [DefaultGLSPServer] process [action=compound, clientId=tasklist-diagram_0] 
12:16:35 PM info -  [DefaultGLSPServer] process [action=computedBounds, clientId=tasklist-diagram_0] 
12:16:36 PM info -  [DefaultGLSPServer] process [action=saveModel, clientId=tasklist-diagram_0] 
12:16:38 PM info -  [DefaultGLSPServer] process [action=requestMarkers, clientId=tasklist-diagram_0] 
12:16:38 PM error -  [DefaultGLSPServer] Could not process action: 'requestMarkers 
12:16:38 PM error -  [DefaultGLSPServer] Error: Cannot compute markers! No implementation for ModelValidator has been bound 
12:16:42 PM info -  [DefaultGLSPServer] process [action=deleteElement, clientId=tasklist-diagram_0] 
12:16:42 PM info -  [DefaultGLSPServer] process [action=computedBounds, clientId=tasklist-diagram_0] 
12:16:43 PM info -  [DefaultGLSPServer] process [action=saveModel, clientId=tasklist-diagram_0] 
12:16:45 PM info -  [DefaultGLSPServer] process [action=deleteElement, clientId=tasklist-diagram_0] 
12:16:45 PM info -  [DefaultGLSPServer] process [action=computedBounds, clientId=tasklist-diagram_0] 
12:16:46 PM info -  [DefaultGLSPServer] process [action=saveModel, clientId=tasklist-diagram_0] 
12:16:51 PM info -  [DefaultGLSPServer] process [action=deleteElement, clientId=tasklist-diagram_0] 
12:16:51 PM info -  [DefaultGLSPServer] process [action=computedBounds, clientId=tasklist-diagram_0] 
12:16:52 PM info -  [DefaultGLSPServer] process [action=saveModel, clientId=tasklist-diagram_0] 
12:16:55 PM info -  [DefaultGLSPServer] process [action=compound, clientId=tasklist-diagram_0] 
12:16:55 PM info -  [DefaultGLSPServer] process [action=computedBounds, clientId=tasklist-diagram_0] 
12:16:56 PM info -  [DefaultGLSPServer] process [action=saveModel, clientId=tasklist-diagram_0] 
12:16:59 PM info -  [DefaultGLSPServer] process [action=compound, clientId=tasklist-diagram_0] 
12:16:59 PM info -  [DefaultGLSPServer] process [action=computedBounds, clientId=tasklist-diagram_0] 
12:17:00 PM info -  [DefaultGLSPServer] process [action=saveModel, clientId=tasklist-diagram_0] 
12:17:02 PM info -  [DefaultGLSPServer] process [action=createNode, clientId=tasklist-diagram_0] 
12:17:02 PM info -  [DefaultGLSPServer] process [action=computedBounds, clientId=tasklist-diagram_0] 
12:17:03 PM info -  [DefaultGLSPServer] process [action=saveModel, clientId=tasklist-diagram_0] 
12:17:10 PM info -  [DefaultGLSPServer] process [action=requestPopupModel, clientId=tasklist-diagram_0] 
12:17:10 PM warn -  [RequestPopupModelActionHandler] Could not process `RequestPopupModelAction`. No `PopupModelFactory` is bound 
12:17:14 PM info -  [DefaultGLSPServer] process [action=compound, clientId=tasklist-diagram_0] 
12:17:14 PM info -  [DefaultGLSPServer] process [action=computedBounds, clientId=tasklist-diagram_0] 
12:17:15 PM info -  [DefaultGLSPServer] process [action=saveModel, clientId=tasklist-diagram_0] 
12:17:15 PM info -  [DefaultGLSPServer] process [action=compound, clientId=tasklist-diagram_0] 
12:17:15 PM info -  [DefaultGLSPServer] process [action=computedBounds, clientId=tasklist-diagram_0] 
12:17:16 PM info -  [DefaultGLSPServer] process [action=saveModel, clientId=tasklist-diagram_0] 
12:17:29 PM info -  [DefaultGLSPServer] process [action=deleteElement, clientId=tasklist-diagram_0] 
12:17:29 PM info -  [DefaultGLSPServer] process [action=computedBounds, clientId=tasklist-diagram_0] 
12:17:30 PM info -  [DefaultGLSPServer] process [action=saveModel, clientId=tasklist-diagram_0] 
12:17:32 PM info -  [DefaultGLSPServer] process [action=deleteElement, clientId=tasklist-diagram_0] 
12:17:32 PM info -  [DefaultGLSPServer] process [action=computedBounds, clientId=tasklist-diagram_0] 
12:17:33 PM info -  [DefaultGLSPServer] process [action=saveModel, clientId=tasklist-diagram_0] 
12:17:34 PM info -  [DefaultGLSPServer] process [action=deleteElement, clientId=tasklist-diagram_0] 
12:17:34 PM info -  [DefaultGLSPServer] process [action=computedBounds, clientId=tasklist-diagram_0] 
12:17:35 PM info -  [DefaultGLSPServer] process [action=requestPopupModel, clientId=tasklist-diagram_0] 
12:17:35 PM warn -  [RequestPopupModelActionHandler] Could not process `RequestPopupModelAction`. No `PopupModelFactory` is bound 
12:17:35 PM info -  [DefaultGLSPServer] process [action=deleteElement, clientId=tasklist-diagram_0] 
12:17:35 PM info -  [DefaultGLSPServer] process [action=computedBounds, clientId=tasklist-diagram_0] 
12:17:35 PM info -  [DefaultGLSPServer] process [action=deleteElement, clientId=tasklist-diagram_0] 
12:17:35 PM info -  [DefaultGLSPServer] process [action=computedBounds, clientId=tasklist-diagram_0] 
12:17:35 PM info -  [DefaultGLSPServer] process [action=deleteElement, clientId=tasklist-diagram_0] 
12:17:35 PM info -  [DefaultGLSPServer] process [action=computedBounds, clientId=tasklist-diagram_0] 
12:17:35 PM info -  [DefaultGLSPServer] process [action=deleteElement, clientId=tasklist-diagram_0] 
12:17:35 PM info -  [DefaultGLSPServer] process [action=computedBounds, clientId=tasklist-diagram_0] 
12:17:36 PM info -  [DefaultGLSPServer] process [action=deleteElement, clientId=tasklist-diagram_0] 
12:17:36 PM info -  [DefaultGLSPServer] process [action=computedBounds, clientId=tasklist-diagram_0] 
12:17:37 PM info -  [DefaultGLSPServer] process [action=saveModel, clientId=tasklist-diagram_0] 
12:17:45 PM info -  [DefaultGLSPServer] process [action=createNode, clientId=tasklist-diagram_0] 
12:17:45 PM info -  [DefaultGLSPServer] process [action=computedBounds, clientId=tasklist-diagram_0] 
12:17:46 PM info -  [DefaultGLSPServer] process [action=saveModel, clientId=tasklist-diagram_0] 
12:17:46 PM info -  [DefaultGLSPServer] process [action=requestPopupModel, clientId=tasklist-diagram_0] 
12:17:46 PM warn -  [RequestPopupModelActionHandler] Could not process `RequestPopupModelAction`. No `PopupModelFactory` is bound 
12:17:48 PM info -  [DefaultGLSPServer] process [action=requestPopupModel, clientId=tasklist-diagram_0] 
12:17:48 PM warn -  [RequestPopupModelActionHandler] Could not process `RequestPopupModelAction`. No `PopupModelFactory` is bound 
12:17:49 PM info -  [DefaultGLSPServer] process [action=compound, clientId=tasklist-diagram_0] 
12:17:49 PM info -  [DefaultGLSPServer] process [action=computedBounds, clientId=tasklist-diagram_0] 
12:17:50 PM info -  [DefaultGLSPServer] process [action=saveModel, clientId=tasklist-diagram_0] 
12:17:50 PM info -  [DefaultGLSPServer] process [action=compound, clientId=tasklist-diagram_0] 
12:17:50 PM info -  [DefaultGLSPServer] process [action=computedBounds, clientId=tasklist-diagram_0] 
12:17:51 PM info -  [DefaultGLSPServer] process [action=saveModel, clientId=tasklist-diagram_0] 
12:17:52 PM info -  [DefaultGLSPServer] process [action=compound, clientId=tasklist-diagram_0] 
12:17:52 PM info -  [DefaultGLSPServer] process [action=computedBounds, clientId=tasklist-diagram_0] 
12:17:53 PM info -  [DefaultGLSPServer] process [action=saveModel, clientId=tasklist-diagram_0] 
12:17:55 PM info -  [DefaultGLSPServer] process [action=deleteElement, clientId=tasklist-diagram_0] 
12:17:55 PM info -  [DefaultGLSPServer] process [action=computedBounds, clientId=tasklist-diagram_0] 
12:17:55 PM info -  [DefaultGLSPServer] process [action=requestPopupModel, clientId=tasklist-diagram_0] 
12:17:55 PM warn -  [RequestPopupModelActionHandler] Could not process `RequestPopupModelAction`. No `PopupModelFactory` is bound 
12:17:56 PM info -  [DefaultGLSPServer] process [action=saveModel, clientId=tasklist-diagram_0] 
12:17:57 PM info -  [DefaultGLSPServer] process [action=deleteElement, clientId=tasklist-diagram_0] 
12:17:57 PM info -  [DefaultGLSPServer] process [action=computedBounds, clientId=tasklist-diagram_0] 
12:17:58 PM info -  [DefaultGLSPServer] process [action=saveModel, clientId=tasklist-diagram_0] 
