6:22:31 PM info -  [SocketServerLauncher] The GLSP server is ready to accept new client requests on port: 55956 
6:22:31 PM info -  [SocketServerLauncher] Starting GLSP server connection 
6:22:31 PM info -  [DefaultGLSPServer] Initializing server with: applicationId: 1d0be9d8-5ce0-42f6-8aa0-4df6cc0c26f4, protocolVersion: 1.0.0 
6:22:31 PM info -  [DefaultGLSPServer] Initializing client session with: clientSessionId: 'tasklist-diagram_0', diagramType: 'tasklist-diagram' 
6:22:31 PM info -  [DefaultGLSPServer] process [action=requestContextActions, clientId=tasklist-diagram_0] 
6:22:31 PM info -  [DefaultGLSPServer] process [action=requestModel, clientId=tasklist-diagram_0] 
6:22:31 PM info -  [DefaultGLSPServer] process [action=computedBounds, clientId=tasklist-diagram_0] 
6:22:31 PM info -  [DefaultGLSPServer] process [action=requestTypeHints, clientId=tasklist-diagram_0] 
6:22:33 PM info -  [DefaultGLSPServer] process [action=compound, clientId=tasklist-diagram_0] 
6:22:33 PM error -  [DefaultCommandStack] An error occurred during command execution. CommandStack will be flushed! Unsupported Task Editing: 
            Error: Unsupported Task Editing: 
    at TaskListChangeBoundsHandler.changeElementBounds (/Users/work/Desktop/node-json-vscode/tasklist-vscode/extension/dist/tasklist-glsp-server.js:46199:19)
    at /Users/work/Desktop/node-json-vscode/tasklist-vscode/extension/dist/tasklist-glsp-server.js:46191:57
    at Array.forEach (<anonymous>)
    at JsonRecordingCommand.doExecute (/Users/work/Desktop/node-json-vscode/tasklist-vscode/extension/dist/tasklist-glsp-server.js:46191:33)
    at JsonRecordingCommand.execute (/Users/work/Desktop/node-json-vscode/tasklist-vscode/extension/dist/tasklist-glsp-server.js:7768:20)
    at process.processTicksAndRejections (node:internal/process/task_queues:105:5)
    at async CompoundCommand.execute (/Users/work/Desktop/node-json-vscode/tasklist-vscode/extension/dist/tasklist-glsp-server.js:7679:17)
    at async DefaultCommandStack.execute (/Users/work/Desktop/node-json-vscode/tasklist-vscode/extension/dist/tasklist-glsp-server.js:7558:13)
6:22:33 PM error -  [DefaultGLSPServer] Could not process action: 'compound 
6:22:33 PM error -  [DefaultGLSPServer] Error: Unsupported Task Editing:  
6:22:34 PM info -  [DefaultGLSPServer] process [action=compound, clientId=tasklist-diagram_0] 
6:22:34 PM error -  [DefaultCommandStack] An error occurred during command execution. CommandStack will be flushed! Unsupported Task Editing: 
            Error: Unsupported Task Editing: 
    at TaskListChangeBoundsHandler.changeElementBounds (/Users/work/Desktop/node-json-vscode/tasklist-vscode/extension/dist/tasklist-glsp-server.js:46199:19)
    at /Users/work/Desktop/node-json-vscode/tasklist-vscode/extension/dist/tasklist-glsp-server.js:46191:57
    at Array.forEach (<anonymous>)
    at JsonRecordingCommand.doExecute (/Users/work/Desktop/node-json-vscode/tasklist-vscode/extension/dist/tasklist-glsp-server.js:46191:33)
    at JsonRecordingCommand.execute (/Users/work/Desktop/node-json-vscode/tasklist-vscode/extension/dist/tasklist-glsp-server.js:7768:20)
    at process.processTicksAndRejections (node:internal/process/task_queues:105:5)
    at async CompoundCommand.execute (/Users/work/Desktop/node-json-vscode/tasklist-vscode/extension/dist/tasklist-glsp-server.js:7679:17)
    at async DefaultCommandStack.execute (/Users/work/Desktop/node-json-vscode/tasklist-vscode/extension/dist/tasklist-glsp-server.js:7558:13)
6:22:34 PM error -  [DefaultGLSPServer] Could not process action: 'compound 
6:22:34 PM error -  [DefaultGLSPServer] Error: Unsupported Task Editing:  
6:22:35 PM info -  [DefaultGLSPServer] process [action=changeBounds, clientId=tasklist-diagram_0] 
6:22:35 PM error -  [DefaultCommandStack] An error occurred during command execution. CommandStack will be flushed! Unsupported Task Editing: 
            Error: Unsupported Task Editing: 
    at TaskListChangeBoundsHandler.changeElementBounds (/Users/work/Desktop/node-json-vscode/tasklist-vscode/extension/dist/tasklist-glsp-server.js:46199:19)
    at /Users/work/Desktop/node-json-vscode/tasklist-vscode/extension/dist/tasklist-glsp-server.js:46191:57
    at Array.forEach (<anonymous>)
    at JsonRecordingCommand.doExecute (/Users/work/Desktop/node-json-vscode/tasklist-vscode/extension/dist/tasklist-glsp-server.js:46191:33)
    at JsonRecordingCommand.execute (/Users/work/Desktop/node-json-vscode/tasklist-vscode/extension/dist/tasklist-glsp-server.js:7768:20)
    at process.processTicksAndRejections (node:internal/process/task_queues:105:5)
    at async DefaultCommandStack.execute (/Users/work/Desktop/node-json-vscode/tasklist-vscode/extension/dist/tasklist-glsp-server.js:7558:13)
6:22:35 PM error -  [DefaultGLSPServer] Could not process action: 'changeBounds 
6:22:35 PM error -  [DefaultGLSPServer] Error: Unsupported Task Editing:  
