12:09:39 PM info -  [SocketServerLauncher] The GLSP server is ready to accept new client requests on port: 64164 
12:09:39 PM info -  [SocketServerLauncher] Starting GLSP server connection 
12:09:39 PM info -  [DefaultGLSPServer] Initializing server with: applicationId: a331e9a1-25a8-45f3-8992-215009e9680d, protocolVersion: 1.0.0 
12:09:39 PM info -  [DefaultGLSPServer] Initializing client session with: clientSessionId: 'tasklist-diagram_0', diagramType: 'tasklist-diagram' 
12:09:39 PM info -  [DefaultGLSPServer] process [action=requestContextActions, clientId=tasklist-diagram_0] 
12:09:39 PM info -  [DefaultGLSPServer] process [action=requestModel, clientId=tasklist-diagram_0] 
12:09:39 PM info -  [DefaultGLSPServer] process [action=computedBounds, clientId=tasklist-diagram_0] 
12:09:39 PM info -  [DefaultGLSPServer] process [action=requestTypeHints, clientId=tasklist-diagram_0] 
12:09:42 PM info -  [DefaultGLSPServer] process [action=compound, clientId=tasklist-diagram_0] 
12:09:42 PM info -  [DefaultGLSPServer] process [action=computedBounds, clientId=tasklist-diagram_0] 
12:09:43 PM info -  [DefaultGLSPServer] process [action=compound, clientId=tasklist-diagram_0] 
12:09:43 PM info -  [DefaultGLSPServer] process [action=computedBounds, clientId=tasklist-diagram_0] 
12:09:44 PM info -  [DefaultGLSPServer] process [action=saveModel, clientId=tasklist-diagram_0] 
12:09:44 PM info -  [DefaultGLSPServer] process [action=requestPopupModel, clientId=tasklist-diagram_0] 
12:09:44 PM warn -  [RequestPopupModelActionHandler] Could not process `RequestPopupModelAction`. No `PopupModelFactory` is bound 
12:09:44 PM info -  [DefaultGLSPServer] process [action=changeBounds, clientId=tasklist-diagram_0] 
12:09:44 PM info -  [DefaultGLSPServer] process [action=computedBounds, clientId=tasklist-diagram_0] 
12:09:45 PM info -  [DefaultGLSPServer] process [action=saveModel, clientId=tasklist-diagram_0] 
12:09:46 PM info -  [DefaultGLSPServer] process [action=compound, clientId=tasklist-diagram_0] 
12:09:47 PM info -  [DefaultGLSPServer] process [action=computedBounds, clientId=tasklist-diagram_0] 
12:09:47 PM info -  [DefaultGLSPServer] process [action=compound, clientId=tasklist-diagram_0] 
12:09:47 PM info -  [DefaultGLSPServer] process [action=computedBounds, clientId=tasklist-diagram_0] 
12:09:48 PM info -  [DefaultGLSPServer] process [action=saveModel, clientId=tasklist-diagram_0] 
12:09:49 PM info -  [DefaultGLSPServer] process [action=compound, clientId=tasklist-diagram_0] 
12:09:49 PM info -  [DefaultGLSPServer] process [action=computedBounds, clientId=tasklist-diagram_0] 
12:09:50 PM info -  [DefaultGLSPServer] process [action=saveModel, clientId=tasklist-diagram_0] 
12:09:53 PM info -  [DefaultGLSPServer] process [action=createNode, clientId=tasklist-diagram_0] 
12:09:53 PM info -  [DefaultGLSPServer] process [action=computedBounds, clientId=tasklist-diagram_0] 
12:09:54 PM info -  [DefaultGLSPServer] process [action=saveModel, clientId=tasklist-diagram_0] 
12:09:56 PM info -  [DefaultGLSPServer] process [action=requestPopupModel, clientId=tasklist-diagram_0] 
12:09:56 PM warn -  [RequestPopupModelActionHandler] Could not process `RequestPopupModelAction`. No `PopupModelFactory` is bound 
12:10:00 PM info -  [DefaultGLSPServer] process [action=changeBounds, clientId=tasklist-diagram_0] 
12:10:00 PM info -  [DefaultGLSPServer] process [action=computedBounds, clientId=tasklist-diagram_0] 
12:10:00 PM info -  [DefaultGLSPServer] process [action=changeBounds, clientId=tasklist-diagram_0] 
12:10:00 PM info -  [DefaultGLSPServer] process [action=computedBounds, clientId=tasklist-diagram_0] 
12:10:01 PM info -  [DefaultGLSPServer] process [action=saveModel, clientId=tasklist-diagram_0] 
