12:12:02 PM info -  [SocketServerLauncher] The GLSP server is ready to accept new client requests on port: 64309 
12:12:02 PM info -  [SocketServerLauncher] Starting GLSP server connection 
12:12:02 PM info -  [DefaultGLSPServer] Initializing server with: applicationId: 3df32fe6-ae5c-4247-b52e-f34902924fe1, protocolVersion: 1.0.0 
12:12:02 PM info -  [DefaultGLSPServer] Initializing client session with: clientSessionId: 'tasklist-diagram_0', diagramType: 'tasklist-diagram' 
12:12:02 PM info -  [DefaultGLSPServer] process [action=requestContextActions, clientId=tasklist-diagram_0] 
12:12:02 PM info -  [DefaultGLSPServer] process [action=requestModel, clientId=tasklist-diagram_0] 
12:12:02 PM info -  [DefaultGLSPServer] process [action=computedBounds, clientId=tasklist-diagram_0] 
12:12:02 PM info -  [DefaultGLSPServer] process [action=requestTypeHints, clientId=tasklist-diagram_0] 
12:12:06 PM info -  [DefaultGLSPServer] process [action=createNode, clientId=tasklist-diagram_0] 
12:12:06 PM info -  [DefaultGLSPServer] process [action=computedBounds, clientId=tasklist-diagram_0] 
12:12:07 PM info -  [DefaultGLSPServer] process [action=saveModel, clientId=tasklist-diagram_0] 
12:12:11 PM info -  [DefaultGLSPServer] process [action=createNode, clientId=tasklist-diagram_0] 
12:12:11 PM info -  [DefaultGLSPServer] process [action=computedBounds, clientId=tasklist-diagram_0] 
12:12:12 PM info -  [DefaultGLSPServer] process [action=saveModel, clientId=tasklist-diagram_0] 
12:12:12 PM info -  [DefaultGLSPServer] process [action=requestPopupModel, clientId=tasklist-diagram_0] 
12:12:12 PM warn -  [RequestPopupModelActionHandler] Could not process `RequestPopupModelAction`. No `PopupModelFactory` is bound 
12:12:12 PM info -  [DefaultGLSPServer] process [action=changeBounds, clientId=tasklist-diagram_0] 
12:12:12 PM info -  [DefaultGLSPServer] process [action=computedBounds, clientId=tasklist-diagram_0] 
12:12:13 PM info -  [DefaultGLSPServer] process [action=compound, clientId=tasklist-diagram_0] 
12:12:13 PM info -  [DefaultGLSPServer] process [action=computedBounds, clientId=tasklist-diagram_0] 
12:12:14 PM info -  [DefaultGLSPServer] process [action=saveModel, clientId=tasklist-diagram_0] 
12:12:14 PM info -  [DefaultGLSPServer] process [action=compound, clientId=tasklist-diagram_0] 
12:12:14 PM info -  [DefaultGLSPServer] process [action=computedBounds, clientId=tasklist-diagram_0] 
12:12:15 PM info -  [DefaultGLSPServer] process [action=compound, clientId=tasklist-diagram_0] 
12:12:15 PM info -  [DefaultGLSPServer] process [action=computedBounds, clientId=tasklist-diagram_0] 
12:12:16 PM info -  [DefaultGLSPServer] process [action=saveModel, clientId=tasklist-diagram_0] 
