2:21:37 PM info -  [SocketServerLauncher] The GLSP server is ready to accept new client requests on port: 59435 
2:21:37 PM info -  [SocketServerLauncher] Starting GLSP server connection 
2:21:37 PM info -  [DefaultGLSPServer] Initializing server with: applicationId: 9a3f1940-cffe-4470-b0ef-5ed367850c6f, protocolVersion: 1.0.0 
2:21:37 PM info -  [DefaultGLSPServer] Initializing client session with: clientSessionId: 'tasklist-diagram_0', diagramType: 'tasklist-diagram' 
2:21:37 PM info -  [DefaultGLSPServer] process [action=requestContextActions, clientId=tasklist-diagram_0] 
2:21:38 PM info -  [DefaultGLSPServer] process [action=requestModel, clientId=tasklist-diagram_0] 
2:21:38 PM info -  [DefaultGLSPServer] process [action=computedBounds, clientId=tasklist-diagram_0] 
2:21:38 PM info -  [DefaultGLSPServer] process [action=requestTypeHints, clientId=tasklist-diagram_0] 
2:21:41 PM info -  [DefaultGLSPServer] process [action=createNode, clientId=tasklist-diagram_0] 
2:21:41 PM info -  [DefaultGLSPServer] process [action=computedBounds, clientId=tasklist-diagram_0] 
2:21:42 PM info -  [DefaultGLSPServer] process [action=saveModel, clientId=tasklist-diagram_0] 
2:21:44 PM info -  [DefaultGLSPServer] process [action=createNode, clientId=tasklist-diagram_0] 
2:21:44 PM info -  [DefaultGLSPServer] process [action=computedBounds, clientId=tasklist-diagram_0] 
2:21:45 PM info -  [DefaultGLSPServer] process [action=saveModel, clientId=tasklist-diagram_0] 
2:21:48 PM info -  [DefaultGLSPServer] process [action=createNode, clientId=tasklist-diagram_0] 
2:21:48 PM info -  [DefaultGLSPServer] process [action=computedBounds, clientId=tasklist-diagram_0] 
2:21:48 PM info -  [DefaultGLSPServer] process [action=compound, clientId=tasklist-diagram_0] 
2:21:49 PM info -  [DefaultGLSPServer] process [action=computedBounds, clientId=tasklist-diagram_0] 
2:21:49 PM info -  [DefaultGLSPServer] process [action=compound, clientId=tasklist-diagram_0] 
2:21:49 PM info -  [DefaultGLSPServer] process [action=computedBounds, clientId=tasklist-diagram_0] 
2:21:50 PM info -  [DefaultGLSPServer] process [action=saveModel, clientId=tasklist-diagram_0] 
2:21:51 PM info -  [DefaultGLSPServer] process [action=requestPopupModel, clientId=tasklist-diagram_0] 
2:21:51 PM warn -  [RequestPopupModelActionHandler] Could not process `RequestPopupModelAction`. No `PopupModelFactory` is bound 
2:21:51 PM info -  [DefaultGLSPServer] process [action=compound, clientId=tasklist-diagram_0] 
2:21:51 PM info -  [DefaultGLSPServer] process [action=computedBounds, clientId=tasklist-diagram_0] 
2:21:51 PM info -  [DefaultGLSPServer] process [action=compound, clientId=tasklist-diagram_0] 
2:21:51 PM info -  [DefaultGLSPServer] process [action=computedBounds, clientId=tasklist-diagram_0] 
2:21:52 PM info -  [DefaultGLSPServer] process [action=saveModel, clientId=tasklist-diagram_0] 
2:21:54 PM info -  [DefaultGLSPServer] process [action=compound, clientId=tasklist-diagram_0] 
2:21:54 PM info -  [DefaultGLSPServer] process [action=computedBounds, clientId=tasklist-diagram_0] 
2:21:55 PM info -  [DefaultGLSPServer] process [action=compound, clientId=tasklist-diagram_0] 
2:21:55 PM info -  [DefaultGLSPServer] process [action=computedBounds, clientId=tasklist-diagram_0] 
2:21:56 PM info -  [DefaultGLSPServer] process [action=saveModel, clientId=tasklist-diagram_0] 
2:22:00 PM info -  [DefaultGLSPServer] process [action=createEdge, clientId=tasklist-diagram_0] 
2:22:00 PM info -  [DefaultGLSPServer] process [action=computedBounds, clientId=tasklist-diagram_0] 
2:22:01 PM info -  [DefaultGLSPServer] process [action=saveModel, clientId=tasklist-diagram_0] 
