11:51:55 AM info -  [SocketServerLauncher] The GLSP server is ready to accept new client requests on port: 51401 
11:51:55 AM info -  [SocketServerLauncher] Starting GLSP server connection 
11:51:56 AM info -  [DefaultGLSPServer] Initializing server with: applicationId: 460bc387-723d-4637-a37e-f4cf6285bb4c, protocolVersion: 1.0.0 
11:51:56 AM info -  [DefaultGLSPServer] Initializing client session with: clientSessionId: 'tasklist-diagram_0', diagramType: 'tasklist-diagram' 
11:51:56 AM info -  [DefaultGLSPServer] process [action=requestContextActions, clientId=tasklist-diagram_0] 
11:51:56 AM info -  [DefaultGLSPServer] process [action=requestModel, clientId=tasklist-diagram_0] 
11:51:56 AM info -  [DefaultGLSPServer] process [action=computedBounds, clientId=tasklist-diagram_0] 
11:51:56 AM info -  [DefaultGLSPServer] process [action=requestTypeHints, clientId=tasklist-diagram_0] 
11:51:57 AM info -  [DefaultGLSPServer] process [action=compound, clientId=tasklist-diagram_0] 
11:51:57 AM info -  [DefaultGLSPServer] process [action=computedBounds, clientId=tasklist-diagram_0] 
11:51:58 AM info -  [DefaultGLSPServer] process [action=saveModel, clientId=tasklist-diagram_0] 
11:51:58 AM info -  [DefaultGLSPServer] process [action=compound, clientId=tasklist-diagram_0] 
11:51:58 AM info -  [DefaultGLSPServer] process [action=computedBounds, clientId=tasklist-diagram_0] 
11:51:59 AM info -  [DefaultGLSPServer] process [action=saveModel, clientId=tasklist-diagram_0] 
11:52:00 AM info -  [DefaultGLSPServer] process [action=changeBounds, clientId=tasklist-diagram_0] 
11:52:00 AM info -  [DefaultGLSPServer] process [action=computedBounds, clientId=tasklist-diagram_0] 
11:52:01 AM info -  [DefaultGLSPServer] process [action=saveModel, clientId=tasklist-diagram_0] 
11:52:02 AM info -  [DefaultGLSPServer] process [action=compound, clientId=tasklist-diagram_0] 
11:52:02 AM info -  [DefaultGLSPServer] process [action=computedBounds, clientId=tasklist-diagram_0] 
11:52:03 AM info -  [DefaultGLSPServer] process [action=saveModel, clientId=tasklist-diagram_0] 
11:52:04 AM info -  [DefaultGLSPServer] process [action=requestPopupModel, clientId=tasklist-diagram_0] 
11:52:04 AM warn -  [RequestPopupModelActionHandler] Could not process `RequestPopupModelAction`. No `PopupModelFactory` is bound 
11:52:04 AM info -  [DefaultGLSPServer] process [action=changeBounds, clientId=tasklist-diagram_0] 
11:52:04 AM info -  [DefaultGLSPServer] process [action=computedBounds, clientId=tasklist-diagram_0] 
11:52:04 AM info -  [DefaultGLSPServer] process [action=compound, clientId=tasklist-diagram_0] 
11:52:04 AM info -  [DefaultGLSPServer] process [action=computedBounds, clientId=tasklist-diagram_0] 
11:52:05 AM info -  [DefaultGLSPServer] process [action=compound, clientId=tasklist-diagram_0] 
11:52:05 AM info -  [DefaultGLSPServer] process [action=computedBounds, clientId=tasklist-diagram_0] 
11:52:06 AM info -  [DefaultGLSPServer] process [action=saveModel, clientId=tasklist-diagram_0] 
11:52:07 AM info -  [DefaultGLSPServer] process [action=changeBounds, clientId=tasklist-diagram_0] 
11:52:07 AM info -  [DefaultGLSPServer] process [action=computedBounds, clientId=tasklist-diagram_0] 
11:52:08 AM info -  [DefaultGLSPServer] process [action=saveModel, clientId=tasklist-diagram_0] 
11:52:08 AM info -  [DefaultGLSPServer] process [action=compound, clientId=tasklist-diagram_0] 
11:52:08 AM info -  [DefaultGLSPServer] process [action=computedBounds, clientId=tasklist-diagram_0] 
11:52:09 AM info -  [DefaultGLSPServer] process [action=saveModel, clientId=tasklist-diagram_0] 
11:52:10 AM info -  [DefaultGLSPServer] process [action=requestPopupModel, clientId=tasklist-diagram_0] 
11:52:10 AM warn -  [RequestPopupModelActionHandler] Could not process `RequestPopupModelAction`. No `PopupModelFactory` is bound 
11:52:15 AM info -  [DefaultGLSPServer] process [action=compound, clientId=tasklist-diagram_0] 
11:52:15 AM info -  [DefaultGLSPServer] process [action=computedBounds, clientId=tasklist-diagram_0] 
11:52:16 AM info -  [DefaultGLSPServer] process [action=saveModel, clientId=tasklist-diagram_0] 
11:52:16 AM info -  [DefaultGLSPServer] process [action=compound, clientId=tasklist-diagram_0] 
11:52:16 AM info -  [DefaultGLSPServer] process [action=computedBounds, clientId=tasklist-diagram_0] 
