1:26:51 PM info -  [SocketServerLauncher] The GLSP server is ready to accept new client requests on port: 52949 
1:26:51 PM info -  [SocketServerLauncher] Starting GLSP server connection 
1:26:52 PM info -  [DefaultGLSPServer] Initializing server with: applicationId: 507108b1-2bed-44db-b567-b1ceefe294cb, protocolVersion: 1.0.0 
1:26:52 PM info -  [DefaultGLSPServer] Initializing client session with: clientSessionId: 'tasklist-diagram_0', diagramType: 'tasklist-diagram' 
1:26:52 PM info -  [DefaultGLSPServer] process [action=requestContextActions, clientId=tasklist-diagram_0] 
1:26:52 PM info -  [DefaultGLSPServer] process [action=requestModel, clientId=tasklist-diagram_0] 
1:26:52 PM info -  [DefaultGLSPServer] process [action=computedBounds, clientId=tasklist-diagram_0] 
1:26:52 PM info -  [DefaultGLSPServer] process [action=requestTypeHints, clientId=tasklist-diagram_0] 
1:27:21 PM info -  [DefaultGLSPServer] process [action=createNode, clientId=tasklist-diagram_0] 
1:27:21 PM info -  [DefaultGLSPServer] process [action=computedBounds, clientId=tasklist-diagram_0] 
1:27:22 PM info -  [DefaultGLSPServer] process [action=saveModel, clientId=tasklist-diagram_0] 
1:27:24 PM info -  [DefaultGLSPServer] process [action=requestPopupModel, clientId=tasklist-diagram_0] 
1:27:24 PM warn -  [RequestPopupModelActionHandler] Could not process `RequestPopupModelAction`. No `PopupModelFactory` is bound 
1:27:26 PM info -  [DefaultGLSPServer] process [action=compound, clientId=tasklist-diagram_0] 
1:27:26 PM info -  [DefaultGLSPServer] process [action=computedBounds, clientId=tasklist-diagram_0] 
1:27:27 PM info -  [DefaultGLSPServer] process [action=saveModel, clientId=tasklist-diagram_0] 
1:27:28 PM info -  [DefaultGLSPServer] process [action=requestPopupModel, clientId=tasklist-diagram_0] 
1:27:28 PM warn -  [RequestPopupModelActionHandler] Could not process `RequestPopupModelAction`. No `PopupModelFactory` is bound 
1:27:31 PM info -  [DefaultGLSPServer] process [action=changeBounds, clientId=tasklist-diagram_0] 
1:27:31 PM info -  [DefaultGLSPServer] process [action=computedBounds, clientId=tasklist-diagram_0] 
1:27:32 PM info -  [DefaultGLSPServer] process [action=saveModel, clientId=tasklist-diagram_0] 
1:27:32 PM info -  [DefaultGLSPServer] process [action=createNode, clientId=tasklist-diagram_0] 
1:27:32 PM info -  [DefaultGLSPServer] process [action=computedBounds, clientId=tasklist-diagram_0] 
1:27:33 PM info -  [DefaultGLSPServer] process [action=saveModel, clientId=tasklist-diagram_0] 
1:27:34 PM info -  [DefaultGLSPServer] process [action=compound, clientId=tasklist-diagram_0] 
1:27:34 PM info -  [DefaultGLSPServer] process [action=computedBounds, clientId=tasklist-diagram_0] 
1:27:34 PM info -  [DefaultGLSPServer] process [action=compound, clientId=tasklist-diagram_0] 
1:27:34 PM info -  [DefaultGLSPServer] process [action=computedBounds, clientId=tasklist-diagram_0] 
1:27:35 PM info -  [DefaultGLSPServer] process [action=saveModel, clientId=tasklist-diagram_0] 
