4:24:55 PM info -  [SocketServerLauncher] The GLSP server is ready to accept new client requests on port: 54492 
4:24:55 PM info -  [SocketServerLauncher] Starting GLSP server connection 
4:24:55 PM info -  [DefaultGLSPServer] Initializing server with: applicationId: 76030faa-22fc-4012-9c83-f3815af7a132, protocolVersion: 1.0.0 
4:24:55 PM info -  [DefaultGLSPServer] Initializing client session with: clientSessionId: 'tasklist-diagram_0', diagramType: 'tasklist-diagram' 
4:24:55 PM info -  [DefaultGLSPServer] process [action=requestContextActions, clientId=tasklist-diagram_0] 
4:24:55 PM info -  [DefaultGLSPServer] process [action=requestModel, clientId=tasklist-diagram_0] 
4:24:55 PM info -  [DefaultGLSPServer] process [action=computedBounds, clientId=tasklist-diagram_0] 
4:24:55 PM info -  [DefaultGLSPServer] process [action=requestTypeHints, clientId=tasklist-diagram_0] 
4:25:00 PM info -  [DefaultGLSPServer] process [action=compound, clientId=tasklist-diagram_0] 
4:25:00 PM info -  [DefaultGLSPServer] process [action=computedBounds, clientId=tasklist-diagram_0] 
4:25:01 PM info -  [DefaultGLSPServer] process [action=requestPopupModel, clientId=tasklist-diagram_0] 
4:25:01 PM warn -  [RequestPopupModelActionHandler] Could not process `RequestPopupModelAction`. No `PopupModelFactory` is bound 
4:25:01 PM info -  [DefaultGLSPServer] process [action=saveModel, clientId=tasklist-diagram_0] 
4:25:02 PM info -  [DefaultGLSPServer] process [action=compound, clientId=tasklist-diagram_0] 
4:25:02 PM info -  [DefaultGLSPServer] process [action=computedBounds, clientId=tasklist-diagram_0] 
4:25:03 PM info -  [DefaultGLSPServer] process [action=saveModel, clientId=tasklist-diagram_0] 
4:25:04 PM info -  [DefaultGLSPServer] process [action=compound, clientId=tasklist-diagram_0] 
4:25:04 PM info -  [DefaultGLSPServer] process [action=computedBounds, clientId=tasklist-diagram_0] 
4:25:05 PM info -  [DefaultGLSPServer] process [action=requestPopupModel, clientId=tasklist-diagram_0] 
4:25:05 PM warn -  [RequestPopupModelActionHandler] Could not process `RequestPopupModelAction`. No `PopupModelFactory` is bound 
4:25:05 PM info -  [DefaultGLSPServer] process [action=saveModel, clientId=tasklist-diagram_0] 
4:25:06 PM info -  [DefaultGLSPServer] process [action=compound, clientId=tasklist-diagram_0] 
4:25:06 PM info -  [DefaultGLSPServer] process [action=computedBounds, clientId=tasklist-diagram_0] 
4:25:07 PM info -  [DefaultGLSPServer] process [action=saveModel, clientId=tasklist-diagram_0] 
4:25:07 PM info -  [DefaultGLSPServer] process [action=compound, clientId=tasklist-diagram_0] 
4:25:07 PM info -  [DefaultGLSPServer] process [action=computedBounds, clientId=tasklist-diagram_0] 
4:25:08 PM info -  [DefaultGLSPServer] process [action=requestPopupModel, clientId=tasklist-diagram_0] 
4:25:08 PM warn -  [RequestPopupModelActionHandler] Could not process `RequestPopupModelAction`. No `PopupModelFactory` is bound 
4:25:08 PM info -  [DefaultGLSPServer] process [action=saveModel, clientId=tasklist-diagram_0] 
4:25:11 PM info -  [DefaultGLSPServer] process [action=compound, clientId=tasklist-diagram_0] 
4:25:11 PM info -  [DefaultGLSPServer] process [action=computedBounds, clientId=tasklist-diagram_0] 
4:25:12 PM info -  [DefaultGLSPServer] process [action=saveModel, clientId=tasklist-diagram_0] 
4:25:22 PM info -  [DefaultGLSPServer] process [action=compound, clientId=tasklist-diagram_0] 
4:25:22 PM info -  [DefaultGLSPServer] process [action=computedBounds, clientId=tasklist-diagram_0] 
4:25:23 PM info -  [DefaultGLSPServer] process [action=compound, clientId=tasklist-diagram_0] 
4:25:23 PM info -  [DefaultGLSPServer] process [action=computedBounds, clientId=tasklist-diagram_0] 
4:25:24 PM info -  [DefaultGLSPServer] process [action=requestPopupModel, clientId=tasklist-diagram_0] 
4:25:24 PM warn -  [RequestPopupModelActionHandler] Could not process `RequestPopupModelAction`. No `PopupModelFactory` is bound 
4:25:24 PM info -  [DefaultGLSPServer] process [action=saveModel, clientId=tasklist-diagram_0] 
4:25:26 PM info -  [DefaultGLSPServer] process [action=compound, clientId=tasklist-diagram_0] 
4:25:26 PM info -  [DefaultGLSPServer] process [action=computedBounds, clientId=tasklist-diagram_0] 
4:25:27 PM info -  [DefaultGLSPServer] process [action=saveModel, clientId=tasklist-diagram_0] 
4:25:28 PM info -  [DefaultGLSPServer] process [action=compound, clientId=tasklist-diagram_0] 
4:25:28 PM info -  [DefaultGLSPServer] process [action=computedBounds, clientId=tasklist-diagram_0] 
4:25:29 PM info -  [DefaultGLSPServer] process [action=saveModel, clientId=tasklist-diagram_0] 
4:25:29 PM info -  [DefaultGLSPServer] process [action=compound, clientId=tasklist-diagram_0] 
4:25:29 PM info -  [DefaultGLSPServer] process [action=computedBounds, clientId=tasklist-diagram_0] 
4:25:30 PM info -  [DefaultGLSPServer] process [action=saveModel, clientId=tasklist-diagram_0] 
4:25:30 PM info -  [DefaultGLSPServer] process [action=changeBounds, clientId=tasklist-diagram_0] 
4:25:30 PM info -  [DefaultGLSPServer] process [action=computedBounds, clientId=tasklist-diagram_0] 
4:25:31 PM info -  [DefaultGLSPServer] process [action=saveModel, clientId=tasklist-diagram_0] 
4:25:31 PM info -  [DefaultGLSPServer] process [action=changeBounds, clientId=tasklist-diagram_0] 
4:25:31 PM info -  [DefaultGLSPServer] process [action=computedBounds, clientId=tasklist-diagram_0] 
4:25:32 PM info -  [DefaultGLSPServer] process [action=saveModel, clientId=tasklist-diagram_0] 
4:27:43 PM info -  [DefaultGLSPServer] process [action=compound, clientId=tasklist-diagram_0] 
4:27:43 PM info -  [DefaultGLSPServer] process [action=computedBounds, clientId=tasklist-diagram_0] 
4:27:43 PM info -  [DefaultGLSPServer] process [action=requestPopupModel, clientId=tasklist-diagram_0] 
4:27:43 PM warn -  [RequestPopupModelActionHandler] Could not process `RequestPopupModelAction`. No `PopupModelFactory` is bound 
4:27:44 PM info -  [DefaultGLSPServer] process [action=saveModel, clientId=tasklist-diagram_0] 
4:27:45 PM info -  [DefaultGLSPServer] process [action=compound, clientId=tasklist-diagram_0] 
4:27:45 PM info -  [DefaultGLSPServer] process [action=computedBounds, clientId=tasklist-diagram_0] 
4:27:46 PM info -  [DefaultGLSPServer] process [action=saveModel, clientId=tasklist-diagram_0] 
4:27:47 PM info -  [DefaultGLSPServer] process [action=compound, clientId=tasklist-diagram_0] 
4:27:47 PM info -  [DefaultGLSPServer] process [action=computedBounds, clientId=tasklist-diagram_0] 
4:27:48 PM info -  [DefaultGLSPServer] process [action=saveModel, clientId=tasklist-diagram_0] 
4:27:48 PM info -  [DefaultGLSPServer] process [action=changeBounds, clientId=tasklist-diagram_0] 
4:27:48 PM info -  [DefaultGLSPServer] process [action=computedBounds, clientId=tasklist-diagram_0] 
4:27:49 PM info -  [DefaultGLSPServer] process [action=compound, clientId=tasklist-diagram_0] 
4:27:49 PM info -  [DefaultGLSPServer] process [action=computedBounds, clientId=tasklist-diagram_0] 
4:27:50 PM info -  [DefaultGLSPServer] process [action=saveModel, clientId=tasklist-diagram_0] 
4:27:51 PM info -  [DefaultGLSPServer] process [action=compound, clientId=tasklist-diagram_0] 
4:27:51 PM info -  [DefaultGLSPServer] process [action=computedBounds, clientId=tasklist-diagram_0] 
4:27:52 PM info -  [DefaultGLSPServer] process [action=requestPopupModel, clientId=tasklist-diagram_0] 
4:27:52 PM warn -  [RequestPopupModelActionHandler] Could not process `RequestPopupModelAction`. No `PopupModelFactory` is bound 
4:27:52 PM info -  [DefaultGLSPServer] process [action=saveModel, clientId=tasklist-diagram_0] 
4:27:54 PM info -  [DefaultGLSPServer] process [action=compound, clientId=tasklist-diagram_0] 
4:27:54 PM info -  [DefaultGLSPServer] process [action=computedBounds, clientId=tasklist-diagram_0] 
4:27:55 PM info -  [DefaultGLSPServer] process [action=saveModel, clientId=tasklist-diagram_0] 
4:28:00 PM info -  [DefaultGLSPServer] process [action=compound, clientId=tasklist-diagram_0] 
4:28:00 PM info -  [DefaultGLSPServer] process [action=computedBounds, clientId=tasklist-diagram_0] 
4:28:01 PM info -  [DefaultGLSPServer] process [action=saveModel, clientId=tasklist-diagram_0] 
4:28:36 PM info -  [DefaultGLSPServer] process [action=requestPopupModel, clientId=tasklist-diagram_0] 
4:28:36 PM warn -  [RequestPopupModelActionHandler] Could not process `RequestPopupModelAction`. No `PopupModelFactory` is bound 
4:28:36 PM info -  [DefaultGLSPServer] process [action=compound, clientId=tasklist-diagram_0] 
4:28:36 PM info -  [DefaultGLSPServer] process [action=computedBounds, clientId=tasklist-diagram_0] 
4:28:37 PM info -  [DefaultGLSPServer] process [action=saveModel, clientId=tasklist-diagram_0] 
4:28:37 PM info -  [DefaultGLSPServer] process [action=compound, clientId=tasklist-diagram_0] 
4:28:37 PM info -  [DefaultGLSPServer] process [action=computedBounds, clientId=tasklist-diagram_0] 
4:28:38 PM info -  [DefaultGLSPServer] process [action=saveModel, clientId=tasklist-diagram_0] 
