1:42:38 PM info -  [SocketServerLauncher] The GLSP server is ready to accept new client requests on port: 53325 
1:42:38 PM info -  [SocketServerLauncher] Starting GLSP server connection 
1:42:38 PM info -  [DefaultGLSPServer] Initializing server with: applicationId: da3b79ee-8274-46bf-b8fa-4b4d148f0fd3, protocolVersion: 1.0.0 
1:42:39 PM info -  [DefaultGLSPServer] Initializing client session with: clientSessionId: 'tasklist-diagram_0', diagramType: 'tasklist-diagram' 
1:42:39 PM info -  [DefaultGLSPServer] process [action=requestContextActions, clientId=tasklist-diagram_0] 
1:42:39 PM info -  [DefaultGLSPServer] process [action=requestModel, clientId=tasklist-diagram_0] 
1:42:39 PM info -  [DefaultGLSPServer] process [action=computedBounds, clientId=tasklist-diagram_0] 
1:42:39 PM info -  [DefaultGLSPServer] process [action=requestTypeHints, clientId=tasklist-diagram_0] 
1:42:43 PM info -  [DefaultGLSPServer] process [action=compound, clientId=tasklist-diagram_0] 
1:42:43 PM info -  [DefaultGLSPServer] process [action=computedBounds, clientId=tasklist-diagram_0] 
1:42:44 PM info -  [DefaultGLSPServer] process [action=compound, clientId=tasklist-diagram_0] 
1:42:44 PM info -  [DefaultGLSPServer] process [action=computedBounds, clientId=tasklist-diagram_0] 
1:42:45 PM info -  [DefaultGLSPServer] process [action=compound, clientId=tasklist-diagram_0] 
1:42:45 PM info -  [DefaultGLSPServer] process [action=computedBounds, clientId=tasklist-diagram_0] 
1:42:46 PM info -  [DefaultGLSPServer] process [action=saveModel, clientId=tasklist-diagram_0] 
1:42:46 PM info -  [DefaultGLSPServer] process [action=compound, clientId=tasklist-diagram_0] 
1:42:46 PM info -  [DefaultGLSPServer] process [action=computedBounds, clientId=tasklist-diagram_0] 
1:42:47 PM info -  [DefaultGLSPServer] process [action=saveModel, clientId=tasklist-diagram_0] 
1:42:47 PM info -  [DefaultGLSPServer] process [action=compound, clientId=tasklist-diagram_0] 
1:42:47 PM info -  [DefaultGLSPServer] process [action=computedBounds, clientId=tasklist-diagram_0] 
1:42:48 PM info -  [DefaultGLSPServer] process [action=saveModel, clientId=tasklist-diagram_0] 
1:42:48 PM info -  [DefaultGLSPServer] process [action=compound, clientId=tasklist-diagram_0] 
1:42:49 PM info -  [DefaultGLSPServer] process [action=computedBounds, clientId=tasklist-diagram_0] 
1:42:50 PM info -  [DefaultGLSPServer] process [action=saveModel, clientId=tasklist-diagram_0] 
1:42:50 PM info -  [DefaultGLSPServer] process [action=compound, clientId=tasklist-diagram_0] 
1:42:50 PM info -  [DefaultGLSPServer] process [action=computedBounds, clientId=tasklist-diagram_0] 
1:42:51 PM info -  [DefaultGLSPServer] process [action=saveModel, clientId=tasklist-diagram_0] 
1:42:52 PM info -  [DefaultGLSPServer] process [action=compound, clientId=tasklist-diagram_0] 
1:42:52 PM info -  [DefaultGLSPServer] process [action=computedBounds, clientId=tasklist-diagram_0] 
1:42:53 PM info -  [DefaultGLSPServer] process [action=saveModel, clientId=tasklist-diagram_0] 
1:42:54 PM info -  [DefaultGLSPServer] process [action=compound, clientId=tasklist-diagram_0] 
1:42:54 PM info -  [DefaultGLSPServer] process [action=computedBounds, clientId=tasklist-diagram_0] 
1:42:54 PM info -  [DefaultGLSPServer] process [action=compound, clientId=tasklist-diagram_0] 
1:42:54 PM info -  [DefaultGLSPServer] process [action=computedBounds, clientId=tasklist-diagram_0] 
1:42:55 PM info -  [DefaultGLSPServer] process [action=saveModel, clientId=tasklist-diagram_0] 
1:42:56 PM info -  [DefaultGLSPServer] process [action=compound, clientId=tasklist-diagram_0] 
1:42:56 PM info -  [DefaultGLSPServer] process [action=computedBounds, clientId=tasklist-diagram_0] 
1:42:57 PM info -  [DefaultGLSPServer] process [action=saveModel, clientId=tasklist-diagram_0] 
1:43:03 PM info -  [DefaultGLSPServer] process [action=requestPopupModel, clientId=tasklist-diagram_0] 
1:43:03 PM warn -  [RequestPopupModelActionHandler] Could not process `RequestPopupModelAction`. No `PopupModelFactory` is bound 
1:43:04 PM info -  [DefaultGLSPServer] process [action=compound, clientId=tasklist-diagram_0] 
1:43:04 PM info -  [DefaultGLSPServer] process [action=computedBounds, clientId=tasklist-diagram_0] 
1:43:05 PM info -  [DefaultGLSPServer] process [action=saveModel, clientId=tasklist-diagram_0] 
1:43:05 PM info -  [DefaultGLSPServer] process [action=compound, clientId=tasklist-diagram_0] 
1:43:05 PM info -  [DefaultGLSPServer] process [action=computedBounds, clientId=tasklist-diagram_0] 
1:43:06 PM info -  [DefaultGLSPServer] process [action=saveModel, clientId=tasklist-diagram_0] 
1:43:07 PM info -  [DefaultGLSPServer] process [action=requestPopupModel, clientId=tasklist-diagram_0] 
1:43:07 PM warn -  [RequestPopupModelActionHandler] Could not process `RequestPopupModelAction`. No `PopupModelFactory` is bound 
1:43:07 PM info -  [DefaultGLSPServer] process [action=compound, clientId=tasklist-diagram_0] 
1:43:07 PM info -  [DefaultGLSPServer] process [action=computedBounds, clientId=tasklist-diagram_0] 
1:43:08 PM info -  [DefaultGLSPServer] process [action=saveModel, clientId=tasklist-diagram_0] 
1:43:08 PM info -  [DefaultGLSPServer] process [action=compound, clientId=tasklist-diagram_0] 
1:43:08 PM info -  [DefaultGLSPServer] process [action=computedBounds, clientId=tasklist-diagram_0] 
1:43:08 PM info -  [DefaultGLSPServer] process [action=requestPopupModel, clientId=tasklist-diagram_0] 
1:43:08 PM warn -  [RequestPopupModelActionHandler] Could not process `RequestPopupModelAction`. No `PopupModelFactory` is bound 
1:43:09 PM info -  [DefaultGLSPServer] process [action=compound, clientId=tasklist-diagram_0] 
1:43:09 PM info -  [DefaultGLSPServer] process [action=computedBounds, clientId=tasklist-diagram_0] 
1:43:10 PM info -  [DefaultGLSPServer] process [action=saveModel, clientId=tasklist-diagram_0] 
1:43:11 PM info -  [DefaultGLSPServer] process [action=requestPopupModel, clientId=tasklist-diagram_0] 
1:43:11 PM warn -  [RequestPopupModelActionHandler] Could not process `RequestPopupModelAction`. No `PopupModelFactory` is bound 
1:43:12 PM info -  [DefaultGLSPServer] process [action=compound, clientId=tasklist-diagram_0] 
1:43:12 PM info -  [DefaultGLSPServer] process [action=computedBounds, clientId=tasklist-diagram_0] 
1:43:13 PM info -  [DefaultGLSPServer] process [action=saveModel, clientId=tasklist-diagram_0] 
1:43:13 PM info -  [DefaultGLSPServer] process [action=compound, clientId=tasklist-diagram_0] 
1:43:13 PM info -  [DefaultGLSPServer] process [action=computedBounds, clientId=tasklist-diagram_0] 
1:43:14 PM info -  [DefaultGLSPServer] process [action=saveModel, clientId=tasklist-diagram_0] 
1:43:15 PM info -  [DefaultGLSPServer] process [action=requestPopupModel, clientId=tasklist-diagram_0] 
1:43:15 PM warn -  [RequestPopupModelActionHandler] Could not process `RequestPopupModelAction`. No `PopupModelFactory` is bound 
1:43:15 PM info -  [DefaultGLSPServer] process [action=compound, clientId=tasklist-diagram_0] 
1:43:15 PM info -  [DefaultGLSPServer] process [action=computedBounds, clientId=tasklist-diagram_0] 
1:43:16 PM info -  [DefaultGLSPServer] process [action=saveModel, clientId=tasklist-diagram_0] 
1:43:17 PM info -  [DefaultGLSPServer] process [action=compound, clientId=tasklist-diagram_0] 
1:43:17 PM info -  [DefaultGLSPServer] process [action=computedBounds, clientId=tasklist-diagram_0] 
1:43:18 PM info -  [DefaultGLSPServer] process [action=saveModel, clientId=tasklist-diagram_0] 
1:43:18 PM info -  [DefaultGLSPServer] process [action=requestPopupModel, clientId=tasklist-diagram_0] 
1:43:18 PM warn -  [RequestPopupModelActionHandler] Could not process `RequestPopupModelAction`. No `PopupModelFactory` is bound 
1:43:18 PM info -  [DefaultGLSPServer] process [action=compound, clientId=tasklist-diagram_0] 
1:43:18 PM info -  [DefaultGLSPServer] process [action=computedBounds, clientId=tasklist-diagram_0] 
1:43:19 PM info -  [DefaultGLSPServer] process [action=compound, clientId=tasklist-diagram_0] 
1:43:19 PM info -  [DefaultGLSPServer] process [action=computedBounds, clientId=tasklist-diagram_0] 
1:43:20 PM info -  [DefaultGLSPServer] process [action=compound, clientId=tasklist-diagram_0] 
1:43:20 PM info -  [DefaultGLSPServer] process [action=computedBounds, clientId=tasklist-diagram_0] 
1:43:20 PM info -  [DefaultGLSPServer] process [action=compound, clientId=tasklist-diagram_0] 
1:43:20 PM info -  [DefaultGLSPServer] process [action=computedBounds, clientId=tasklist-diagram_0] 
1:43:20 PM info -  [DefaultGLSPServer] process [action=requestPopupModel, clientId=tasklist-diagram_0] 
1:43:20 PM warn -  [RequestPopupModelActionHandler] Could not process `RequestPopupModelAction`. No `PopupModelFactory` is bound 
1:43:21 PM info -  [DefaultGLSPServer] process [action=saveModel, clientId=tasklist-diagram_0] 
1:43:22 PM info -  [DefaultGLSPServer] process [action=compound, clientId=tasklist-diagram_0] 
1:43:22 PM info -  [DefaultGLSPServer] process [action=computedBounds, clientId=tasklist-diagram_0] 
1:43:23 PM info -  [DefaultGLSPServer] process [action=saveModel, clientId=tasklist-diagram_0] 
1:43:23 PM info -  [DefaultGLSPServer] process [action=compound, clientId=tasklist-diagram_0] 
1:43:23 PM info -  [DefaultGLSPServer] process [action=computedBounds, clientId=tasklist-diagram_0] 
1:43:24 PM info -  [DefaultGLSPServer] process [action=saveModel, clientId=tasklist-diagram_0] 
1:43:25 PM info -  [DefaultGLSPServer] process [action=requestPopupModel, clientId=tasklist-diagram_0] 
1:43:25 PM warn -  [RequestPopupModelActionHandler] Could not process `RequestPopupModelAction`. No `PopupModelFactory` is bound 
1:43:25 PM info -  [DefaultGLSPServer] process [action=compound, clientId=tasklist-diagram_0] 
1:43:25 PM info -  [DefaultGLSPServer] process [action=computedBounds, clientId=tasklist-diagram_0] 
1:43:25 PM info -  [DefaultGLSPServer] process [action=compound, clientId=tasklist-diagram_0] 
1:43:25 PM info -  [DefaultGLSPServer] process [action=computedBounds, clientId=tasklist-diagram_0] 
1:43:26 PM info -  [DefaultGLSPServer] process [action=saveModel, clientId=tasklist-diagram_0] 
1:43:27 PM info -  [DefaultGLSPServer] process [action=compound, clientId=tasklist-diagram_0] 
1:43:27 PM info -  [DefaultGLSPServer] process [action=computedBounds, clientId=tasklist-diagram_0] 
1:43:28 PM info -  [DefaultGLSPServer] process [action=saveModel, clientId=tasklist-diagram_0] 
1:43:28 PM info -  [DefaultGLSPServer] process [action=compound, clientId=tasklist-diagram_0] 
1:43:28 PM info -  [DefaultGLSPServer] process [action=computedBounds, clientId=tasklist-diagram_0] 
1:43:28 PM info -  [DefaultGLSPServer] process [action=requestPopupModel, clientId=tasklist-diagram_0] 
1:43:28 PM warn -  [RequestPopupModelActionHandler] Could not process `RequestPopupModelAction`. No `PopupModelFactory` is bound 
1:43:29 PM info -  [DefaultGLSPServer] process [action=compound, clientId=tasklist-diagram_0] 
1:43:29 PM info -  [DefaultGLSPServer] process [action=computedBounds, clientId=tasklist-diagram_0] 
1:43:30 PM info -  [DefaultGLSPServer] process [action=saveModel, clientId=tasklist-diagram_0] 
1:43:32 PM info -  [DefaultGLSPServer] process [action=compound, clientId=tasklist-diagram_0] 
1:43:32 PM info -  [DefaultGLSPServer] process [action=computedBounds, clientId=tasklist-diagram_0] 
1:43:33 PM info -  [DefaultGLSPServer] process [action=saveModel, clientId=tasklist-diagram_0] 
