3:20:52 PM info -  [SocketServerLauncher] The GLSP server is ready to accept new client requests on port: 54673 
3:20:52 PM info -  [SocketServerLauncher] Starting GLSP server connection 
3:20:52 PM info -  [DefaultGLSPServer] Initializing server with: applicationId: 8c06ebd1-f119-4759-b27c-300872f019aa, protocolVersion: 1.0.0 
3:20:52 PM info -  [DefaultGLSPServer] Initializing client session with: clientSessionId: 'tasklist-diagram_0', diagramType: 'tasklist-diagram' 
3:20:52 PM info -  [DefaultGLSPServer] process [action=requestContextActions, clientId=tasklist-diagram_0] 
3:20:52 PM info -  [DefaultGLSPServer] process [action=requestModel, clientId=tasklist-diagram_0] 
3:20:52 PM info -  [DefaultGLSPServer] process [action=computedBounds, clientId=tasklist-diagram_0] 
3:20:52 PM info -  [DefaultGLSPServer] process [action=requestTypeHints, clientId=tasklist-diagram_0] 
3:20:58 PM info -  [DefaultGLSPServer] process [action=compound, clientId=tasklist-diagram_0] 
3:20:58 PM info -  [DefaultGLSPServer] process [action=computedBounds, clientId=tasklist-diagram_0] 
3:20:59 PM info -  [DefaultGLSPServer] process [action=saveModel, clientId=tasklist-diagram_0] 
3:21:00 PM info -  [DefaultGLSPServer] process [action=compound, clientId=tasklist-diagram_0] 
3:21:00 PM info -  [DefaultGLSPServer] process [action=computedBounds, clientId=tasklist-diagram_0] 
3:21:00 PM info -  [DefaultGLSPServer] process [action=requestPopupModel, clientId=tasklist-diagram_0] 
3:21:00 PM warn -  [RequestPopupModelActionHandler] Could not process `RequestPopupModelAction`. No `PopupModelFactory` is bound 
3:21:01 PM info -  [DefaultGLSPServer] process [action=saveModel, clientId=tasklist-diagram_0] 
3:21:03 PM info -  [DefaultGLSPServer] process [action=compound, clientId=tasklist-diagram_0] 
3:21:03 PM info -  [DefaultGLSPServer] process [action=computedBounds, clientId=tasklist-diagram_0] 
3:21:04 PM info -  [DefaultGLSPServer] process [action=saveModel, clientId=tasklist-diagram_0] 
3:21:06 PM info -  [DefaultGLSPServer] process [action=compound, clientId=tasklist-diagram_0] 
3:21:06 PM info -  [DefaultGLSPServer] process [action=computedBounds, clientId=tasklist-diagram_0] 
3:21:07 PM info -  [DefaultGLSPServer] process [action=saveModel, clientId=tasklist-diagram_0] 
3:21:19 PM info -  [DefaultGLSPServer] process [action=deleteElement, clientId=tasklist-diagram_0] 
3:21:19 PM info -  [DefaultGLSPServer] process [action=computedBounds, clientId=tasklist-diagram_0] 
3:21:20 PM info -  [DefaultGLSPServer] process [action=saveModel, clientId=tasklist-diagram_0] 
3:21:33 PM info -  [DefaultGLSPServer] process [action=requestMarkers, clientId=tasklist-diagram_0] 
3:21:33 PM error -  [DefaultGLSPServer] Could not process action: 'requestMarkers 
3:21:33 PM error -  [DefaultGLSPServer] Error: Cannot compute markers! No implementation for ModelValidator has been bound 
3:21:47 PM info -  [DefaultGLSPServer] process [action=createNode, clientId=tasklist-diagram_0] 
3:21:47 PM info -  [DefaultGLSPServer] process [action=computedBounds, clientId=tasklist-diagram_0] 
3:21:48 PM info -  [DefaultGLSPServer] process [action=saveModel, clientId=tasklist-diagram_0] 
3:21:52 PM info -  [DefaultGLSPServer] process [action=createEdge, clientId=tasklist-diagram_0] 
3:21:52 PM info -  [DefaultGLSPServer] process [action=computedBounds, clientId=tasklist-diagram_0] 
3:21:53 PM info -  [DefaultGLSPServer] process [action=saveModel, clientId=tasklist-diagram_0] 
3:21:55 PM info -  [DefaultGLSPServer] process [action=requestPopupModel, clientId=tasklist-diagram_0] 
3:21:55 PM warn -  [RequestPopupModelActionHandler] Could not process `RequestPopupModelAction`. No `PopupModelFactory` is bound 
3:21:55 PM info -  [DefaultGLSPServer] process [action=compound, clientId=tasklist-diagram_0] 
3:21:55 PM info -  [DefaultGLSPServer] process [action=computedBounds, clientId=tasklist-diagram_0] 
3:21:56 PM info -  [DefaultGLSPServer] process [action=saveModel, clientId=tasklist-diagram_0] 
3:21:57 PM info -  [DefaultGLSPServer] process [action=compound, clientId=tasklist-diagram_0] 
3:21:57 PM info -  [DefaultGLSPServer] process [action=computedBounds, clientId=tasklist-diagram_0] 
3:21:58 PM info -  [DefaultGLSPServer] process [action=saveModel, clientId=tasklist-diagram_0] 
3:21:58 PM info -  [DefaultGLSPServer] process [action=compound, clientId=tasklist-diagram_0] 
3:21:58 PM info -  [DefaultGLSPServer] process [action=computedBounds, clientId=tasklist-diagram_0] 
3:21:59 PM info -  [DefaultGLSPServer] process [action=saveModel, clientId=tasklist-diagram_0] 
3:22:02 PM info -  [DefaultGLSPServer] process [action=compound, clientId=tasklist-diagram_0] 
3:22:02 PM info -  [DefaultGLSPServer] process [action=computedBounds, clientId=tasklist-diagram_0] 
3:22:03 PM info -  [DefaultGLSPServer] process [action=saveModel, clientId=tasklist-diagram_0] 
3:22:03 PM info -  [DefaultGLSPServer] process [action=compound, clientId=tasklist-diagram_0] 
3:22:03 PM info -  [DefaultGLSPServer] process [action=computedBounds, clientId=tasklist-diagram_0] 
3:22:04 PM info -  [DefaultGLSPServer] process [action=saveModel, clientId=tasklist-diagram_0] 
3:22:05 PM info -  [DefaultGLSPServer] process [action=compound, clientId=tasklist-diagram_0] 
3:22:05 PM info -  [DefaultGLSPServer] process [action=computedBounds, clientId=tasklist-diagram_0] 
3:22:06 PM info -  [DefaultGLSPServer] process [action=saveModel, clientId=tasklist-diagram_0] 
3:22:07 PM info -  [DefaultGLSPServer] process [action=requestPopupModel, clientId=tasklist-diagram_0] 
3:22:07 PM warn -  [RequestPopupModelActionHandler] Could not process `RequestPopupModelAction`. No `PopupModelFactory` is bound 
3:22:08 PM info -  [DefaultGLSPServer] process [action=compound, clientId=tasklist-diagram_0] 
3:22:08 PM info -  [DefaultGLSPServer] process [action=computedBounds, clientId=tasklist-diagram_0] 
3:22:09 PM info -  [DefaultGLSPServer] process [action=saveModel, clientId=tasklist-diagram_0] 
