4:08:57 PM info -  [SocketServerLauncher] The GLSP server is ready to accept new client requests on port: 54254 
4:08:57 PM info -  [SocketServerLauncher] Starting GLSP server connection 
4:08:57 PM info -  [DefaultGLSPServer] Initializing server with: applicationId: d18f2611-01e2-443b-b88d-c1a3f0c8bb41, protocolVersion: 1.0.0 
4:08:59 PM info -  [DefaultGLSPServer] Initializing client session with: clientSessionId: 'tasklist-diagram_0', diagramType: 'tasklist-diagram' 
4:08:59 PM info -  [DefaultGLSPServer] process [action=requestContextActions, clientId=tasklist-diagram_0] 
4:08:59 PM info -  [DefaultGLSPServer] process [action=requestModel, clientId=tasklist-diagram_0] 
4:08:59 PM info -  [DefaultGLSPServer] process [action=computedBounds, clientId=tasklist-diagram_0] 
4:08:59 PM info -  [DefaultGLSPServer] process [action=requestTypeHints, clientId=tasklist-diagram_0] 
4:09:04 PM info -  [DefaultGLSPServer] process [action=requestPopupModel, clientId=tasklist-diagram_0] 
4:09:04 PM warn -  [RequestPopupModelActionHandler] Could not process `RequestPopupModelAction`. No `PopupModelFactory` is bound 
4:09:04 PM info -  [DefaultGLSPServer] process [action=compound, clientId=tasklist-diagram_0] 
4:09:04 PM info -  [DefaultGLSPServer] process [action=computedBounds, clientId=tasklist-diagram_0] 
4:09:05 PM info -  [DefaultGLSPServer] process [action=saveModel, clientId=tasklist-diagram_0] 
4:09:07 PM info -  [DefaultGLSPServer] process [action=compound, clientId=tasklist-diagram_0] 
4:09:07 PM info -  [DefaultGLSPServer] process [action=computedBounds, clientId=tasklist-diagram_0] 
4:09:08 PM info -  [DefaultGLSPServer] process [action=saveModel, clientId=tasklist-diagram_0] 
4:09:11 PM info -  [DefaultGLSPServer] process [action=compound, clientId=tasklist-diagram_0] 
4:09:11 PM info -  [DefaultGLSPServer] process [action=computedBounds, clientId=tasklist-diagram_0] 
4:09:12 PM info -  [DefaultGLSPServer] process [action=saveModel, clientId=tasklist-diagram_0] 
4:09:13 PM info -  [DefaultGLSPServer] process [action=compound, clientId=tasklist-diagram_0] 
4:09:13 PM info -  [DefaultGLSPServer] process [action=computedBounds, clientId=tasklist-diagram_0] 
4:09:14 PM info -  [DefaultGLSPServer] process [action=saveModel, clientId=tasklist-diagram_0] 
4:09:14 PM info -  [DefaultGLSPServer] process [action=compound, clientId=tasklist-diagram_0] 
4:09:14 PM info -  [DefaultGLSPServer] process [action=computedBounds, clientId=tasklist-diagram_0] 
4:09:15 PM info -  [DefaultGLSPServer] process [action=saveModel, clientId=tasklist-diagram_0] 
4:09:16 PM info -  [DefaultGLSPServer] process [action=compound, clientId=tasklist-diagram_0] 
4:09:16 PM info -  [DefaultGLSPServer] process [action=computedBounds, clientId=tasklist-diagram_0] 
4:09:17 PM info -  [DefaultGLSPServer] process [action=saveModel, clientId=tasklist-diagram_0] 
4:09:17 PM info -  [DefaultGLSPServer] process [action=compound, clientId=tasklist-diagram_0] 
4:09:17 PM info -  [DefaultGLSPServer] process [action=computedBounds, clientId=tasklist-diagram_0] 
4:09:18 PM info -  [DefaultGLSPServer] process [action=compound, clientId=tasklist-diagram_0] 
4:09:18 PM info -  [DefaultGLSPServer] process [action=computedBounds, clientId=tasklist-diagram_0] 
4:09:19 PM info -  [DefaultGLSPServer] process [action=saveModel, clientId=tasklist-diagram_0] 
