2:43:13 PM info -  [SocketServerLauncher] The GLSP server is ready to accept new client requests on port: 51528 
2:43:13 PM info -  [SocketServerLauncher] Starting GLSP server connection 
2:43:13 PM info -  [DefaultGLSPServer] Initializing server with: applicationId: 2bd96037-142f-4c79-992c-022f537005c4, protocolVersion: 1.0.0 
2:43:13 PM info -  [DefaultGLSPServer] Initializing client session with: clientSessionId: 'tasklist-diagram_0', diagramType: 'tasklist-diagram' 
2:43:13 PM info -  [DefaultGLSPServer] process [action=requestContextActions, clientId=tasklist-diagram_0] 
2:43:13 PM info -  [DefaultGLSPServer] process [action=requestModel, clientId=tasklist-diagram_0] 
2:43:13 PM info -  [DefaultGLSPServer] process [action=computedBounds, clientId=tasklist-diagram_0] 
2:43:13 PM info -  [DefaultGLSPServer] process [action=requestTypeHints, clientId=tasklist-diagram_0] 
2:43:17 PM info -  [DefaultGLSPServer] process [action=requestEditValidation, clientId=tasklist-diagram_0] 
2:43:17 PM info -  [DefaultGLSPServer] process [action=requestEditValidation, clientId=tasklist-diagram_0] 
2:43:17 PM info -  [DefaultGLSPServer] process [action=applyLabelEdit, clientId=tasklist-diagram_0] 
2:43:17 PM error -  [DefaultCommandStack] An error occurred during command execution. CommandStack will be flushed! Could not retrieve the parent task for the label with id d8e8c599-aebc-48de-9c74-be437ae716aa_label
            Error: Could not retrieve the parent task for the label with id d8e8c599-aebc-48de-9c74-be437ae716aa_label
    at JsonRecordingCommand.doExecute (/Users/work/Desktop/glsp-examples/project-templates/node-json-vscode/tasklist-vscode/extension/dist/tasklist-glsp-server.js:46043:27)
    at JsonRecordingCommand.execute (/Users/work/Desktop/glsp-examples/project-templates/node-json-vscode/tasklist-vscode/extension/dist/tasklist-glsp-server.js:7768:20)
    at process.processTicksAndRejections (node:internal/process/task_queues:105:5)
    at async DefaultCommandStack.execute (/Users/work/Desktop/glsp-examples/project-templates/node-json-vscode/tasklist-vscode/extension/dist/tasklist-glsp-server.js:7558:13)
2:43:17 PM error -  [DefaultGLSPServer] Could not process action: 'applyLabelEdit 
2:43:17 PM error -  [DefaultGLSPServer] Error: Could not retrieve the parent task for the label with id d8e8c599-aebc-48de-9c74-be437ae716aa_label 
2:43:32 PM info -  [DefaultGLSPServer] process [action=createNode, clientId=tasklist-diagram_0] 
2:43:32 PM info -  [DefaultGLSPServer] process [action=computedBounds, clientId=tasklist-diagram_0] 
2:43:33 PM info -  [DefaultGLSPServer] process [action=saveModel, clientId=tasklist-diagram_0] 
2:43:34 PM info -  [DefaultGLSPServer] process [action=requestEditValidation, clientId=tasklist-diagram_0] 
2:43:34 PM info -  [DefaultGLSPServer] process [action=requestEditValidation, clientId=tasklist-diagram_0] 
2:43:34 PM info -  [DefaultGLSPServer] process [action=applyLabelEdit, clientId=tasklist-diagram_0] 
2:43:34 PM error -  [DefaultCommandStack] An error occurred during command execution. CommandStack will be flushed! Could not retrieve the parent task for the label with id f2994dcd-24f4-4db3-9728-40e1ab6472b0_label
            Error: Could not retrieve the parent task for the label with id f2994dcd-24f4-4db3-9728-40e1ab6472b0_label
    at JsonRecordingCommand.doExecute (/Users/work/Desktop/glsp-examples/project-templates/node-json-vscode/tasklist-vscode/extension/dist/tasklist-glsp-server.js:46043:27)
    at JsonRecordingCommand.execute (/Users/work/Desktop/glsp-examples/project-templates/node-json-vscode/tasklist-vscode/extension/dist/tasklist-glsp-server.js:7768:20)
    at process.processTicksAndRejections (node:internal/process/task_queues:105:5)
    at async DefaultCommandStack.execute (/Users/work/Desktop/glsp-examples/project-templates/node-json-vscode/tasklist-vscode/extension/dist/tasklist-glsp-server.js:7558:13)
2:43:34 PM error -  [DefaultGLSPServer] Could not process action: 'applyLabelEdit 
2:43:34 PM error -  [DefaultGLSPServer] Error: Could not retrieve the parent task for the label with id f2994dcd-24f4-4db3-9728-40e1ab6472b0_label 
2:43:35 PM info -  [DefaultGLSPServer] process [action=requestPopupModel, clientId=tasklist-diagram_0] 
2:43:35 PM warn -  [RequestPopupModelActionHandler] Could not process `RequestPopupModelAction`. No `PopupModelFactory` is bound 
2:43:41 PM info -  [DefaultGLSPServer] process [action=requestPopupModel, clientId=tasklist-diagram_0] 
2:43:41 PM warn -  [RequestPopupModelActionHandler] Could not process `RequestPopupModelAction`. No `PopupModelFactory` is bound 
