1:23:55 PM info -  [SocketServerLauncher] The GLSP server is ready to accept new client requests on port: 50183 
1:23:55 PM info -  [SocketServerLauncher] Starting GLSP server connection 
1:23:55 PM info -  [DefaultGLSPServer] Initializing server with: applicationId: 5b57fd0f-257f-46f1-ba9c-76663ffd718d, protocolVersion: 1.0.0 
1:23:55 PM info -  [DefaultGLSPServer] Initializing client session with: clientSessionId: 'tasklist-diagram_0', diagramType: 'tasklist-diagram' 
1:23:55 PM info -  [DefaultGLSPServer] process [action=requestContextActions, clientId=tasklist-diagram_0] 
1:23:55 PM info -  [DefaultGLSPServer] process [action=requestModel, clientId=tasklist-diagram_0] 
1:23:55 PM info -  [DefaultGLSPServer] process [action=computedBounds, clientId=tasklist-diagram_0] 
1:23:55 PM info -  [DefaultGLSPServer] process [action=requestTypeHints, clientId=tasklist-diagram_0] 
1:23:59 PM info -  [DefaultGLSPServer] process [action=compound, clientId=tasklist-diagram_0] 
1:23:59 PM info -  [DefaultGLSPServer] process [action=computedBounds, clientId=tasklist-diagram_0] 
1:24:00 PM info -  [DefaultGLSPServer] process [action=saveModel, clientId=tasklist-diagram_0] 
1:24:03 PM info -  [DefaultGLSPServer] process [action=compound, clientId=tasklist-diagram_0] 
1:24:03 PM info -  [DefaultGLSPServer] process [action=computedBounds, clientId=tasklist-diagram_0] 
1:24:04 PM info -  [DefaultGLSPServer] process [action=saveModel, clientId=tasklist-diagram_0] 
1:24:05 PM info -  [DefaultGLSPServer] process [action=compound, clientId=tasklist-diagram_0] 
1:24:05 PM info -  [DefaultGLSPServer] process [action=computedBounds, clientId=tasklist-diagram_0] 
1:24:06 PM info -  [DefaultGLSPServer] process [action=compound, clientId=tasklist-diagram_0] 
1:24:06 PM info -  [DefaultGLSPServer] process [action=computedBounds, clientId=tasklist-diagram_0] 
1:24:07 PM info -  [DefaultGLSPServer] process [action=saveModel, clientId=tasklist-diagram_0] 
1:24:07 PM info -  [DefaultGLSPServer] process [action=compound, clientId=tasklist-diagram_0] 
1:24:07 PM info -  [DefaultGLSPServer] process [action=computedBounds, clientId=tasklist-diagram_0] 
1:24:08 PM info -  [DefaultGLSPServer] process [action=saveModel, clientId=tasklist-diagram_0] 
1:24:11 PM info -  [DefaultGLSPServer] process [action=compound, clientId=tasklist-diagram_0] 
1:24:11 PM info -  [DefaultGLSPServer] process [action=computedBounds, clientId=tasklist-diagram_0] 
1:24:12 PM info -  [DefaultGLSPServer] process [action=compound, clientId=tasklist-diagram_0] 
1:24:12 PM info -  [DefaultGLSPServer] process [action=computedBounds, clientId=tasklist-diagram_0] 
1:24:13 PM info -  [DefaultGLSPServer] process [action=saveModel, clientId=tasklist-diagram_0] 
1:24:13 PM info -  [DefaultGLSPServer] process [action=compound, clientId=tasklist-diagram_0] 
1:24:13 PM info -  [DefaultGLSPServer] process [action=computedBounds, clientId=tasklist-diagram_0] 
1:24:14 PM info -  [DefaultGLSPServer] process [action=saveModel, clientId=tasklist-diagram_0] 
1:24:15 PM info -  [DefaultGLSPServer] process [action=requestPopupModel, clientId=tasklist-diagram_0] 
1:24:15 PM warn -  [RequestPopupModelActionHandler] Could not process `RequestPopupModelAction`. No `PopupModelFactory` is bound 
1:24:18 PM info -  [DefaultGLSPServer] process [action=compound, clientId=tasklist-diagram_0] 
1:24:18 PM info -  [DefaultGLSPServer] process [action=computedBounds, clientId=tasklist-diagram_0] 
1:24:19 PM info -  [DefaultGLSPServer] process [action=saveModel, clientId=tasklist-diagram_0] 
1:24:21 PM info -  [DefaultGLSPServer] process [action=compound, clientId=tasklist-diagram_0] 
1:24:21 PM info -  [DefaultGLSPServer] process [action=computedBounds, clientId=tasklist-diagram_0] 
1:24:22 PM info -  [DefaultGLSPServer] process [action=saveModel, clientId=tasklist-diagram_0] 
1:24:28 PM info -  [DefaultGLSPServer] process [action=compound, clientId=tasklist-diagram_0] 
1:24:28 PM info -  [DefaultGLSPServer] process [action=computedBounds, clientId=tasklist-diagram_0] 
1:24:29 PM info -  [DefaultGLSPServer] process [action=saveModel, clientId=tasklist-diagram_0] 
1:24:41 PM info -  [DefaultGLSPServer] process [action=compound, clientId=tasklist-diagram_0] 
1:24:41 PM info -  [DefaultGLSPServer] process [action=computedBounds, clientId=tasklist-diagram_0] 
1:24:42 PM info -  [DefaultGLSPServer] process [action=saveModel, clientId=tasklist-diagram_0] 
1:24:43 PM info -  [DefaultGLSPServer] process [action=compound, clientId=tasklist-diagram_0] 
1:24:43 PM info -  [DefaultGLSPServer] process [action=computedBounds, clientId=tasklist-diagram_0] 
1:24:44 PM info -  [DefaultGLSPServer] process [action=saveModel, clientId=tasklist-diagram_0] 
1:24:46 PM info -  [DefaultGLSPServer] process [action=compound, clientId=tasklist-diagram_0] 
1:24:47 PM info -  [DefaultGLSPServer] process [action=computedBounds, clientId=tasklist-diagram_0] 
1:24:48 PM info -  [DefaultGLSPServer] process [action=saveModel, clientId=tasklist-diagram_0] 
1:24:48 PM info -  [DefaultGLSPServer] process [action=compound, clientId=tasklist-diagram_0] 
1:24:48 PM info -  [DefaultGLSPServer] process [action=computedBounds, clientId=tasklist-diagram_0] 
1:24:49 PM info -  [DefaultGLSPServer] process [action=compound, clientId=tasklist-diagram_0] 
1:24:49 PM info -  [DefaultGLSPServer] process [action=computedBounds, clientId=tasklist-diagram_0] 
1:24:50 PM info -  [DefaultGLSPServer] process [action=saveModel, clientId=tasklist-diagram_0] 
1:24:50 PM info -  [DefaultGLSPServer] process [action=compound, clientId=tasklist-diagram_0] 
1:24:50 PM info -  [DefaultGLSPServer] process [action=computedBounds, clientId=tasklist-diagram_0] 
1:24:51 PM info -  [DefaultGLSPServer] process [action=saveModel, clientId=tasklist-diagram_0] 
1:24:52 PM info -  [DefaultGLSPServer] process [action=compound, clientId=tasklist-diagram_0] 
1:24:52 PM info -  [DefaultGLSPServer] process [action=computedBounds, clientId=tasklist-diagram_0] 
1:24:53 PM info -  [DefaultGLSPServer] process [action=saveModel, clientId=tasklist-diagram_0] 
