1:32:23 PM info -  [SocketServerLauncher] The GLSP server is ready to accept new client requests on port: 53151 
1:32:23 PM info -  [SocketServerLauncher] Starting GLSP server connection 
1:32:23 PM info -  [DefaultGLSPServer] Initializing server with: applicationId: 28239b7f-0116-47a4-825f-894664c82c63, protocolVersion: 1.0.0 
1:32:24 PM info -  [DefaultGLSPServer] Initializing client session with: clientSessionId: 'tasklist-diagram_0', diagramType: 'tasklist-diagram' 
1:32:24 PM info -  [DefaultGLSPServer] process [action=requestContextActions, clientId=tasklist-diagram_0] 
1:32:24 PM info -  [DefaultGLSPServer] process [action=requestModel, clientId=tasklist-diagram_0] 
1:32:24 PM info -  [DefaultGLSPServer] process [action=computedBounds, clientId=tasklist-diagram_0] 
1:32:24 PM info -  [DefaultGLSPServer] process [action=requestTypeHints, clientId=tasklist-diagram_0] 
1:32:25 PM info -  [DefaultGLSPServer] process [action=compound, clientId=tasklist-diagram_0] 
1:32:25 PM info -  [DefaultGLSPServer] process [action=computedBounds, clientId=tasklist-diagram_0] 
1:32:26 PM info -  [DefaultGLSPServer] process [action=saveModel, clientId=tasklist-diagram_0] 
1:32:27 PM info -  [DefaultGLSPServer] process [action=compound, clientId=tasklist-diagram_0] 
1:32:27 PM info -  [DefaultGLSPServer] process [action=requestPopupModel, clientId=tasklist-diagram_0] 
1:32:27 PM warn -  [RequestPopupModelActionHandler] Could not process `RequestPopupModelAction`. No `PopupModelFactory` is bound 
1:32:27 PM info -  [DefaultGLSPServer] process [action=computedBounds, clientId=tasklist-diagram_0] 
1:32:28 PM info -  [DefaultGLSPServer] process [action=saveModel, clientId=tasklist-diagram_0] 
1:32:28 PM info -  [DefaultGLSPServer] process [action=requestPopupModel, clientId=tasklist-diagram_0] 
1:32:28 PM warn -  [RequestPopupModelActionHandler] Could not process `RequestPopupModelAction`. No `PopupModelFactory` is bound 
1:32:28 PM info -  [DefaultGLSPServer] process [action=compound, clientId=tasklist-diagram_0] 
1:32:28 PM info -  [DefaultGLSPServer] process [action=computedBounds, clientId=tasklist-diagram_0] 
1:32:29 PM info -  [DefaultGLSPServer] process [action=saveModel, clientId=tasklist-diagram_0] 
1:32:30 PM info -  [DefaultGLSPServer] process [action=compound, clientId=tasklist-diagram_0] 
1:32:30 PM info -  [DefaultGLSPServer] process [action=computedBounds, clientId=tasklist-diagram_0] 
1:32:31 PM info -  [DefaultGLSPServer] process [action=compound, clientId=tasklist-diagram_0] 
1:32:31 PM info -  [DefaultGLSPServer] process [action=computedBounds, clientId=tasklist-diagram_0] 
1:32:32 PM info -  [DefaultGLSPServer] process [action=saveModel, clientId=tasklist-diagram_0] 
1:32:36 PM info -  [DefaultGLSPServer] process [action=compound, clientId=tasklist-diagram_0] 
1:32:36 PM info -  [DefaultGLSPServer] process [action=computedBounds, clientId=tasklist-diagram_0] 
1:32:37 PM info -  [DefaultGLSPServer] process [action=saveModel, clientId=tasklist-diagram_0] 
1:32:38 PM info -  [DefaultGLSPServer] process [action=compound, clientId=tasklist-diagram_0] 
1:32:38 PM info -  [DefaultGLSPServer] process [action=computedBounds, clientId=tasklist-diagram_0] 
1:32:39 PM info -  [DefaultGLSPServer] process [action=saveModel, clientId=tasklist-diagram_0] 
1:32:39 PM info -  [DefaultGLSPServer] process [action=compound, clientId=tasklist-diagram_0] 
1:32:39 PM info -  [DefaultGLSPServer] process [action=computedBounds, clientId=tasklist-diagram_0] 
1:32:40 PM info -  [DefaultGLSPServer] process [action=saveModel, clientId=tasklist-diagram_0] 
1:32:41 PM info -  [DefaultGLSPServer] process [action=compound, clientId=tasklist-diagram_0] 
1:32:41 PM info -  [DefaultGLSPServer] process [action=computedBounds, clientId=tasklist-diagram_0] 
1:32:41 PM info -  [DefaultGLSPServer] process [action=requestPopupModel, clientId=tasklist-diagram_0] 
1:32:41 PM warn -  [RequestPopupModelActionHandler] Could not process `RequestPopupModelAction`. No `PopupModelFactory` is bound 
1:32:42 PM info -  [DefaultGLSPServer] process [action=compound, clientId=tasklist-diagram_0] 
1:32:42 PM info -  [DefaultGLSPServer] process [action=computedBounds, clientId=tasklist-diagram_0] 
1:32:43 PM info -  [DefaultGLSPServer] process [action=saveModel, clientId=tasklist-diagram_0] 
1:32:43 PM info -  [DefaultGLSPServer] process [action=compound, clientId=tasklist-diagram_0] 
1:32:43 PM info -  [DefaultGLSPServer] process [action=computedBounds, clientId=tasklist-diagram_0] 
1:32:44 PM info -  [DefaultGLSPServer] process [action=saveModel, clientId=tasklist-diagram_0] 
1:32:45 PM info -  [DefaultGLSPServer] process [action=requestPopupModel, clientId=tasklist-diagram_0] 
1:32:45 PM warn -  [RequestPopupModelActionHandler] Could not process `RequestPopupModelAction`. No `PopupModelFactory` is bound 
1:32:46 PM info -  [DefaultGLSPServer] process [action=compound, clientId=tasklist-diagram_0] 
1:32:46 PM info -  [DefaultGLSPServer] process [action=computedBounds, clientId=tasklist-diagram_0] 
1:32:47 PM info -  [DefaultGLSPServer] process [action=saveModel, clientId=tasklist-diagram_0] 
1:32:47 PM info -  [DefaultGLSPServer] process [action=compound, clientId=tasklist-diagram_0] 
1:32:47 PM info -  [DefaultGLSPServer] process [action=computedBounds, clientId=tasklist-diagram_0] 
1:32:48 PM info -  [DefaultGLSPServer] process [action=compound, clientId=tasklist-diagram_0] 
1:32:48 PM info -  [DefaultGLSPServer] process [action=computedBounds, clientId=tasklist-diagram_0] 
1:32:50 PM info -  [DefaultGLSPServer] process [action=saveModel, clientId=tasklist-diagram_0] 
1:40:51 PM info -  [DefaultGLSPServer] process [action=compound, clientId=tasklist-diagram_0] 
1:40:51 PM info -  [DefaultGLSPServer] process [action=computedBounds, clientId=tasklist-diagram_0] 
1:40:52 PM info -  [DefaultGLSPServer] process [action=saveModel, clientId=tasklist-diagram_0] 
1:40:52 PM info -  [DefaultGLSPServer] process [action=compound, clientId=tasklist-diagram_0] 
1:40:52 PM info -  [DefaultGLSPServer] process [action=computedBounds, clientId=tasklist-diagram_0] 
1:40:53 PM info -  [DefaultGLSPServer] process [action=saveModel, clientId=tasklist-diagram_0] 
1:40:54 PM info -  [DefaultGLSPServer] process [action=requestPopupModel, clientId=tasklist-diagram_0] 
1:40:54 PM warn -  [RequestPopupModelActionHandler] Could not process `RequestPopupModelAction`. No `PopupModelFactory` is bound 
1:40:54 PM info -  [DefaultGLSPServer] process [action=compound, clientId=tasklist-diagram_0] 
1:40:54 PM info -  [DefaultGLSPServer] process [action=computedBounds, clientId=tasklist-diagram_0] 
1:40:56 PM info -  [DefaultGLSPServer] process [action=saveModel, clientId=tasklist-diagram_0] 
1:41:24 PM info -  [DefaultGLSPServer] process [action=compound, clientId=tasklist-diagram_0] 
1:41:24 PM info -  [DefaultGLSPServer] process [action=computedBounds, clientId=tasklist-diagram_0] 
1:41:25 PM info -  [DefaultGLSPServer] process [action=saveModel, clientId=tasklist-diagram_0] 
1:41:25 PM info -  [DefaultGLSPServer] process [action=compound, clientId=tasklist-diagram_0] 
1:41:25 PM info -  [DefaultGLSPServer] process [action=computedBounds, clientId=tasklist-diagram_0] 
1:41:26 PM info -  [DefaultGLSPServer] process [action=compound, clientId=tasklist-diagram_0] 
1:41:26 PM info -  [DefaultGLSPServer] process [action=computedBounds, clientId=tasklist-diagram_0] 
1:41:27 PM info -  [DefaultGLSPServer] process [action=saveModel, clientId=tasklist-diagram_0] 
1:41:28 PM info -  [DefaultGLSPServer] process [action=requestPopupModel, clientId=tasklist-diagram_0] 
1:41:28 PM warn -  [RequestPopupModelActionHandler] Could not process `RequestPopupModelAction`. No `PopupModelFactory` is bound 
