2:25:06 PM info -  [SocketServerLauncher] The GLSP server is ready to accept new client requests on port: 51099 
2:25:06 PM info -  [SocketServerLauncher] Starting GLSP server connection 
2:25:06 PM info -  [DefaultGLSPServer] Initializing server with: applicationId: ab423f1f-84de-4f8e-9300-cec5785db856, protocolVersion: 1.0.0 
2:25:06 PM info -  [DefaultGLSPServer] Initializing client session with: clientSessionId: 'tasklist-diagram_0', diagramType: 'tasklist-diagram' 
2:25:06 PM info -  [DefaultGLSPServer] process [action=requestContextActions, clientId=tasklist-diagram_0] 
2:25:07 PM info -  [DefaultGLSPServer] process [action=requestModel, clientId=tasklist-diagram_0] 
2:25:07 PM info -  [DefaultGLSPServer] process [action=computedBounds, clientId=tasklist-diagram_0] 
2:25:07 PM info -  [DefaultGLSPServer] process [action=requestTypeHints, clientId=tasklist-diagram_0] 
2:25:09 PM info -  [DefaultGLSPServer] process [action=compound, clientId=tasklist-diagram_0] 
2:25:09 PM info -  [DefaultGLSPServer] process [action=computedBounds, clientId=tasklist-diagram_0] 
2:25:10 PM info -  [DefaultGLSPServer] process [action=saveModel, clientId=tasklist-diagram_0] 
2:25:10 PM info -  [DefaultGLSPServer] process [action=compound, clientId=tasklist-diagram_0] 
2:25:10 PM info -  [DefaultGLSPServer] process [action=computedBounds, clientId=tasklist-diagram_0] 
2:25:11 PM info -  [DefaultGLSPServer] process [action=saveModel, clientId=tasklist-diagram_0] 
2:25:12 PM info -  [DefaultGLSPServer] process [action=changeBounds, clientId=tasklist-diagram_0] 
2:25:12 PM info -  [DefaultGLSPServer] process [action=computedBounds, clientId=tasklist-diagram_0] 
2:25:13 PM info -  [DefaultGLSPServer] process [action=saveModel, clientId=tasklist-diagram_0] 
2:25:15 PM info -  [DefaultGLSPServer] process [action=changeBounds, clientId=tasklist-diagram_0] 
2:25:15 PM info -  [DefaultGLSPServer] process [action=computedBounds, clientId=tasklist-diagram_0] 
2:25:15 PM info -  [DefaultGLSPServer] process [action=compound, clientId=tasklist-diagram_0] 
2:25:15 PM info -  [DefaultGLSPServer] process [action=computedBounds, clientId=tasklist-diagram_0] 
2:25:16 PM info -  [DefaultGLSPServer] process [action=compound, clientId=tasklist-diagram_0] 
2:25:16 PM info -  [DefaultGLSPServer] process [action=computedBounds, clientId=tasklist-diagram_0] 
2:25:17 PM info -  [DefaultGLSPServer] process [action=compound, clientId=tasklist-diagram_0] 
2:25:17 PM info -  [DefaultGLSPServer] process [action=computedBounds, clientId=tasklist-diagram_0] 
2:25:18 PM info -  [DefaultGLSPServer] process [action=compound, clientId=tasklist-diagram_0] 
2:25:18 PM info -  [DefaultGLSPServer] process [action=computedBounds, clientId=tasklist-diagram_0] 
2:25:18 PM info -  [DefaultGLSPServer] process [action=compound, clientId=tasklist-diagram_0] 
2:25:18 PM info -  [DefaultGLSPServer] process [action=computedBounds, clientId=tasklist-diagram_0] 
2:25:19 PM info -  [DefaultGLSPServer] process [action=compound, clientId=tasklist-diagram_0] 
2:25:19 PM info -  [DefaultGLSPServer] process [action=computedBounds, clientId=tasklist-diagram_0] 
2:25:20 PM info -  [DefaultGLSPServer] process [action=saveModel, clientId=tasklist-diagram_0] 
2:25:20 PM info -  [DefaultGLSPServer] process [action=changeBounds, clientId=tasklist-diagram_0] 
2:25:20 PM info -  [DefaultGLSPServer] process [action=computedBounds, clientId=tasklist-diagram_0] 
2:25:21 PM info -  [DefaultGLSPServer] process [action=compound, clientId=tasklist-diagram_0] 
2:25:21 PM info -  [DefaultGLSPServer] process [action=computedBounds, clientId=tasklist-diagram_0] 
2:25:22 PM info -  [DefaultGLSPServer] process [action=saveModel, clientId=tasklist-diagram_0] 
2:25:22 PM info -  [DefaultGLSPServer] process [action=compound, clientId=tasklist-diagram_0] 
2:25:22 PM info -  [DefaultGLSPServer] process [action=computedBounds, clientId=tasklist-diagram_0] 
2:25:23 PM info -  [DefaultGLSPServer] process [action=saveModel, clientId=tasklist-diagram_0] 
2:25:24 PM info -  [DefaultGLSPServer] process [action=compound, clientId=tasklist-diagram_0] 
2:25:24 PM info -  [DefaultGLSPServer] process [action=computedBounds, clientId=tasklist-diagram_0] 
2:25:25 PM info -  [DefaultGLSPServer] process [action=changeBounds, clientId=tasklist-diagram_0] 
2:25:25 PM info -  [DefaultGLSPServer] process [action=computedBounds, clientId=tasklist-diagram_0] 
2:25:26 PM info -  [DefaultGLSPServer] process [action=compound, clientId=tasklist-diagram_0] 
2:25:26 PM info -  [DefaultGLSPServer] process [action=computedBounds, clientId=tasklist-diagram_0] 
2:25:27 PM info -  [DefaultGLSPServer] process [action=saveModel, clientId=tasklist-diagram_0] 
2:25:27 PM info -  [DefaultGLSPServer] process [action=compound, clientId=tasklist-diagram_0] 
2:25:27 PM info -  [DefaultGLSPServer] process [action=computedBounds, clientId=tasklist-diagram_0] 
2:25:28 PM info -  [DefaultGLSPServer] process [action=requestPopupModel, clientId=tasklist-diagram_0] 
2:25:28 PM warn -  [RequestPopupModelActionHandler] Could not process `RequestPopupModelAction`. No `PopupModelFactory` is bound 
2:25:28 PM info -  [DefaultGLSPServer] process [action=saveModel, clientId=tasklist-diagram_0] 
2:33:45 PM info -  [DefaultGLSPServer] process [action=compound, clientId=tasklist-diagram_0] 
2:33:45 PM info -  [DefaultGLSPServer] process [action=computedBounds, clientId=tasklist-diagram_0] 
2:33:46 PM info -  [DefaultGLSPServer] process [action=compound, clientId=tasklist-diagram_0] 
2:33:46 PM info -  [DefaultGLSPServer] process [action=computedBounds, clientId=tasklist-diagram_0] 
2:33:47 PM info -  [DefaultGLSPServer] process [action=saveModel, clientId=tasklist-diagram_0] 
2:33:48 PM info -  [DefaultGLSPServer] process [action=changeBounds, clientId=tasklist-diagram_0] 
2:33:48 PM info -  [DefaultGLSPServer] process [action=computedBounds, clientId=tasklist-diagram_0] 
2:33:49 PM info -  [DefaultGLSPServer] process [action=saveModel, clientId=tasklist-diagram_0] 
2:33:49 PM info -  [DefaultGLSPServer] process [action=changeBounds, clientId=tasklist-diagram_0] 
2:33:49 PM info -  [DefaultGLSPServer] process [action=computedBounds, clientId=tasklist-diagram_0] 
2:33:50 PM info -  [DefaultGLSPServer] process [action=compound, clientId=tasklist-diagram_0] 
2:33:50 PM info -  [DefaultGLSPServer] process [action=computedBounds, clientId=tasklist-diagram_0] 
2:33:51 PM info -  [DefaultGLSPServer] process [action=saveModel, clientId=tasklist-diagram_0] 
2:33:51 PM info -  [DefaultGLSPServer] process [action=compound, clientId=tasklist-diagram_0] 
2:33:51 PM info -  [DefaultGLSPServer] process [action=computedBounds, clientId=tasklist-diagram_0] 
2:33:52 PM info -  [DefaultGLSPServer] process [action=saveModel, clientId=tasklist-diagram_0] 
2:33:53 PM info -  [DefaultGLSPServer] process [action=deleteElement, clientId=tasklist-diagram_0] 
2:33:53 PM info -  [DefaultGLSPServer] process [action=computedBounds, clientId=tasklist-diagram_0] 
2:33:54 PM info -  [DefaultGLSPServer] process [action=saveModel, clientId=tasklist-diagram_0] 
2:33:55 PM info -  [DefaultGLSPServer] process [action=deleteElement, clientId=tasklist-diagram_0] 
2:33:55 PM info -  [DefaultGLSPServer] process [action=computedBounds, clientId=tasklist-diagram_0] 
2:33:56 PM info -  [DefaultGLSPServer] process [action=saveModel, clientId=tasklist-diagram_0] 
