4:41:05 PM info -  [SocketServerLauncher] The GLSP server is ready to accept new client requests on port: 57051 
4:41:05 PM info -  [SocketServerLauncher] Starting GLSP server connection 
4:41:05 PM info -  [DefaultGLSPServer] Initializing server with: applicationId: 7fe18936-c9df-4399-8494-35201f470454, protocolVersion: 1.0.0 
4:41:06 PM info -  [DefaultGLSPServer] Initializing client session with: clientSessionId: 'tasklist-diagram_0', diagramType: 'tasklist-diagram' 
4:41:06 PM info -  [DefaultGLSPServer] process [action=requestContextActions, clientId=tasklist-diagram_0] 
4:41:06 PM info -  [DefaultGLSPServer] process [action=requestModel, clientId=tasklist-diagram_0] 
4:41:06 PM info -  [DefaultGLSPServer] process [action=computedBounds, clientId=tasklist-diagram_0] 
4:41:06 PM info -  [DefaultGLSPServer] process [action=requestTypeHints, clientId=tasklist-diagram_0] 
4:41:07 PM info -  [DefaultGLSPServer] process [action=compound, clientId=tasklist-diagram_0] 
4:41:07 PM info -  [DefaultGLSPServer] process [action=computedBounds, clientId=tasklist-diagram_0] 
4:41:08 PM info -  [DefaultGLSPServer] process [action=saveModel, clientId=tasklist-diagram_0] 
4:41:09 PM info -  [DefaultGLSPServer] process [action=compound, clientId=tasklist-diagram_0] 
4:41:09 PM info -  [DefaultGLSPServer] process [action=computedBounds, clientId=tasklist-diagram_0] 
4:41:10 PM info -  [DefaultGLSPServer] process [action=saveModel, clientId=tasklist-diagram_0] 
4:41:13 PM info -  [DefaultGLSPServer] process [action=requestPopupModel, clientId=tasklist-diagram_0] 
4:41:13 PM warn -  [RequestPopupModelActionHandler] Could not process `RequestPopupModelAction`. No `PopupModelFactory` is bound 
4:41:18 PM info -  [DefaultGLSPServer] process [action=requestPopupModel, clientId=tasklist-diagram_0] 
4:41:18 PM warn -  [RequestPopupModelActionHandler] Could not process `RequestPopupModelAction`. No `PopupModelFactory` is bound 
4:41:18 PM info -  [DefaultGLSPServer] process [action=compound, clientId=tasklist-diagram_0] 
4:41:18 PM info -  [DefaultGLSPServer] process [action=computedBounds, clientId=tasklist-diagram_0] 
4:41:19 PM info -  [DefaultGLSPServer] process [action=saveModel, clientId=tasklist-diagram_0] 
4:41:34 PM info -  [DefaultGLSPServer] process [action=requestPopupModel, clientId=tasklist-diagram_0] 
4:41:34 PM warn -  [RequestPopupModelActionHandler] Could not process `RequestPopupModelAction`. No `PopupModelFactory` is bound 
4:41:37 PM info -  [DefaultGLSPServer] process [action=compound, clientId=tasklist-diagram_0] 
4:41:37 PM info -  [DefaultGLSPServer] process [action=computedBounds, clientId=tasklist-diagram_0] 
4:41:38 PM info -  [DefaultGLSPServer] process [action=saveModel, clientId=tasklist-diagram_0] 
