4:54:44 PM info -  [SocketServerLauncher] The GLSP server is ready to accept new client requests on port: 54810 
4:54:44 PM warn -  [OperationHandlerRegistry] Could not register key-value pair. Key is already registered {
    "key": "createNode_node",
    "value": {
        "operationType": "createNode",
        "elementTypeIds": [
            "node"
        ],
        "modelState": {
            "properties": {},
            "editMode": "editable",
            "index": {
                "idToElement": {},
                "typeToElements": {},
                "idToTaskListElements": {}
            },
            "serializer": {
                "reservedKeys": [
                    "children",
                    "parent",
                    "index",
                    "source",
                    "target"
                ],
                "diagramConfiguration": {
                    "layoutKind": 1,
                    "needsClientLayout": true,
                    "animatedUpdate": true
                }
            },
            "clientId": "tempId"
        }
    }
}
4:54:44 PM info -  [SocketServerLauncher] Starting GLSP server connection 
4:54:45 PM info -  [DefaultGLSPServer] Initializing server with: applicationId: 0e81db67-4be7-4de3-b12f-9be5dfe00564, protocolVersion: 1.0.0 
4:54:45 PM info -  [DefaultGLSPServer] Initializing client session with: clientSessionId: 'tasklist-diagram_0', diagramType: 'tasklist-diagram' 
4:54:45 PM warn -  [OperationHandlerRegistry] Could not register key-value pair. Key is already registered {
    "key": "createNode_node",
    "value": {
        "operationType": "createNode",
        "elementTypeIds": [
            "node"
        ],
        "modelState": {
            "properties": {},
            "editMode": "editable",
            "index": {
                "idToElement": {},
                "typeToElements": {},
                "idToTaskListElements": {}
            },
            "serializer": {
                "reservedKeys": [
                    "children",
                    "parent",
                    "index",
                    "source",
                    "target"
                ],
                "diagramConfiguration": {
                    "layoutKind": 1,
                    "needsClientLayout": true,
                    "animatedUpdate": true
                }
            },
            "clientId": "tasklist-diagram_0"
        }
    }
}
4:54:45 PM info -  [DefaultGLSPServer] process [action=requestContextActions, clientId=tasklist-diagram_0] 
4:54:45 PM info -  [DefaultGLSPServer] process [action=requestModel, clientId=tasklist-diagram_0] 
4:54:45 PM info -  [DefaultGLSPServer] process [action=computedBounds, clientId=tasklist-diagram_0] 
4:54:45 PM info -  [DefaultGLSPServer] process [action=requestTypeHints, clientId=tasklist-diagram_0] 
