1:50:55 PM info -  [SocketServerLauncher] The GLSP server is ready to accept new client requests on port: 53543 
1:50:55 PM info -  [SocketServerLauncher] Starting GLSP server connection 
1:50:55 PM info -  [DefaultGLSPServer] Initializing server with: applicationId: 269b03ad-307b-47aa-9eee-08780a61941b, protocolVersion: 1.0.0 
1:50:55 PM info -  [DefaultGLSPServer] Initializing client session with: clientSessionId: 'tasklist-diagram_0', diagramType: 'tasklist-diagram' 
1:50:55 PM info -  [DefaultGLSPServer] process [action=requestContextActions, clientId=tasklist-diagram_0] 
1:50:55 PM info -  [DefaultGLSPServer] process [action=requestModel, clientId=tasklist-diagram_0] 
1:50:55 PM info -  [DefaultGLSPServer] process [action=computedBounds, clientId=tasklist-diagram_0] 
1:50:55 PM info -  [DefaultGLSPServer] process [action=requestTypeHints, clientId=tasklist-diagram_0] 
1:50:59 PM info -  [DefaultGLSPServer] process [action=compound, clientId=tasklist-diagram_0] 
1:50:59 PM info -  [DefaultGLSPServer] process [action=computedBounds, clientId=tasklist-diagram_0] 
1:51:00 PM info -  [DefaultGLSPServer] process [action=saveModel, clientId=tasklist-diagram_0] 
1:51:00 PM info -  [DefaultGLSPServer] process [action=compound, clientId=tasklist-diagram_0] 
1:51:00 PM info -  [DefaultGLSPServer] process [action=computedBounds, clientId=tasklist-diagram_0] 
1:51:01 PM info -  [DefaultGLSPServer] process [action=compound, clientId=tasklist-diagram_0] 
1:51:01 PM info -  [DefaultGLSPServer] process [action=computedBounds, clientId=tasklist-diagram_0] 
1:51:02 PM info -  [DefaultGLSPServer] process [action=compound, clientId=tasklist-diagram_0] 
1:51:02 PM info -  [DefaultGLSPServer] process [action=computedBounds, clientId=tasklist-diagram_0] 
1:51:03 PM info -  [DefaultGLSPServer] process [action=saveModel, clientId=tasklist-diagram_0] 
1:51:03 PM info -  [DefaultGLSPServer] process [action=compound, clientId=tasklist-diagram_0] 
1:51:03 PM info -  [DefaultGLSPServer] process [action=computedBounds, clientId=tasklist-diagram_0] 
1:51:04 PM info -  [DefaultGLSPServer] process [action=compound, clientId=tasklist-diagram_0] 
1:51:04 PM info -  [DefaultGLSPServer] process [action=computedBounds, clientId=tasklist-diagram_0] 
1:51:04 PM info -  [DefaultGLSPServer] process [action=requestPopupModel, clientId=tasklist-diagram_0] 
1:51:04 PM warn -  [RequestPopupModelActionHandler] Could not process `RequestPopupModelAction`. No `PopupModelFactory` is bound 
1:51:05 PM info -  [DefaultGLSPServer] process [action=saveModel, clientId=tasklist-diagram_0] 
1:51:06 PM info -  [DefaultGLSPServer] process [action=requestPopupModel, clientId=tasklist-diagram_0] 
1:51:06 PM warn -  [RequestPopupModelActionHandler] Could not process `RequestPopupModelAction`. No `PopupModelFactory` is bound 
1:51:07 PM info -  [DefaultGLSPServer] process [action=changeBounds, clientId=tasklist-diagram_0] 
1:51:07 PM info -  [DefaultGLSPServer] process [action=computedBounds, clientId=tasklist-diagram_0] 
1:51:08 PM info -  [DefaultGLSPServer] process [action=compound, clientId=tasklist-diagram_0] 
1:51:08 PM info -  [DefaultGLSPServer] process [action=computedBounds, clientId=tasklist-diagram_0] 
1:51:09 PM info -  [DefaultGLSPServer] process [action=saveModel, clientId=tasklist-diagram_0] 
1:51:11 PM info -  [DefaultGLSPServer] process [action=compound, clientId=tasklist-diagram_0] 
1:51:11 PM info -  [DefaultGLSPServer] process [action=computedBounds, clientId=tasklist-diagram_0] 
1:51:12 PM info -  [DefaultGLSPServer] process [action=compound, clientId=tasklist-diagram_0] 
1:51:12 PM info -  [DefaultGLSPServer] process [action=computedBounds, clientId=tasklist-diagram_0] 
1:51:13 PM info -  [DefaultGLSPServer] process [action=saveModel, clientId=tasklist-diagram_0] 
1:51:13 PM info -  [DefaultGLSPServer] process [action=compound, clientId=tasklist-diagram_0] 
1:51:13 PM info -  [DefaultGLSPServer] process [action=computedBounds, clientId=tasklist-diagram_0] 
1:51:14 PM info -  [DefaultGLSPServer] process [action=saveModel, clientId=tasklist-diagram_0] 
1:51:14 PM info -  [DefaultGLSPServer] process [action=compound, clientId=tasklist-diagram_0] 
1:51:14 PM info -  [DefaultGLSPServer] process [action=computedBounds, clientId=tasklist-diagram_0] 
1:51:15 PM info -  [DefaultGLSPServer] process [action=saveModel, clientId=tasklist-diagram_0] 
1:51:17 PM info -  [DefaultGLSPServer] process [action=compound, clientId=tasklist-diagram_0] 
1:51:17 PM info -  [DefaultGLSPServer] process [action=computedBounds, clientId=tasklist-diagram_0] 
1:51:18 PM info -  [DefaultGLSPServer] process [action=saveModel, clientId=tasklist-diagram_0] 
1:51:20 PM info -  [DefaultGLSPServer] process [action=requestPopupModel, clientId=tasklist-diagram_0] 
1:51:20 PM warn -  [RequestPopupModelActionHandler] Could not process `RequestPopupModelAction`. No `PopupModelFactory` is bound 
1:51:20 PM info -  [DefaultGLSPServer] process [action=compound, clientId=tasklist-diagram_0] 
1:51:20 PM info -  [DefaultGLSPServer] process [action=computedBounds, clientId=tasklist-diagram_0] 
1:51:21 PM info -  [DefaultGLSPServer] process [action=saveModel, clientId=tasklist-diagram_0] 
