3:50:53 PM info -  [SocketServerLauncher] The GLSP server is ready to accept new client requests on port: 54167 
3:50:53 PM warn -  [OperationHandlerRegistry] Could not register key-value pair. Key is already registered {
    "key": "createNode_node",
    "value": {
        "operationType": "createNode",
        "elementTypeIds": [
            "node"
        ],
        "modelState": {
            "properties": {},
            "editMode": "editable",
            "index": {
                "idToElement": {},
                "typeToElements": {},
                "idToTaskListElements": {}
            },
            "serializer": {
                "reservedKeys": [
                    "children",
                    "parent",
                    "index",
                    "source",
                    "target"
                ],
                "diagramConfiguration": {
                    "layoutKind": 1,
                    "needsClientLayout": true,
                    "animatedUpdate": true
                }
            },
            "clientId": "tempId"
        }
    }
}
3:50:53 PM info -  [SocketServerLauncher] Starting GLSP server connection 
3:50:53 PM info -  [DefaultGLSPServer] Initializing server with: applicationId: a8d81bb1-93b3-4c6b-afed-645a67cbb914, protocolVersion: 1.0.0 
3:50:53 PM info -  [DefaultGLSPServer] Initializing client session with: clientSessionId: 'tasklist-diagram_0', diagramType: 'tasklist-diagram' 
3:50:53 PM warn -  [OperationHandlerRegistry] Could not register key-value pair. Key is already registered {
    "key": "createNode_node",
    "value": {
        "operationType": "createNode",
        "elementTypeIds": [
            "node"
        ],
        "modelState": {
            "properties": {},
            "editMode": "editable",
            "index": {
                "idToElement": {},
                "typeToElements": {},
                "idToTaskListElements": {}
            },
            "serializer": {
                "reservedKeys": [
                    "children",
                    "parent",
                    "index",
                    "source",
                    "target"
                ],
                "diagramConfiguration": {
                    "layoutKind": 1,
                    "needsClientLayout": true,
                    "animatedUpdate": true
                }
            },
            "clientId": "tasklist-diagram_0"
        }
    }
}
3:50:53 PM info -  [DefaultGLSPServer] process [action=requestContextActions, clientId=tasklist-diagram_0] 
3:50:53 PM info -  [DefaultGLSPServer] process [action=requestModel, clientId=tasklist-diagram_0] 
3:50:53 PM error -  [DefaultGLSPServer] Could not process action: 'requestModel 
3:50:53 PM error -  [DefaultGLSPServer] Error: Could not load model from file: file:///Users/work/Desktop/glsp-examples/project-templates/node-json-vscode/workspace/example.tasklist 
