1:31:46 PM info -  [SocketServerLauncher] The GLSP server is ready to accept new client requests on port: 53111 
1:31:46 PM info -  [SocketServerLauncher] Starting GLSP server connection 
1:31:46 PM info -  [DefaultGLSPServer] Initializing server with: applicationId: e64589dd-9818-4daa-8f2a-d5f48f3c87af, protocolVersion: 1.0.0 
1:31:46 PM info -  [DefaultGLSPServer] Initializing client session with: clientSessionId: 'tasklist-diagram_0', diagramType: 'tasklist-diagram' 
1:31:46 PM info -  [DefaultGLSPServer] process [action=requestContextActions, clientId=tasklist-diagram_0] 
1:31:46 PM info -  [DefaultGLSPServer] process [action=requestModel, clientId=tasklist-diagram_0] 
1:31:46 PM info -  [DefaultGLSPServer] process [action=computedBounds, clientId=tasklist-diagram_0] 
1:31:46 PM info -  [DefaultGLSPServer] process [action=requestTypeHints, clientId=tasklist-diagram_0] 
1:31:48 PM info -  [DefaultGLSPServer] process [action=compound, clientId=tasklist-diagram_0] 
1:31:48 PM info -  [DefaultGLSPServer] process [action=computedBounds, clientId=tasklist-diagram_0] 
1:31:49 PM info -  [DefaultGLSPServer] process [action=requestPopupModel, clientId=tasklist-diagram_0] 
1:31:49 PM warn -  [RequestPopupModelActionHandler] Could not process `RequestPopupModelAction`. No `PopupModelFactory` is bound 
1:31:50 PM info -  [DefaultGLSPServer] process [action=saveModel, clientId=tasklist-diagram_0] 
1:31:50 PM info -  [DefaultGLSPServer] process [action=compound, clientId=tasklist-diagram_0] 
1:31:50 PM info -  [DefaultGLSPServer] process [action=computedBounds, clientId=tasklist-diagram_0] 
1:31:51 PM info -  [DefaultGLSPServer] process [action=saveModel, clientId=tasklist-diagram_0] 
1:31:51 PM info -  [DefaultGLSPServer] process [action=compound, clientId=tasklist-diagram_0] 
1:31:51 PM info -  [DefaultGLSPServer] process [action=computedBounds, clientId=tasklist-diagram_0] 
1:31:52 PM info -  [DefaultGLSPServer] process [action=saveModel, clientId=tasklist-diagram_0] 
1:31:53 PM info -  [DefaultGLSPServer] process [action=compound, clientId=tasklist-diagram_0] 
1:31:53 PM info -  [DefaultGLSPServer] process [action=computedBounds, clientId=tasklist-diagram_0] 
1:31:54 PM info -  [DefaultGLSPServer] process [action=saveModel, clientId=tasklist-diagram_0] 
