6:26:57 PM info -  [SocketServerLauncher] The GLSP server is ready to accept new client requests on port: 57619 
6:26:57 PM warn -  [OperationHandlerRegistry] Could not register key-value pair. Key is already registered {
    "key": "changeBounds",
    "value": {
        "elementTypeIds": [
            "cluster"
        ],
        "operationType": "changeBounds",
        "modelState": {
            "properties": {},
            "editMode": "editable",
            "index": {
                "idToElement": {},
                "typeToElements": {},
                "idToTaskListElements": {}
            },
            "serializer": {
                "reservedKeys": [
                    "children",
                    "parent",
                    "index",
                    "source",
                    "target"
                ],
                "diagramConfiguration": {
                    "layoutKind": 1,
                    "needsClientLayout": true,
                    "animatedUpdate": true
                }
            },
            "clientId": "tempId"
        }
    }
}
6:26:57 PM info -  [SocketServerLauncher] Starting GLSP server connection 
6:26:57 PM info -  [DefaultGLSPServer] Initializing server with: applicationId: 30c9d522-2ec8-4066-a0c6-ad611a3f5cec, protocolVersion: 1.0.0 
6:26:57 PM info -  [DefaultGLSPServer] Initializing client session with: clientSessionId: 'tasklist-diagram_0', diagramType: 'tasklist-diagram' 
6:26:57 PM warn -  [OperationHandlerRegistry] Could not register key-value pair. Key is already registered {
    "key": "changeBounds",
    "value": {
        "elementTypeIds": [
            "cluster"
        ],
        "operationType": "changeBounds",
        "modelState": {
            "properties": {},
            "editMode": "editable",
            "index": {
                "idToElement": {},
                "typeToElements": {},
                "idToTaskListElements": {}
            },
            "serializer": {
                "reservedKeys": [
                    "children",
                    "parent",
                    "index",
                    "source",
                    "target"
                ],
                "diagramConfiguration": {
                    "layoutKind": 1,
                    "needsClientLayout": true,
                    "animatedUpdate": true
                }
            },
            "clientId": "tasklist-diagram_0"
        }
    }
}
6:26:57 PM info -  [DefaultGLSPServer] process [action=requestContextActions, clientId=tasklist-diagram_0] 
6:26:57 PM info -  [DefaultGLSPServer] process [action=requestModel, clientId=tasklist-diagram_0] 
6:26:57 PM info -  [DefaultGLSPServer] process [action=computedBounds, clientId=tasklist-diagram_0] 
6:26:57 PM info -  [DefaultGLSPServer] process [action=requestTypeHints, clientId=tasklist-diagram_0] 
6:27:02 PM info -  [DefaultGLSPServer] process [action=compound, clientId=tasklist-diagram_0] 
6:27:02 PM info -  [DefaultGLSPServer] process [action=computedBounds, clientId=tasklist-diagram_0] 
6:27:03 PM info -  [DefaultGLSPServer] process [action=saveModel, clientId=tasklist-diagram_0] 
6:27:03 PM info -  [DefaultGLSPServer] process [action=changeBounds, clientId=tasklist-diagram_0] 
6:27:03 PM info -  [DefaultGLSPServer] process [action=computedBounds, clientId=tasklist-diagram_0] 
6:27:04 PM info -  [DefaultGLSPServer] process [action=saveModel, clientId=tasklist-diagram_0] 
