6:32:44 PM info -  [SocketServerLauncher] The GLSP server is ready to accept new client requests on port: 56190 
6:32:44 PM info -  [SocketServerLauncher] Starting GLSP server connection 
6:32:44 PM info -  [DefaultGLSPServer] Initializing server with: applicationId: 8f4c3575-032b-42a1-9a87-89479b20a540, protocolVersion: 1.0.0 
6:32:44 PM info -  [DefaultGLSPServer] Initializing client session with: clientSessionId: 'tasklist-diagram_0', diagramType: 'tasklist-diagram' 
6:32:44 PM info -  [DefaultGLSPServer] process [action=requestContextActions, clientId=tasklist-diagram_0] 
6:32:44 PM info -  [DefaultGLSPServer] process [action=requestModel, clientId=tasklist-diagram_0] 
6:32:44 PM info -  [DefaultGLSPServer] process [action=computedBounds, clientId=tasklist-diagram_0] 
6:32:44 PM info -  [DefaultGLSPServer] process [action=requestTypeHints, clientId=tasklist-diagram_0] 
6:32:46 PM info -  [DefaultGLSPServer] process [action=compound, clientId=tasklist-diagram_0] 
6:32:46 PM info -  [DefaultGLSPServer] process [action=computedBounds, clientId=tasklist-diagram_0] 
6:32:47 PM info -  [DefaultGLSPServer] process [action=saveModel, clientId=tasklist-diagram_0] 
6:32:48 PM info -  [DefaultGLSPServer] process [action=changeBounds, clientId=tasklist-diagram_0] 
6:32:48 PM info -  [DefaultGLSPServer] process [action=computedBounds, clientId=tasklist-diagram_0] 
6:32:48 PM info -  [DefaultGLSPServer] process [action=requestPopupModel, clientId=tasklist-diagram_0] 
6:32:48 PM warn -  [RequestPopupModelActionHandler] Could not process `RequestPopupModelAction`. No `PopupModelFactory` is bound 
6:32:49 PM info -  [DefaultGLSPServer] process [action=saveModel, clientId=tasklist-diagram_0] 
6:32:49 PM info -  [DefaultGLSPServer] process [action=compound, clientId=tasklist-diagram_0] 
6:32:49 PM info -  [DefaultGLSPServer] process [action=computedBounds, clientId=tasklist-diagram_0] 
6:32:50 PM info -  [DefaultGLSPServer] process [action=saveModel, clientId=tasklist-diagram_0] 
6:32:51 PM info -  [DefaultGLSPServer] process [action=changeBounds, clientId=tasklist-diagram_0] 
6:32:51 PM info -  [DefaultGLSPServer] process [action=computedBounds, clientId=tasklist-diagram_0] 
