2:47:11 PM info -  [SocketServerLauncher] The GLSP server is ready to accept new client requests on port: 51646 
2:47:11 PM info -  [SocketServerLauncher] Starting GLSP server connection 
2:47:12 PM info -  [DefaultGLSPServer] Initializing server with: applicationId: 45f3f38f-14c7-42f5-b9af-540abc222bb4, protocolVersion: 1.0.0 
2:47:12 PM info -  [DefaultGLSPServer] Initializing client session with: clientSessionId: 'tasklist-diagram_0', diagramType: 'tasklist-diagram' 
2:47:12 PM info -  [DefaultGLSPServer] process [action=requestContextActions, clientId=tasklist-diagram_0] 
2:47:12 PM info -  [DefaultGLSPServer] process [action=requestModel, clientId=tasklist-diagram_0] 
2:47:12 PM info -  [DefaultGLSPServer] process [action=computedBounds, clientId=tasklist-diagram_0] 
2:47:12 PM info -  [DefaultGLSPServer] process [action=requestTypeHints, clientId=tasklist-diagram_0] 
2:47:14 PM info -  [DefaultGLSPServer] process [action=requestPopupModel, clientId=tasklist-diagram_0] 
2:47:14 PM warn -  [RequestPopupModelActionHandler] Could not process `RequestPopupModelAction`. No `PopupModelFactory` is bound 
2:47:16 PM info -  [DefaultGLSPServer] process [action=compound, clientId=tasklist-diagram_0] 
2:47:16 PM info -  [DefaultGLSPServer] process [action=computedBounds, clientId=tasklist-diagram_0] 
2:47:16 PM info -  [DefaultGLSPServer] process [action=compound, clientId=tasklist-diagram_0] 
2:47:16 PM info -  [DefaultGLSPServer] process [action=computedBounds, clientId=tasklist-diagram_0] 
2:47:17 PM info -  [DefaultGLSPServer] process [action=saveModel, clientId=tasklist-diagram_0] 
2:47:18 PM info -  [DefaultGLSPServer] process [action=requestEditValidation, clientId=tasklist-diagram_0] 
2:47:18 PM info -  [DefaultGLSPServer] process [action=requestEditValidation, clientId=tasklist-diagram_0] 
2:47:18 PM info -  [DefaultGLSPServer] process [action=requestEditValidation, clientId=tasklist-diagram_0] 
2:47:18 PM info -  [DefaultGLSPServer] process [action=applyLabelEdit, clientId=tasklist-diagram_0] 
2:47:18 PM info -  [DefaultGLSPServer] process [action=computedBounds, clientId=tasklist-diagram_0] 
2:47:19 PM info -  [DefaultGLSPServer] process [action=saveModel, clientId=tasklist-diagram_0] 
2:47:38 PM info -  [DefaultGLSPServer] process [action=createNode, clientId=tasklist-diagram_0] 
2:47:38 PM info -  [DefaultGLSPServer] process [action=computedBounds, clientId=tasklist-diagram_0] 
2:47:39 PM info -  [DefaultGLSPServer] process [action=saveModel, clientId=tasklist-diagram_0] 
2:47:40 PM info -  [DefaultGLSPServer] process [action=requestPopupModel, clientId=tasklist-diagram_0] 
2:47:40 PM warn -  [RequestPopupModelActionHandler] Could not process `RequestPopupModelAction`. No `PopupModelFactory` is bound 
2:47:52 PM info -  [DefaultGLSPServer] process [action=deleteElement, clientId=tasklist-diagram_0] 
2:47:52 PM info -  [DefaultGLSPServer] process [action=computedBounds, clientId=tasklist-diagram_0] 
2:47:53 PM info -  [DefaultGLSPServer] process [action=saveModel, clientId=tasklist-diagram_0] 
2:47:57 PM info -  [DefaultGLSPServer] process [action=deleteElement, clientId=tasklist-diagram_0] 
2:47:57 PM info -  [DefaultGLSPServer] process [action=computedBounds, clientId=tasklist-diagram_0] 
2:47:57 PM info -  [DefaultGLSPServer] process [action=requestPopupModel, clientId=tasklist-diagram_0] 
2:47:57 PM warn -  [RequestPopupModelActionHandler] Could not process `RequestPopupModelAction`. No `PopupModelFactory` is bound 
2:47:58 PM info -  [DefaultGLSPServer] process [action=saveModel, clientId=tasklist-diagram_0] 
