5:34:05 PM info -  [SocketServerLauncher] The GLSP server is ready to accept new client requests on port: 55618 
5:34:05 PM info -  [SocketServerLauncher] Starting GLSP server connection 
5:34:05 PM info -  [DefaultGLSPServer] Initializing server with: applicationId: ca9304d5-f527-4d32-b7d1-4de1f36dc451, protocolVersion: 1.0.0 
5:34:05 PM info -  [DefaultGLSPServer] Initializing client session with: clientSessionId: 'tasklist-diagram_0', diagramType: 'tasklist-diagram' 
5:34:05 PM info -  [DefaultGLSPServer] process [action=requestContextActions, clientId=tasklist-diagram_0] 
5:34:05 PM info -  [DefaultGLSPServer] process [action=requestModel, clientId=tasklist-diagram_0] 
5:34:05 PM info -  [DefaultGLSPServer] process [action=computedBounds, clientId=tasklist-diagram_0] 
5:34:05 PM info -  [DefaultGLSPServer] process [action=requestTypeHints, clientId=tasklist-diagram_0] 
5:34:09 PM info -  [DefaultGLSPServer] process [action=createNode, clientId=tasklist-diagram_0] 
5:34:09 PM info -  [DefaultGLSPServer] process [action=computedBounds, clientId=tasklist-diagram_0] 
5:34:10 PM info -  [DefaultGLSPServer] process [action=saveModel, clientId=tasklist-diagram_0] 
5:34:12 PM info -  [DefaultGLSPServer] process [action=createEdge, clientId=tasklist-diagram_0] 
5:34:12 PM info -  [DefaultGLSPServer] process [action=computedBounds, clientId=tasklist-diagram_0] 
5:34:13 PM info -  [DefaultGLSPServer] process [action=saveModel, clientId=tasklist-diagram_0] 
5:34:15 PM info -  [DefaultGLSPServer] process [action=requestPopupModel, clientId=tasklist-diagram_0] 
5:34:15 PM warn -  [RequestPopupModelActionHandler] Could not process `RequestPopupModelAction`. No `PopupModelFactory` is bound 
5:34:16 PM info -  [DefaultGLSPServer] process [action=compound, clientId=tasklist-diagram_0] 
5:34:16 PM info -  [DefaultGLSPServer] process [action=computedBounds, clientId=tasklist-diagram_0] 
5:34:17 PM info -  [DefaultGLSPServer] process [action=saveModel, clientId=tasklist-diagram_0] 
5:34:18 PM info -  [DefaultGLSPServer] process [action=requestPopupModel, clientId=tasklist-diagram_0] 
5:34:18 PM warn -  [RequestPopupModelActionHandler] Could not process `RequestPopupModelAction`. No `PopupModelFactory` is bound 
5:34:20 PM info -  [DefaultGLSPServer] process [action=compound, clientId=tasklist-diagram_0] 
5:34:20 PM info -  [DefaultGLSPServer] process [action=computedBounds, clientId=tasklist-diagram_0] 
5:34:21 PM info -  [DefaultGLSPServer] process [action=saveModel, clientId=tasklist-diagram_0] 
5:34:22 PM info -  [DefaultGLSPServer] process [action=compound, clientId=tasklist-diagram_0] 
5:34:22 PM info -  [DefaultGLSPServer] process [action=computedBounds, clientId=tasklist-diagram_0] 
5:34:23 PM info -  [DefaultGLSPServer] process [action=saveModel, clientId=tasklist-diagram_0] 
5:34:32 PM info -  [DefaultGLSPServer] process [action=requestMarkers, clientId=tasklist-diagram_0] 
5:34:32 PM error -  [DefaultGLSPServer] Could not process action: 'requestMarkers 
5:34:32 PM error -  [DefaultGLSPServer] Error: Cannot compute markers! No implementation for ModelValidator has been bound 
