6:23:42 PM info -  [SocketServerLauncher] The GLSP server is ready to accept new client requests on port: 57475 
6:23:42 PM info -  [SocketServerLauncher] Starting GLSP server connection 
6:23:42 PM info -  [DefaultGLSPServer] Initializing server with: applicationId: 9e8adb2b-e721-42d4-8ff4-6da4458f0afe, protocolVersion: 1.0.0 
6:23:42 PM info -  [DefaultGLSPServer] Initializing client session with: clientSessionId: 'tasklist-diagram_0', diagramType: 'tasklist-diagram' 
6:23:42 PM info -  [DefaultGLSPServer] process [action=requestContextActions, clientId=tasklist-diagram_0] 
6:23:42 PM info -  [DefaultGLSPServer] process [action=requestModel, clientId=tasklist-diagram_0] 
6:23:42 PM info -  [DefaultGLSPServer] process [action=computedBounds, clientId=tasklist-diagram_0] 
6:23:43 PM info -  [DefaultGLSPServer] process [action=requestTypeHints, clientId=tasklist-diagram_0] 
6:23:45 PM info -  [DefaultGLSPServer] process [action=changeBounds, clientId=tasklist-diagram_0] 
6:23:45 PM info -  [DefaultGLSPServer] process [action=computedBounds, clientId=tasklist-diagram_0] 
6:23:46 PM info -  [DefaultGLSPServer] process [action=requestPopupModel, clientId=tasklist-diagram_0] 
6:23:46 PM warn -  [RequestPopupModelActionHandler] Could not process `RequestPopupModelAction`. No `PopupModelFactory` is bound 
6:23:46 PM info -  [DefaultGLSPServer] process [action=saveModel, clientId=tasklist-diagram_0] 
6:23:46 PM info -  [DefaultGLSPServer] process [action=compound, clientId=tasklist-diagram_0] 
6:23:46 PM info -  [DefaultGLSPServer] process [action=computedBounds, clientId=tasklist-diagram_0] 
6:23:47 PM info -  [DefaultGLSPServer] process [action=saveModel, clientId=tasklist-diagram_0] 
6:23:48 PM info -  [DefaultGLSPServer] process [action=compound, clientId=tasklist-diagram_0] 
6:23:48 PM info -  [DefaultGLSPServer] process [action=computedBounds, clientId=tasklist-diagram_0] 
6:23:48 PM info -  [DefaultGLSPServer] process [action=changeBounds, clientId=tasklist-diagram_0] 
6:23:48 PM info -  [DefaultGLSPServer] process [action=computedBounds, clientId=tasklist-diagram_0] 
6:23:49 PM info -  [DefaultGLSPServer] process [action=saveModel, clientId=tasklist-diagram_0] 
6:23:50 PM info -  [DefaultGLSPServer] process [action=requestPopupModel, clientId=tasklist-diagram_0] 
6:23:50 PM warn -  [RequestPopupModelActionHandler] Could not process `RequestPopupModelAction`. No `PopupModelFactory` is bound 
6:23:52 PM info -  [DefaultGLSPServer] process [action=compound, clientId=tasklist-diagram_0] 
6:23:52 PM info -  [DefaultGLSPServer] process [action=computedBounds, clientId=tasklist-diagram_0] 
6:23:53 PM info -  [DefaultGLSPServer] process [action=saveModel, clientId=tasklist-diagram_0] 
6:23:55 PM info -  [DefaultGLSPServer] process [action=requestPopupModel, clientId=tasklist-diagram_0] 
6:23:55 PM warn -  [RequestPopupModelActionHandler] Could not process `RequestPopupModelAction`. No `PopupModelFactory` is bound 
6:23:56 PM info -  [DefaultGLSPServer] process [action=compound, clientId=tasklist-diagram_0] 
6:23:56 PM info -  [DefaultGLSPServer] process [action=computedBounds, clientId=tasklist-diagram_0] 
6:23:57 PM info -  [DefaultGLSPServer] process [action=saveModel, clientId=tasklist-diagram_0] 
6:23:57 PM info -  [DefaultGLSPServer] process [action=changeBounds, clientId=tasklist-diagram_0] 
6:23:57 PM info -  [DefaultGLSPServer] process [action=computedBounds, clientId=tasklist-diagram_0] 
6:23:58 PM info -  [DefaultGLSPServer] process [action=saveModel, clientId=tasklist-diagram_0] 
6:24:00 PM info -  [DefaultGLSPServer] process [action=requestPopupModel, clientId=tasklist-diagram_0] 
6:24:00 PM warn -  [RequestPopupModelActionHandler] Could not process `RequestPopupModelAction`. No `PopupModelFactory` is bound 
6:24:01 PM info -  [DefaultGLSPServer] process [action=changeBounds, clientId=tasklist-diagram_0] 
6:24:01 PM info -  [DefaultGLSPServer] process [action=computedBounds, clientId=tasklist-diagram_0] 
6:24:02 PM info -  [DefaultGLSPServer] process [action=saveModel, clientId=tasklist-diagram_0] 
6:24:03 PM info -  [DefaultGLSPServer] process [action=compound, clientId=tasklist-diagram_0] 
6:24:03 PM info -  [DefaultGLSPServer] process [action=computedBounds, clientId=tasklist-diagram_0] 
6:24:04 PM info -  [DefaultGLSPServer] process [action=saveModel, clientId=tasklist-diagram_0] 
6:24:04 PM info -  [DefaultGLSPServer] process [action=compound, clientId=tasklist-diagram_0] 
6:24:04 PM info -  [DefaultGLSPServer] process [action=computedBounds, clientId=tasklist-diagram_0] 
6:24:05 PM info -  [DefaultGLSPServer] process [action=compound, clientId=tasklist-diagram_0] 
6:24:05 PM info -  [DefaultGLSPServer] process [action=computedBounds, clientId=tasklist-diagram_0] 
6:24:06 PM info -  [DefaultGLSPServer] process [action=saveModel, clientId=tasklist-diagram_0] 
6:24:09 PM info -  [DefaultGLSPServer] process [action=compound, clientId=tasklist-diagram_0] 
6:24:09 PM info -  [DefaultGLSPServer] process [action=computedBounds, clientId=tasklist-diagram_0] 
6:24:10 PM info -  [DefaultGLSPServer] process [action=saveModel, clientId=tasklist-diagram_0] 
6:24:10 PM info -  [DefaultGLSPServer] process [action=changeBounds, clientId=tasklist-diagram_0] 
6:24:10 PM info -  [DefaultGLSPServer] process [action=computedBounds, clientId=tasklist-diagram_0] 
6:24:11 PM info -  [DefaultGLSPServer] process [action=saveModel, clientId=tasklist-diagram_0] 
