6:35:41 PM info -  [SocketServerLauncher] The GLSP server is ready to accept new client requests on port: 56336 
6:35:41 PM info -  [SocketServerLauncher] Starting GLSP server connection 
6:35:41 PM info -  [DefaultGLSPServer] Initializing server with: applicationId: 277bd9a6-1f7f-4b5e-ae05-6f0842790edc, protocolVersion: 1.0.0 
6:35:41 PM info -  [DefaultGLSPServer] Initializing client session with: clientSessionId: 'tasklist-diagram_0', diagramType: 'tasklist-diagram' 
6:35:41 PM info -  [DefaultGLSPServer] process [action=requestContextActions, clientId=tasklist-diagram_0] 
6:35:41 PM info -  [DefaultGLSPServer] process [action=requestModel, clientId=tasklist-diagram_0] 
6:35:41 PM info -  [DefaultGLSPServer] process [action=computedBounds, clientId=tasklist-diagram_0] 
6:35:41 PM info -  [DefaultGLSPServer] process [action=requestTypeHints, clientId=tasklist-diagram_0] 
6:35:44 PM info -  [DefaultGLSPServer] process [action=createNode, clientId=tasklist-diagram_0] 
6:35:44 PM info -  [DefaultGLSPServer] process [action=computedBounds, clientId=tasklist-diagram_0] 
6:35:45 PM info -  [DefaultGLSPServer] process [action=saveModel, clientId=tasklist-diagram_0] 
6:35:46 PM info -  [DefaultGLSPServer] process [action=requestPopupModel, clientId=tasklist-diagram_0] 
6:35:46 PM warn -  [RequestPopupModelActionHandler] Could not process `RequestPopupModelAction`. No `PopupModelFactory` is bound 
6:35:46 PM info -  [DefaultGLSPServer] process [action=compound, clientId=tasklist-diagram_0] 
6:35:47 PM info -  [DefaultGLSPServer] process [action=computedBounds, clientId=tasklist-diagram_0] 
6:35:48 PM info -  [DefaultGLSPServer] process [action=saveModel, clientId=tasklist-diagram_0] 
6:35:50 PM info -  [DefaultGLSPServer] process [action=changeBounds, clientId=tasklist-diagram_0] 
6:35:50 PM info -  [DefaultGLSPServer] process [action=computedBounds, clientId=tasklist-diagram_0] 
6:35:51 PM info -  [DefaultGLSPServer] process [action=compound, clientId=tasklist-diagram_0] 
6:35:51 PM info -  [DefaultGLSPServer] process [action=computedBounds, clientId=tasklist-diagram_0] 
6:35:52 PM info -  [DefaultGLSPServer] process [action=compound, clientId=tasklist-diagram_0] 
6:35:52 PM info -  [DefaultGLSPServer] process [action=computedBounds, clientId=tasklist-diagram_0] 
6:35:53 PM info -  [DefaultGLSPServer] process [action=saveModel, clientId=tasklist-diagram_0] 
6:35:53 PM info -  [DefaultGLSPServer] process [action=compound, clientId=tasklist-diagram_0] 
6:35:53 PM info -  [DefaultGLSPServer] process [action=computedBounds, clientId=tasklist-diagram_0] 
6:35:53 PM info -  [DefaultGLSPServer] process [action=compound, clientId=tasklist-diagram_0] 
6:35:53 PM info -  [DefaultGLSPServer] process [action=computedBounds, clientId=tasklist-diagram_0] 
6:35:54 PM info -  [DefaultGLSPServer] process [action=saveModel, clientId=tasklist-diagram_0] 
