6:34:11 PM info -  [SocketServerLauncher] The GLSP server is ready to accept new client requests on port: 56265 
6:34:11 PM info -  [SocketServerLauncher] Starting GLSP server connection 
6:34:11 PM info -  [DefaultGLSPServer] Initializing server with: applicationId: 26e7e6ec-370d-4bed-909f-84142d3eba20, protocolVersion: 1.0.0 
6:34:12 PM info -  [DefaultGLSPServer] Initializing client session with: clientSessionId: 'tasklist-diagram_0', diagramType: 'tasklist-diagram' 
6:34:12 PM info -  [DefaultGLSPServer] process [action=requestContextActions, clientId=tasklist-diagram_0] 
6:34:12 PM info -  [DefaultGLSPServer] process [action=requestModel, clientId=tasklist-diagram_0] 
6:34:12 PM info -  [DefaultGLSPServer] process [action=computedBounds, clientId=tasklist-diagram_0] 
6:34:12 PM info -  [DefaultGLSPServer] process [action=requestTypeHints, clientId=tasklist-diagram_0] 
6:34:14 PM info -  [DefaultGLSPServer] process [action=requestPopupModel, clientId=tasklist-diagram_0] 
6:34:14 PM warn -  [RequestPopupModelActionHandler] Could not process `RequestPopupModelAction`. No `PopupModelFactory` is bound 
6:34:18 PM info -  [DefaultGLSPServer] process [action=changeBounds, clientId=tasklist-diagram_0] 
6:34:18 PM info -  [DefaultGLSPServer] process [action=computedBounds, clientId=tasklist-diagram_0] 
6:34:19 PM info -  [DefaultGLSPServer] process [action=saveModel, clientId=tasklist-diagram_0] 
6:34:20 PM info -  [DefaultGLSPServer] process [action=compound, clientId=tasklist-diagram_0] 
6:34:20 PM info -  [DefaultGLSPServer] process [action=computedBounds, clientId=tasklist-diagram_0] 
6:34:21 PM info -  [DefaultGLSPServer] process [action=compound, clientId=tasklist-diagram_0] 
6:34:21 PM info -  [DefaultGLSPServer] process [action=computedBounds, clientId=tasklist-diagram_0] 
6:34:22 PM info -  [DefaultGLSPServer] process [action=compound, clientId=tasklist-diagram_0] 
6:34:22 PM info -  [DefaultGLSPServer] process [action=computedBounds, clientId=tasklist-diagram_0] 
6:34:22 PM info -  [DefaultGLSPServer] process [action=compound, clientId=tasklist-diagram_0] 
6:34:22 PM info -  [DefaultGLSPServer] process [action=computedBounds, clientId=tasklist-diagram_0] 
6:34:23 PM info -  [DefaultGLSPServer] process [action=compound, clientId=tasklist-diagram_0] 
6:34:23 PM info -  [DefaultGLSPServer] process [action=computedBounds, clientId=tasklist-diagram_0] 
6:34:23 PM info -  [DefaultGLSPServer] process [action=requestPopupModel, clientId=tasklist-diagram_0] 
6:34:23 PM warn -  [RequestPopupModelActionHandler] Could not process `RequestPopupModelAction`. No `PopupModelFactory` is bound 
6:34:24 PM info -  [DefaultGLSPServer] process [action=compound, clientId=tasklist-diagram_0] 
6:34:24 PM info -  [DefaultGLSPServer] process [action=computedBounds, clientId=tasklist-diagram_0] 
6:34:24 PM info -  [DefaultGLSPServer] process [action=compound, clientId=tasklist-diagram_0] 
6:34:24 PM info -  [DefaultGLSPServer] process [action=computedBounds, clientId=tasklist-diagram_0] 
6:34:25 PM info -  [DefaultGLSPServer] process [action=compound, clientId=tasklist-diagram_0] 
6:34:25 PM info -  [DefaultGLSPServer] process [action=computedBounds, clientId=tasklist-diagram_0] 
6:34:26 PM info -  [DefaultGLSPServer] process [action=compound, clientId=tasklist-diagram_0] 
6:34:26 PM info -  [DefaultGLSPServer] process [action=computedBounds, clientId=tasklist-diagram_0] 
6:34:27 PM info -  [DefaultGLSPServer] process [action=compound, clientId=tasklist-diagram_0] 
6:34:27 PM info -  [DefaultGLSPServer] process [action=computedBounds, clientId=tasklist-diagram_0] 
6:34:28 PM info -  [DefaultGLSPServer] process [action=saveModel, clientId=tasklist-diagram_0] 
