2:19:29 PM info -  [SocketServerLauncher] The GLSP server is ready to accept new client requests on port: 59354 
2:19:29 PM info -  [SocketServerLauncher] Starting GLSP server connection 
2:19:29 PM info -  [DefaultGLSPServer] Initializing server with: applicationId: f9d9dd8a-d80c-4758-abf1-329a2117b97d, protocolVersion: 1.0.0 
2:19:29 PM info -  [DefaultGLSPServer] Initializing client session with: clientSessionId: 'tasklist-diagram_0', diagramType: 'tasklist-diagram' 
2:19:29 PM info -  [DefaultGLSPServer] process [action=requestContextActions, clientId=tasklist-diagram_0] 
2:19:29 PM info -  [DefaultGLSPServer] process [action=requestModel, clientId=tasklist-diagram_0] 
2:19:29 PM info -  [DefaultGLSPServer] process [action=computedBounds, clientId=tasklist-diagram_0] 
2:19:29 PM info -  [DefaultGLSPServer] process [action=requestTypeHints, clientId=tasklist-diagram_0] 
2:19:31 PM info -  [DefaultGLSPServer] process [action=deleteElement, clientId=tasklist-diagram_0] 
2:19:31 PM info -  [DefaultGLSPServer] process [action=computedBounds, clientId=tasklist-diagram_0] 
2:19:32 PM info -  [DefaultGLSPServer] process [action=saveModel, clientId=tasklist-diagram_0] 
2:19:32 PM info -  [DefaultGLSPServer] process [action=compound, clientId=tasklist-diagram_0] 
2:19:33 PM info -  [DefaultGLSPServer] process [action=computedBounds, clientId=tasklist-diagram_0] 
2:19:34 PM info -  [DefaultGLSPServer] process [action=saveModel, clientId=tasklist-diagram_0] 
2:19:34 PM info -  [DefaultGLSPServer] process [action=compound, clientId=tasklist-diagram_0] 
2:19:34 PM info -  [DefaultGLSPServer] process [action=computedBounds, clientId=tasklist-diagram_0] 
2:19:35 PM info -  [DefaultGLSPServer] process [action=saveModel, clientId=tasklist-diagram_0] 
2:19:35 PM info -  [DefaultGLSPServer] process [action=compound, clientId=tasklist-diagram_0] 
2:19:35 PM info -  [DefaultGLSPServer] process [action=computedBounds, clientId=tasklist-diagram_0] 
2:19:36 PM info -  [DefaultGLSPServer] process [action=saveModel, clientId=tasklist-diagram_0] 
2:19:37 PM info -  [DefaultGLSPServer] process [action=deleteElement, clientId=tasklist-diagram_0] 
2:19:37 PM info -  [DefaultGLSPServer] process [action=computedBounds, clientId=tasklist-diagram_0] 
2:19:38 PM info -  [DefaultGLSPServer] process [action=saveModel, clientId=tasklist-diagram_0] 
