2:37:17 PM info -  [SocketServerLauncher] The GLSP server is ready to accept new client requests on port: 59659 
2:37:18 PM info -  [SocketServerLauncher] Starting GLSP server connection 
2:37:18 PM info -  [DefaultGLSPServer] Initializing server with: applicationId: 4d586764-44de-4f7b-a229-13cbcca61e55, protocolVersion: 1.0.0 
2:37:18 PM info -  [DefaultGLSPServer] Initializing client session with: clientSessionId: 'tasklist-diagram_0', diagramType: 'tasklist-diagram' 
2:37:18 PM info -  [DefaultGLSPServer] process [action=requestContextActions, clientId=tasklist-diagram_0] 
2:37:18 PM info -  [DefaultGLSPServer] process [action=requestModel, clientId=tasklist-diagram_0] 
2:37:18 PM info -  [DefaultGLSPServer] process [action=computedBounds, clientId=tasklist-diagram_0] 
2:37:18 PM info -  [DefaultGLSPServer] process [action=requestTypeHints, clientId=tasklist-diagram_0] 
2:37:23 PM info -  [DefaultGLSPServer] process [action=createNode, clientId=tasklist-diagram_0] 
2:37:23 PM info -  [DefaultGLSPServer] process [action=computedBounds, clientId=tasklist-diagram_0] 
2:37:24 PM info -  [DefaultGLSPServer] process [action=saveModel, clientId=tasklist-diagram_0] 
2:37:33 PM info -  [DefaultGLSPServer] process [action=requestEditValidation, clientId=tasklist-diagram_0] 
2:37:33 PM info -  [DefaultGLSPServer] process [action=requestEditValidation, clientId=tasklist-diagram_0] 
2:37:33 PM info -  [DefaultGLSPServer] process [action=applyLabelEdit, clientId=tasklist-diagram_0] 
2:37:33 PM info -  [DefaultGLSPServer] process [action=computedBounds, clientId=tasklist-diagram_0] 
2:37:33 PM info -  [DefaultGLSPServer] process [action=requestEditValidation, clientId=tasklist-diagram_0] 
2:37:34 PM info -  [DefaultGLSPServer] process [action=saveModel, clientId=tasklist-diagram_0] 
2:37:35 PM info -  [DefaultGLSPServer] process [action=requestEditValidation, clientId=tasklist-diagram_0] 
2:37:35 PM info -  [DefaultGLSPServer] process [action=requestEditValidation, clientId=tasklist-diagram_0] 
2:37:35 PM info -  [DefaultGLSPServer] process [action=applyLabelEdit, clientId=tasklist-diagram_0] 
2:37:35 PM info -  [DefaultGLSPServer] process [action=computedBounds, clientId=tasklist-diagram_0] 
2:37:36 PM info -  [DefaultGLSPServer] process [action=saveModel, clientId=tasklist-diagram_0] 
