3:45:05 PM info -  [SocketServerLauncher] The GLSP server is ready to accept new client requests on port: 56186 
3:45:05 PM info -  [SocketServerLauncher] Starting GLSP server connection 
3:45:05 PM info -  [DefaultGLSPServer] Initializing server with: applicationId: 814bc022-4116-4f8b-b788-9cf1b68d8699, protocolVersion: 1.0.0 
3:45:05 PM info -  [DefaultGLSPServer] Initializing client session with: clientSessionId: 'tasklist-diagram_0', diagramType: 'tasklist-diagram' 
3:45:05 PM info -  [DefaultGLSPServer] process [action=requestContextActions, clientId=tasklist-diagram_0] 
3:45:05 PM info -  [DefaultGLSPServer] process [action=requestModel, clientId=tasklist-diagram_0] 
3:45:05 PM info -  [DefaultGLSPServer] process [action=computedBounds, clientId=tasklist-diagram_0] 
3:45:05 PM info -  [DefaultGLSPServer] process [action=requestTypeHints, clientId=tasklist-diagram_0] 
3:45:10 PM info -  [DefaultGLSPServer] process [action=compound, clientId=tasklist-diagram_0] 
3:45:10 PM info -  [DefaultGLSPServer] process [action=computedBounds, clientId=tasklist-diagram_0] 
3:45:11 PM info -  [DefaultGLSPServer] process [action=requestPopupModel, clientId=tasklist-diagram_0] 
3:45:11 PM warn -  [RequestPopupModelActionHandler] Could not process `RequestPopupModelAction`. No `PopupModelFactory` is bound 
3:45:11 PM info -  [DefaultGLSPServer] process [action=saveModel, clientId=tasklist-diagram_0] 
3:45:12 PM info -  [DefaultGLSPServer] process [action=compound, clientId=tasklist-diagram_0] 
3:45:12 PM info -  [DefaultGLSPServer] process [action=computedBounds, clientId=tasklist-diagram_0] 
3:45:13 PM info -  [DefaultGLSPServer] process [action=saveModel, clientId=tasklist-diagram_0] 
3:45:13 PM info -  [DefaultGLSPServer] process [action=requestPopupModel, clientId=tasklist-diagram_0] 
3:45:13 PM warn -  [RequestPopupModelActionHandler] Could not process `RequestPopupModelAction`. No `PopupModelFactory` is bound 
3:45:14 PM info -  [DefaultGLSPServer] process [action=compound, clientId=tasklist-diagram_0] 
3:45:14 PM info -  [DefaultGLSPServer] process [action=computedBounds, clientId=tasklist-diagram_0] 
3:45:15 PM info -  [DefaultGLSPServer] process [action=compound, clientId=tasklist-diagram_0] 
3:45:15 PM info -  [DefaultGLSPServer] process [action=computedBounds, clientId=tasklist-diagram_0] 
3:45:16 PM info -  [DefaultGLSPServer] process [action=compound, clientId=tasklist-diagram_0] 
3:45:16 PM info -  [DefaultGLSPServer] process [action=computedBounds, clientId=tasklist-diagram_0] 
3:45:17 PM info -  [DefaultGLSPServer] process [action=saveModel, clientId=tasklist-diagram_0] 
3:45:18 PM info -  [DefaultGLSPServer] process [action=compound, clientId=tasklist-diagram_0] 
3:45:18 PM info -  [DefaultGLSPServer] process [action=computedBounds, clientId=tasklist-diagram_0] 
3:45:19 PM info -  [DefaultGLSPServer] process [action=saveModel, clientId=tasklist-diagram_0] 
3:45:19 PM info -  [DefaultGLSPServer] process [action=compound, clientId=tasklist-diagram_0] 
3:45:19 PM info -  [DefaultGLSPServer] process [action=computedBounds, clientId=tasklist-diagram_0] 
3:45:20 PM info -  [DefaultGLSPServer] process [action=saveModel, clientId=tasklist-diagram_0] 
3:45:20 PM info -  [DefaultGLSPServer] process [action=compound, clientId=tasklist-diagram_0] 
3:45:20 PM info -  [DefaultGLSPServer] process [action=computedBounds, clientId=tasklist-diagram_0] 
3:45:21 PM info -  [DefaultGLSPServer] process [action=compound, clientId=tasklist-diagram_0] 
3:45:21 PM info -  [DefaultGLSPServer] process [action=computedBounds, clientId=tasklist-diagram_0] 
3:45:22 PM info -  [DefaultGLSPServer] process [action=saveModel, clientId=tasklist-diagram_0] 
3:45:23 PM info -  [DefaultGLSPServer] process [action=compound, clientId=tasklist-diagram_0] 
3:45:23 PM info -  [DefaultGLSPServer] process [action=computedBounds, clientId=tasklist-diagram_0] 
3:45:24 PM info -  [DefaultGLSPServer] process [action=saveModel, clientId=tasklist-diagram_0] 
3:45:24 PM info -  [DefaultGLSPServer] process [action=compound, clientId=tasklist-diagram_0] 
3:45:24 PM info -  [DefaultGLSPServer] process [action=computedBounds, clientId=tasklist-diagram_0] 
3:45:25 PM info -  [DefaultGLSPServer] process [action=saveModel, clientId=tasklist-diagram_0] 
3:45:25 PM info -  [DefaultGLSPServer] process [action=requestPopupModel, clientId=tasklist-diagram_0] 
3:45:25 PM warn -  [RequestPopupModelActionHandler] Could not process `RequestPopupModelAction`. No `PopupModelFactory` is bound 
3:45:25 PM info -  [DefaultGLSPServer] process [action=compound, clientId=tasklist-diagram_0] 
3:45:25 PM info -  [DefaultGLSPServer] process [action=computedBounds, clientId=tasklist-diagram_0] 
3:45:26 PM info -  [DefaultGLSPServer] process [action=saveModel, clientId=tasklist-diagram_0] 
3:45:27 PM info -  [DefaultGLSPServer] process [action=compound, clientId=tasklist-diagram_0] 
3:45:27 PM info -  [DefaultGLSPServer] process [action=computedBounds, clientId=tasklist-diagram_0] 
3:45:28 PM info -  [DefaultGLSPServer] process [action=saveModel, clientId=tasklist-diagram_0] 
3:45:31 PM info -  [DefaultGLSPServer] process [action=compound, clientId=tasklist-diagram_0] 
3:45:31 PM info -  [DefaultGLSPServer] process [action=computedBounds, clientId=tasklist-diagram_0] 
3:45:32 PM info -  [DefaultGLSPServer] process [action=saveModel, clientId=tasklist-diagram_0] 
