3:09:53 PM info -  [SocketServerLauncher] The GLSP server is ready to accept new client requests on port: 55440 
3:09:53 PM info -  [SocketServerLauncher] Starting GLSP server connection 
3:09:53 PM info -  [DefaultGLSPServer] Initializing server with: applicationId: 833ce51a-a363-4817-ad85-4db73052fdc6, protocolVersion: 1.0.0 
3:09:53 PM info -  [DefaultGLSPServer] Initializing client session with: clientSessionId: 'tasklist-diagram_0', diagramType: 'tasklist-diagram' 
3:09:53 PM info -  [DefaultGLSPServer] process [action=requestContextActions, clientId=tasklist-diagram_0] 
3:09:54 PM info -  [DefaultGLSPServer] process [action=requestModel, clientId=tasklist-diagram_0] 
3:09:54 PM info -  [DefaultGLSPServer] process [action=computedBounds, clientId=tasklist-diagram_0] 
3:09:54 PM info -  [DefaultGLSPServer] process [action=requestTypeHints, clientId=tasklist-diagram_0] 
3:09:57 PM info -  [DefaultGLSPServer] process [action=compound, clientId=tasklist-diagram_0] 
3:09:57 PM info -  [DefaultGLSPServer] process [action=computedBounds, clientId=tasklist-diagram_0] 
3:09:58 PM info -  [DefaultGLSPServer] process [action=saveModel, clientId=tasklist-diagram_0] 
3:09:58 PM info -  [DefaultGLSPServer] process [action=compound, clientId=tasklist-diagram_0] 
3:09:58 PM info -  [DefaultGLSPServer] process [action=computedBounds, clientId=tasklist-diagram_0] 
3:09:59 PM info -  [DefaultGLSPServer] process [action=saveModel, clientId=tasklist-diagram_0] 
3:10:00 PM info -  [DefaultGLSPServer] process [action=compound, clientId=tasklist-diagram_0] 
3:10:00 PM info -  [DefaultGLSPServer] process [action=computedBounds, clientId=tasklist-diagram_0] 
3:10:01 PM info -  [DefaultGLSPServer] process [action=saveModel, clientId=tasklist-diagram_0] 
3:10:02 PM info -  [DefaultGLSPServer] process [action=compound, clientId=tasklist-diagram_0] 
3:10:02 PM info -  [DefaultGLSPServer] process [action=computedBounds, clientId=tasklist-diagram_0] 
3:10:03 PM info -  [DefaultGLSPServer] process [action=saveModel, clientId=tasklist-diagram_0] 
3:10:04 PM info -  [DefaultGLSPServer] process [action=compound, clientId=tasklist-diagram_0] 
3:10:04 PM info -  [DefaultGLSPServer] process [action=computedBounds, clientId=tasklist-diagram_0] 
3:10:05 PM info -  [DefaultGLSPServer] process [action=saveModel, clientId=tasklist-diagram_0] 
3:10:07 PM info -  [DefaultGLSPServer] process [action=requestEditValidation, clientId=tasklist-diagram_0] 
3:10:07 PM info -  [DefaultGLSPServer] process [action=applyLabelEdit, clientId=tasklist-diagram_0] 
3:10:07 PM info -  [DefaultGLSPServer] process [action=requestEditValidation, clientId=tasklist-diagram_0] 
3:10:07 PM info -  [DefaultGLSPServer] process [action=computedBounds, clientId=tasklist-diagram_0] 
3:10:08 PM info -  [DefaultGLSPServer] process [action=saveModel, clientId=tasklist-diagram_0] 
3:10:12 PM info -  [DefaultGLSPServer] process [action=requestPopupModel, clientId=tasklist-diagram_0] 
3:10:12 PM warn -  [RequestPopupModelActionHandler] Could not process `RequestPopupModelAction`. No `PopupModelFactory` is bound 
3:10:15 PM info -  [DefaultGLSPServer] process [action=compound, clientId=tasklist-diagram_0] 
3:10:15 PM info -  [DefaultGLSPServer] process [action=computedBounds, clientId=tasklist-diagram_0] 
3:10:16 PM info -  [DefaultGLSPServer] process [action=saveModel, clientId=tasklist-diagram_0] 
3:10:17 PM info -  [DefaultGLSPServer] process [action=requestPopupModel, clientId=tasklist-diagram_0] 
3:10:17 PM warn -  [RequestPopupModelActionHandler] Could not process `RequestPopupModelAction`. No `PopupModelFactory` is bound 
3:10:17 PM info -  [DefaultGLSPServer] process [action=changeBounds, clientId=tasklist-diagram_0] 
3:10:17 PM info -  [DefaultGLSPServer] process [action=computedBounds, clientId=tasklist-diagram_0] 
3:10:18 PM info -  [DefaultGLSPServer] process [action=saveModel, clientId=tasklist-diagram_0] 
3:10:20 PM info -  [DefaultGLSPServer] process [action=compound, clientId=tasklist-diagram_0] 
3:10:20 PM info -  [DefaultGLSPServer] process [action=computedBounds, clientId=tasklist-diagram_0] 
3:10:21 PM info -  [DefaultGLSPServer] process [action=compound, clientId=tasklist-diagram_0] 
3:10:21 PM info -  [DefaultGLSPServer] process [action=computedBounds, clientId=tasklist-diagram_0] 
3:10:22 PM info -  [DefaultGLSPServer] process [action=saveModel, clientId=tasklist-diagram_0] 
3:10:24 PM info -  [DefaultGLSPServer] process [action=changeBounds, clientId=tasklist-diagram_0] 
3:10:24 PM info -  [DefaultGLSPServer] process [action=computedBounds, clientId=tasklist-diagram_0] 
3:10:24 PM info -  [DefaultGLSPServer] process [action=compound, clientId=tasklist-diagram_0] 
3:10:24 PM info -  [DefaultGLSPServer] process [action=computedBounds, clientId=tasklist-diagram_0] 
3:10:25 PM info -  [DefaultGLSPServer] process [action=saveModel, clientId=tasklist-diagram_0] 
3:10:27 PM info -  [DefaultGLSPServer] process [action=compound, clientId=tasklist-diagram_0] 
3:10:27 PM info -  [DefaultGLSPServer] process [action=computedBounds, clientId=tasklist-diagram_0] 
3:10:28 PM info -  [DefaultGLSPServer] process [action=saveModel, clientId=tasklist-diagram_0] 
3:10:29 PM info -  [DefaultGLSPServer] process [action=changeBounds, clientId=tasklist-diagram_0] 
3:10:29 PM info -  [DefaultGLSPServer] process [action=computedBounds, clientId=tasklist-diagram_0] 
3:10:30 PM info -  [DefaultGLSPServer] process [action=saveModel, clientId=tasklist-diagram_0] 
3:10:31 PM info -  [DefaultGLSPServer] process [action=compound, clientId=tasklist-diagram_0] 
3:10:31 PM info -  [DefaultGLSPServer] process [action=computedBounds, clientId=tasklist-diagram_0] 
3:10:32 PM info -  [DefaultGLSPServer] process [action=saveModel, clientId=tasklist-diagram_0] 
