4:29:47 PM info -  [SocketServerLauncher] The GLSP server is ready to accept new client requests on port: 54586 
4:29:47 PM info -  [SocketServerLauncher] Starting GLSP server connection 
4:29:47 PM info -  [DefaultGLSPServer] Initializing server with: applicationId: 487d7aeb-00e4-4a17-843e-76c669e1ea7c, protocolVersion: 1.0.0 
4:29:47 PM info -  [DefaultGLSPServer] Initializing client session with: clientSessionId: 'tasklist-diagram_0', diagramType: 'tasklist-diagram' 
4:29:47 PM info -  [DefaultGLSPServer] process [action=requestContextActions, clientId=tasklist-diagram_0] 
4:29:47 PM info -  [DefaultGLSPServer] process [action=requestModel, clientId=tasklist-diagram_0] 
4:29:47 PM info -  [DefaultGLSPServer] process [action=computedBounds, clientId=tasklist-diagram_0] 
4:29:47 PM info -  [DefaultGLSPServer] process [action=requestTypeHints, clientId=tasklist-diagram_0] 
4:29:54 PM info -  [DefaultGLSPServer] process [action=compound, clientId=tasklist-diagram_0] 
4:29:54 PM info -  [DefaultGLSPServer] process [action=computedBounds, clientId=tasklist-diagram_0] 
4:29:55 PM info -  [DefaultGLSPServer] process [action=requestPopupModel, clientId=tasklist-diagram_0] 
4:29:55 PM warn -  [RequestPopupModelActionHandler] Could not process `RequestPopupModelAction`. No `PopupModelFactory` is bound 
4:29:55 PM info -  [DefaultGLSPServer] process [action=saveModel, clientId=tasklist-diagram_0] 
4:29:57 PM info -  [DefaultGLSPServer] process [action=compound, clientId=tasklist-diagram_0] 
4:29:57 PM info -  [DefaultGLSPServer] process [action=computedBounds, clientId=tasklist-diagram_0] 
4:29:58 PM info -  [DefaultGLSPServer] process [action=requestPopupModel, clientId=tasklist-diagram_0] 
4:29:58 PM warn -  [RequestPopupModelActionHandler] Could not process `RequestPopupModelAction`. No `PopupModelFactory` is bound 
4:29:58 PM info -  [DefaultGLSPServer] process [action=saveModel, clientId=tasklist-diagram_0] 
4:29:59 PM info -  [DefaultGLSPServer] process [action=compound, clientId=tasklist-diagram_0] 
4:29:59 PM info -  [DefaultGLSPServer] process [action=computedBounds, clientId=tasklist-diagram_0] 
4:30:00 PM info -  [DefaultGLSPServer] process [action=saveModel, clientId=tasklist-diagram_0] 
4:30:00 PM info -  [DefaultGLSPServer] process [action=compound, clientId=tasklist-diagram_0] 
4:30:00 PM info -  [DefaultGLSPServer] process [action=computedBounds, clientId=tasklist-diagram_0] 
4:30:01 PM info -  [DefaultGLSPServer] process [action=saveModel, clientId=tasklist-diagram_0] 
4:33:01 PM info -  [DefaultGLSPServer] process [action=requestPopupModel, clientId=tasklist-diagram_0] 
4:33:01 PM warn -  [RequestPopupModelActionHandler] Could not process `RequestPopupModelAction`. No `PopupModelFactory` is bound 
4:33:01 PM info -  [DefaultGLSPServer] process [action=compound, clientId=tasklist-diagram_0] 
4:33:01 PM info -  [DefaultGLSPServer] process [action=computedBounds, clientId=tasklist-diagram_0] 
4:33:02 PM info -  [DefaultGLSPServer] process [action=saveModel, clientId=tasklist-diagram_0] 
4:33:07 PM info -  [DefaultGLSPServer] process [action=compound, clientId=tasklist-diagram_0] 
4:33:07 PM info -  [DefaultGLSPServer] process [action=computedBounds, clientId=tasklist-diagram_0] 
4:33:07 PM info -  [DefaultGLSPServer] process [action=requestPopupModel, clientId=tasklist-diagram_0] 
4:33:07 PM warn -  [RequestPopupModelActionHandler] Could not process `RequestPopupModelAction`. No `PopupModelFactory` is bound 
4:33:08 PM info -  [DefaultGLSPServer] process [action=saveModel, clientId=tasklist-diagram_0] 
4:33:11 PM info -  [DefaultGLSPServer] process [action=compound, clientId=tasklist-diagram_0] 
4:33:11 PM info -  [DefaultGLSPServer] process [action=computedBounds, clientId=tasklist-diagram_0] 
4:33:12 PM info -  [DefaultGLSPServer] process [action=saveModel, clientId=tasklist-diagram_0] 
4:33:57 PM info -  [DefaultGLSPServer] process [action=compound, clientId=tasklist-diagram_0] 
4:33:57 PM info -  [DefaultGLSPServer] process [action=computedBounds, clientId=tasklist-diagram_0] 
4:33:58 PM info -  [DefaultGLSPServer] process [action=requestPopupModel, clientId=tasklist-diagram_0] 
4:33:58 PM warn -  [RequestPopupModelActionHandler] Could not process `RequestPopupModelAction`. No `PopupModelFactory` is bound 
4:33:58 PM info -  [DefaultGLSPServer] process [action=saveModel, clientId=tasklist-diagram_0] 
4:33:59 PM info -  [DefaultGLSPServer] process [action=compound, clientId=tasklist-diagram_0] 
4:33:59 PM info -  [DefaultGLSPServer] process [action=computedBounds, clientId=tasklist-diagram_0] 
4:34:00 PM info -  [DefaultGLSPServer] process [action=saveModel, clientId=tasklist-diagram_0] 
4:34:01 PM info -  [DefaultGLSPServer] process [action=compound, clientId=tasklist-diagram_0] 
4:34:01 PM info -  [DefaultGLSPServer] process [action=computedBounds, clientId=tasklist-diagram_0] 
4:34:02 PM info -  [DefaultGLSPServer] process [action=saveModel, clientId=tasklist-diagram_0] 
4:34:04 PM info -  [DefaultGLSPServer] process [action=compound, clientId=tasklist-diagram_0] 
4:34:04 PM info -  [DefaultGLSPServer] process [action=computedBounds, clientId=tasklist-diagram_0] 
4:34:05 PM info -  [DefaultGLSPServer] process [action=saveModel, clientId=tasklist-diagram_0] 
4:34:07 PM info -  [DefaultGLSPServer] process [action=compound, clientId=tasklist-diagram_0] 
4:34:07 PM info -  [DefaultGLSPServer] process [action=computedBounds, clientId=tasklist-diagram_0] 
4:34:08 PM info -  [DefaultGLSPServer] process [action=saveModel, clientId=tasklist-diagram_0] 
