12:57:27 PM info -  [SocketServerLauncher] The GLSP server is ready to accept new client requests on port: 49726 
12:57:27 PM info -  [SocketServerLauncher] Starting GLSP server connection 
12:57:27 PM info -  [DefaultGLSPServer] Initializing server with: applicationId: 7697009a-363b-4a13-acfb-facedc5b4afc, protocolVersion: 1.0.0 
12:57:27 PM info -  [DefaultGLSPServer] Initializing client session with: clientSessionId: 'tasklist-diagram_0', diagramType: 'tasklist-diagram' 
12:57:27 PM info -  [DefaultGLSPServer] process [action=requestContextActions, clientId=tasklist-diagram_0] 
12:57:27 PM info -  [DefaultGLSPServer] process [action=requestModel, clientId=tasklist-diagram_0] 
12:57:27 PM info -  [DefaultGLSPServer] process [action=computedBounds, clientId=tasklist-diagram_0] 
12:57:27 PM info -  [DefaultGLSPServer] process [action=requestTypeHints, clientId=tasklist-diagram_0] 
12:57:29 PM info -  [DefaultGLSPServer] process [action=compound, clientId=tasklist-diagram_0] 
12:57:29 PM info -  [DefaultGLSPServer] process [action=computedBounds, clientId=tasklist-diagram_0] 
12:57:30 PM info -  [DefaultGLSPServer] process [action=changeBounds, clientId=tasklist-diagram_0] 
12:57:30 PM info -  [DefaultGLSPServer] process [action=computedBounds, clientId=tasklist-diagram_0] 
12:57:31 PM info -  [DefaultGLSPServer] process [action=saveModel, clientId=tasklist-diagram_0] 
12:57:33 PM info -  [DefaultGLSPServer] process [action=requestPopupModel, clientId=tasklist-diagram_0] 
12:57:33 PM warn -  [RequestPopupModelActionHandler] Could not process `RequestPopupModelAction`. No `PopupModelFactory` is bound 
12:57:35 PM info -  [DefaultGLSPServer] process [action=compound, clientId=tasklist-diagram_0] 
12:57:35 PM info -  [DefaultGLSPServer] process [action=computedBounds, clientId=tasklist-diagram_0] 
12:57:36 PM info -  [DefaultGLSPServer] process [action=saveModel, clientId=tasklist-diagram_0] 
12:57:39 PM info -  [DefaultGLSPServer] process [action=requestPopupModel, clientId=tasklist-diagram_0] 
12:57:39 PM warn -  [RequestPopupModelActionHandler] Could not process `RequestPopupModelAction`. No `PopupModelFactory` is bound 
12:57:41 PM info -  [DefaultGLSPServer] process [action=compound, clientId=tasklist-diagram_0] 
12:57:41 PM info -  [DefaultGLSPServer] process [action=computedBounds, clientId=tasklist-diagram_0] 
12:57:42 PM info -  [DefaultGLSPServer] process [action=saveModel, clientId=tasklist-diagram_0] 
12:57:50 PM info -  [DefaultGLSPServer] process [action=createNode, clientId=tasklist-diagram_0] 
12:57:50 PM info -  [DefaultGLSPServer] process [action=computedBounds, clientId=tasklist-diagram_0] 
12:57:50 PM info -  [DefaultGLSPServer] process [action=compound, clientId=tasklist-diagram_0] 
12:57:50 PM info -  [DefaultGLSPServer] process [action=computedBounds, clientId=tasklist-diagram_0] 
12:57:51 PM info -  [DefaultGLSPServer] process [action=saveModel, clientId=tasklist-diagram_0] 
12:57:51 PM info -  [DefaultGLSPServer] process [action=compound, clientId=tasklist-diagram_0] 
12:57:51 PM info -  [DefaultGLSPServer] process [action=computedBounds, clientId=tasklist-diagram_0] 
12:57:52 PM info -  [DefaultGLSPServer] process [action=saveModel, clientId=tasklist-diagram_0] 
12:57:53 PM info -  [DefaultGLSPServer] process [action=compound, clientId=tasklist-diagram_0] 
12:57:53 PM info -  [DefaultGLSPServer] process [action=computedBounds, clientId=tasklist-diagram_0] 
12:57:54 PM info -  [DefaultGLSPServer] process [action=saveModel, clientId=tasklist-diagram_0] 
12:57:55 PM info -  [DefaultGLSPServer] process [action=requestPopupModel, clientId=tasklist-diagram_0] 
12:57:55 PM warn -  [RequestPopupModelActionHandler] Could not process `RequestPopupModelAction`. No `PopupModelFactory` is bound 
12:57:55 PM info -  [DefaultGLSPServer] process [action=changeBounds, clientId=tasklist-diagram_0] 
12:57:55 PM info -  [DefaultGLSPServer] process [action=computedBounds, clientId=tasklist-diagram_0] 
12:57:56 PM info -  [DefaultGLSPServer] process [action=saveModel, clientId=tasklist-diagram_0] 
12:57:57 PM info -  [DefaultGLSPServer] process [action=changeBounds, clientId=tasklist-diagram_0] 
12:57:57 PM info -  [DefaultGLSPServer] process [action=computedBounds, clientId=tasklist-diagram_0] 
12:57:58 PM info -  [DefaultGLSPServer] process [action=saveModel, clientId=tasklist-diagram_0] 
12:58:00 PM info -  [DefaultGLSPServer] process [action=changeBounds, clientId=tasklist-diagram_0] 
12:58:00 PM info -  [DefaultGLSPServer] process [action=computedBounds, clientId=tasklist-diagram_0] 
12:58:01 PM info -  [DefaultGLSPServer] process [action=saveModel, clientId=tasklist-diagram_0] 
12:58:02 PM info -  [DefaultGLSPServer] process [action=changeBounds, clientId=tasklist-diagram_0] 
12:58:02 PM info -  [DefaultGLSPServer] process [action=computedBounds, clientId=tasklist-diagram_0] 
12:58:03 PM info -  [DefaultGLSPServer] process [action=saveModel, clientId=tasklist-diagram_0] 
